[    0.000000] Linux version 6.9.10-200.fc40.x86_64 (mockbuild@3f50f99761a14aa3ac494c275ea00198) (gcc (GCC) 14.1.1 20240701 (Red Hat 14.1.1-7), GNU ld version 2.41-37.fc40) #1 SMP PREEMPT_DYNAMIC Thu Jul 18 21:39:30 UTC 2024
[    0.000000] Command line: BOOT_IMAGE=(hd0,msdos1)/boot/vmlinuz-6.9.10-200.fc40.x86_64 root=UUID=36902a88-f924-4e4b-939b-7b0a62f42ae2 ro resume=UUID=032bf7b1-d85c-4f41-bd13-4c42af4fba65 iommu=force intel_iommu=on quiet
[    0.000000] BIOS-provided physical RAM map:
[    0.000000] BIOS-e820: [mem 0x0000000000000000-0x000000000009cfff] usable
[    0.000000] BIOS-e820: [mem 0x000000000009d000-0x000000000009ffff] reserved
[    0.000000] BIOS-e820: [mem 0x00000000000e0000-0x00000000000fffff] reserved
[    0.000000] BIOS-e820: [mem 0x0000000000100000-0x00000000b9bbefff] usable
[    0.000000] BIOS-e820: [mem 0x00000000b9bbf000-0x00000000cca8ffff] reserved
[    0.000000] BIOS-e820: [mem 0x00000000cca90000-0x00000000cca90fff] ACPI NVS
[    0.000000] BIOS-e820: [mem 0x00000000cca91000-0x00000000d7f7dfff] reserved
[    0.000000] BIOS-e820: [mem 0x00000000d7f7e000-0x00000000d7fcdfff] ACPI NVS
[    0.000000] BIOS-e820: [mem 0x00000000d7fce000-0x00000000d7ffdfff] ACPI data
[    0.000000] BIOS-e820: [mem 0x00000000d7ffe000-0x00000000d80fffff] reserved
[    0.000000] BIOS-e820: [mem 0x00000000d8600000-0x00000000dc7fffff] reserved
[    0.000000] BIOS-e820: [mem 0x00000000f8000000-0x00000000fbffffff] reserved
[    0.000000] BIOS-e820: [mem 0x00000000fd000000-0x00000000fe7fffff] reserved
[    0.000000] BIOS-e820: [mem 0x00000000fec00000-0x00000000fec00fff] reserved
[    0.000000] BIOS-e820: [mem 0x00000000fed00000-0x00000000fed00fff] reserved
[    0.000000] BIOS-e820: [mem 0x00000000fed10000-0x00000000fed19fff] reserved
[    0.000000] BIOS-e820: [mem 0x00000000fed84000-0x00000000fed84fff] reserved
[    0.000000] BIOS-e820: [mem 0x00000000fee00000-0x00000000fee00fff] reserved
[    0.000000] BIOS-e820: [mem 0x00000000ff800000-0x00000000ffffffff] reserved
[    0.000000] BIOS-e820: [mem 0x0000000100000000-0x00000003227fffff] usable
[    0.000000] NX (Execute Disable) protection: active
[    0.000000] APIC: Static calls initialized
[    0.000000] SMBIOS 2.8 present.
[    0.000000] DMI: LENOVO 20F9CTO1WW/20F9CTO1WW, BIOS N1CET43W (1.11 ) 04/14/2016
[    0.000000] tsc: Detected 2400.000 MHz processor
[    0.001121] e820: update [mem 0x00000000-0x00000fff] usable ==> reserved
[    0.001125] e820: remove [mem 0x000a0000-0x000fffff] usable
[    0.001140] last_pfn = 0x322800 max_arch_pfn = 0x400000000
[    0.001145] MTRR map: 4 entries (3 fixed + 1 variable; max 23), built from 10 variable MTRRs
[    0.001148] x86/PAT: Configuration [0-7]: WB  WC  UC- UC  WB  WP  UC- WT  
[    0.001519] last_pfn = 0xb9bbf max_arch_pfn = 0x400000000
[    0.011795] Using GB pages for direct mapping
[    0.012343] RAMDISK: [mem 0x33b27000-0x35d8bfff]
[    0.012350] ACPI: Early table checksum verification disabled
[    0.012353] ACPI: RSDP 0x00000000000F0120 000024 (v02 LENOVO)
[    0.012359] ACPI: XSDT 0x00000000D7FCF188 0000E4 (v01 LENOVO TP-N1C   00000000 PTEC 00000002)
[    0.012366] ACPI: FACP 0x00000000D7FF1000 0000F4 (v05 LENOVO TP-N1C   00001110 PTEC 00000002)
[    0.012373] ACPI: DSDT 0x00000000D7FDA000 012361 (v02 LENOVO TP-N1C   00001110 INTL 20141107)
[    0.012378] ACPI: FACS 0x00000000D7F98000 000040
[    0.012381] ACPI: TCPA 0x00000000D7FFB000 000032 (v02 LENOVO TP-N1C   00000002 PTEC 00000002)
[    0.012386] ACPI: SSDT 0x00000000D7FFA000 0004B7 (v02 LENOVO Tpm2Tabl 00001000 INTL 20141107)
[    0.012390] ACPI: SSDT 0x00000000D7FF9000 00004B (v02 LENOVO MeSsdt   00003000 INTL 20141107)
[    0.012394] ACPI: TPM2 0x00000000D7FF8000 000034 (v03 LENOVO TP-N1C   00001110 PTEC 00000002)
[    0.012399] ACPI: UEFI 0x00000000D7FAF000 000042 (v01 LENOVO TP-N1C   00001110 PTEC 00000002)
[    0.012403] ACPI: SSDT 0x00000000D7FF3000 004E0A (v02 LENOVO SaSsdt   00003000 INTL 20141107)
[    0.012407] ACPI: SSDT 0x00000000D7FF2000 0005C5 (v02 LENOVO PerfTune 00001000 INTL 20141107)
[    0.012411] ACPI: ECDT 0x00000000D7FF0000 000052 (v01 LENOVO TP-N1C   00001110 PTEC 00000002)
[    0.012415] ACPI: HPET 0x00000000D7FEF000 000038 (v01 LENOVO TP-N1C   00001110 PTEC 00000002)
[    0.012419] ACPI: APIC 0x00000000D7FEE000 0000BC (v03 LENOVO TP-N1C   00001110 PTEC 00000002)
[    0.012423] ACPI: MCFG 0x00000000D7FED000 00003C (v01 LENOVO TP-N1C   00001110 PTEC 00000002)
[    0.012427] ACPI: SSDT 0x00000000D7FD8000 0018D2 (v01 LENOVO SataAhci 00001000 INTL 20141107)
[    0.012432] ACPI: DBGP 0x00000000D7FD7000 000034 (v01 LENOVO TP-N1C   00001110 PTEC 00000002)
[    0.012436] ACPI: DBG2 0x00000000D7FD6000 000054 (v00 LENOVO TP-N1C   00001110 PTEC 00000002)
[    0.012440] ACPI: BOOT 0x00000000D7FD5000 000028 (v01 LENOVO TP-N1C   00001110 PTEC 00000002)
[    0.012444] ACPI: BATB 0x00000000D7FD4000 000046 (v01 LENOVO TP-N1C   00001110 PTEC 00000002)
[    0.012448] ACPI: SSDT 0x00000000D7FD3000 000E73 (v02 LENOVO CpuSsdt  00003000 INTL 20141107)
[    0.012452] ACPI: SSDT 0x00000000D7FD2000 000403 (v02 LENOVO CtdpB    00001000 INTL 20141107)
[    0.012456] ACPI: MSDM 0x00000000D7FD1000 000055 (v03 LENOVO TP-N1C   00001110 PTEC 00000002)
[    0.012461] ACPI: DMAR 0x00000000D7FD0000 0000A8 (v01 LENOVO TP-N1C   00001110 PTEC 00000002)
[    0.012465] ACPI: ASF! 0x00000000D7FFC000 0000A5 (v32 LENOVO TP-N1C   00001110 PTEC 00000002)
[    0.012469] ACPI: FPDT 0x00000000D7FCE000 000044 (v01 LENOVO TP-N1C   00001110 PTEC 00000002)
[    0.012473] ACPI: UEFI 0x00000000D7F96000 00012A (v01 LENOVO TP-N1C   00001110 PTEC 00000002)
[    0.012476] ACPI: Reserving FACP table memory at [mem 0xd7ff1000-0xd7ff10f3]
[    0.012478] ACPI: Reserving DSDT table memory at [mem 0xd7fda000-0xd7fec360]
[    0.012480] ACPI: Reserving FACS table memory at [mem 0xd7f98000-0xd7f9803f]
[    0.012481] ACPI: Reserving TCPA table memory at [mem 0xd7ffb000-0xd7ffb031]
[    0.012482] ACPI: Reserving SSDT table memory at [mem 0xd7ffa000-0xd7ffa4b6]
[    0.012483] ACPI: Reserving SSDT table memory at [mem 0xd7ff9000-0xd7ff904a]
[    0.012484] ACPI: Reserving TPM2 table memory at [mem 0xd7ff8000-0xd7ff8033]
[    0.012485] ACPI: Reserving UEFI table memory at [mem 0xd7faf000-0xd7faf041]
[    0.012486] ACPI: Reserving SSDT table memory at [mem 0xd7ff3000-0xd7ff7e09]
[    0.012487] ACPI: Reserving SSDT table memory at [mem 0xd7ff2000-0xd7ff25c4]
[    0.012488] ACPI: Reserving ECDT table memory at [mem 0xd7ff0000-0xd7ff0051]
[    0.012490] ACPI: Reserving HPET table memory at [mem 0xd7fef000-0xd7fef037]
[    0.012491] ACPI: Reserving APIC table memory at [mem 0xd7fee000-0xd7fee0bb]
[    0.012492] ACPI: Reserving MCFG table memory at [mem 0xd7fed000-0xd7fed03b]
[    0.012493] ACPI: Reserving SSDT table memory at [mem 0xd7fd8000-0xd7fd98d1]
[    0.012494] ACPI: Reserving DBGP table memory at [mem 0xd7fd7000-0xd7fd7033]
[    0.012495] ACPI: Reserving DBG2 table memory at [mem 0xd7fd6000-0xd7fd6053]
[    0.012496] ACPI: Reserving BOOT table memory at [mem 0xd7fd5000-0xd7fd5027]
[    0.012497] ACPI: Reserving BATB table memory at [mem 0xd7fd4000-0xd7fd4045]
[    0.012498] ACPI: Reserving SSDT table memory at [mem 0xd7fd3000-0xd7fd3e72]
[    0.012499] ACPI: Reserving SSDT table memory at [mem 0xd7fd2000-0xd7fd2402]
[    0.012501] ACPI: Reserving MSDM table memory at [mem 0xd7fd1000-0xd7fd1054]
[    0.012502] ACPI: Reserving DMAR table memory at [mem 0xd7fd0000-0xd7fd00a7]
[    0.012503] ACPI: Reserving ASF! table memory at [mem 0xd7ffc000-0xd7ffc0a4]
[    0.012504] ACPI: Reserving FPDT table memory at [mem 0xd7fce000-0xd7fce043]
[    0.012505] ACPI: Reserving UEFI table memory at [mem 0xd7f96000-0xd7f96129]
[    0.012752] No NUMA configuration found
[    0.012754] Faking a node at [mem 0x0000000000000000-0x00000003227fffff]
[    0.012767] NODE_DATA(0) allocated [mem 0x3227d5000-0x3227fffff]
[    0.013054] Zone ranges:
[    0.013055]   DMA      [mem 0x0000000000001000-0x0000000000ffffff]
[    0.013058]   DMA32    [mem 0x0000000001000000-0x00000000ffffffff]
[    0.013060]   Normal   [mem 0x0000000100000000-0x00000003227fffff]
[    0.013062]   Device   empty
[    0.013063] Movable zone start for each node
[    0.013067] Early memory node ranges
[    0.013068]   node   0: [mem 0x0000000000001000-0x000000000009cfff]
[    0.013070]   node   0: [mem 0x0000000000100000-0x00000000b9bbefff]
[    0.013072]   node   0: [mem 0x0000000100000000-0x00000003227fffff]
[    0.013075] Initmem setup node 0 [mem 0x0000000000001000-0x00000003227fffff]
[    0.013081] On node 0, zone DMA: 1 pages in unavailable ranges
[    0.013120] On node 0, zone DMA: 99 pages in unavailable ranges
[    0.041587] On node 0, zone Normal: 25665 pages in unavailable ranges
[    0.041960] On node 0, zone Normal: 22528 pages in unavailable ranges
[    0.041971] Reserving Intel graphics memory at [mem 0xda800000-0xdc7fffff]
[    0.042126] ACPI: PM-Timer IO Port: 0x1808
[    0.042136] ACPI: LAPIC_NMI (acpi_id[0x01] high edge lint[0x1])
[    0.042138] ACPI: LAPIC_NMI (acpi_id[0x02] high edge lint[0x1])
[    0.042139] ACPI: LAPIC_NMI (acpi_id[0x03] high edge lint[0x1])
[    0.042140] ACPI: LAPIC_NMI (acpi_id[0x04] high edge lint[0x1])
[    0.042141] ACPI: LAPIC_NMI (acpi_id[0x05] high edge lint[0x1])
[    0.042142] ACPI: LAPIC_NMI (acpi_id[0x06] high edge lint[0x1])
[    0.042143] ACPI: LAPIC_NMI (acpi_id[0x07] high edge lint[0x1])
[    0.042144] ACPI: LAPIC_NMI (acpi_id[0x08] high edge lint[0x1])
[    0.042172] IOAPIC[0]: apic_id 2, version 32, address 0xfec00000, GSI 0-119
[    0.042175] ACPI: INT_SRC_OVR (bus 0 bus_irq 0 global_irq 2 dfl dfl)
[    0.042178] ACPI: INT_SRC_OVR (bus 0 bus_irq 9 global_irq 9 high level)
[    0.042183] ACPI: Using ACPI (MADT) for SMP configuration information
[    0.042185] ACPI: HPET id: 0x8086a201 base: 0xfed00000
[    0.042189] TSC deadline timer available
[    0.042195] CPU topo: Max. logical packages:   1
[    0.042196] CPU topo: Max. logical dies:       1
[    0.042197] CPU topo: Max. dies per package:   1
[    0.042202] CPU topo: Max. threads per core:   2
[    0.042203] CPU topo: Num. cores per package:     2
[    0.042204] CPU topo: Num. threads per package:   4
[    0.042205] CPU topo: Allowing 4 present CPUs plus 0 hotplug CPUs
[    0.042224] PM: hibernation: Registered nosave memory: [mem 0x00000000-0x00000fff]
[    0.042227] PM: hibernation: Registered nosave memory: [mem 0x0009d000-0x0009ffff]
[    0.042229] PM: hibernation: Registered nosave memory: [mem 0x000a0000-0x000dffff]
[    0.042230] PM: hibernation: Registered nosave memory: [mem 0x000e0000-0x000fffff]
[    0.042231] PM: hibernation: Registered nosave memory: [mem 0xb9bbf000-0xcca8ffff]
[    0.042233] PM: hibernation: Registered nosave memory: [mem 0xcca90000-0xcca90fff]
[    0.042234] PM: hibernation: Registered nosave memory: [mem 0xcca91000-0xd7f7dfff]
[    0.042235] PM: hibernation: Registered nosave memory: [mem 0xd7f7e000-0xd7fcdfff]
[    0.042236] PM: hibernation: Registered nosave memory: [mem 0xd7fce000-0xd7ffdfff]
[    0.042237] PM: hibernation: Registered nosave memory: [mem 0xd7ffe000-0xd80fffff]
[    0.042238] PM: hibernation: Registered nosave memory: [mem 0xd8100000-0xd85fffff]
[    0.042239] PM: hibernation: Registered nosave memory: [mem 0xd8600000-0xdc7fffff]
[    0.042240] PM: hibernation: Registered nosave memory: [mem 0xdc800000-0xf7ffffff]
[    0.042241] PM: hibernation: Registered nosave memory: [mem 0xf8000000-0xfbffffff]
[    0.042242] PM: hibernation: Registered nosave memory: [mem 0xfc000000-0xfcffffff]
[    0.042243] PM: hibernation: Registered nosave memory: [mem 0xfd000000-0xfe7fffff]
[    0.042243] PM: hibernation: Registered nosave memory: [mem 0xfe800000-0xfebfffff]
[    0.042244] PM: hibernation: Registered nosave memory: [mem 0xfec00000-0xfec00fff]
[    0.042245] PM: hibernation: Registered nosave memory: [mem 0xfec01000-0xfecfffff]
[    0.042246] PM: hibernation: Registered nosave memory: [mem 0xfed00000-0xfed00fff]
[    0.042247] PM: hibernation: Registered nosave memory: [mem 0xfed01000-0xfed0ffff]
[    0.042248] PM: hibernation: Registered nosave memory: [mem 0xfed10000-0xfed19fff]
[    0.042249] PM: hibernation: Registered nosave memory: [mem 0xfed1a000-0xfed83fff]
[    0.042250] PM: hibernation: Registered nosave memory: [mem 0xfed84000-0xfed84fff]
[    0.042251] PM: hibernation: Registered nosave memory: [mem 0xfed85000-0xfedfffff]
[    0.042252] PM: hibernation: Registered nosave memory: [mem 0xfee00000-0xfee00fff]
[    0.042253] PM: hibernation: Registered nosave memory: [mem 0xfee01000-0xff7fffff]
[    0.042254] PM: hibernation: Registered nosave memory: [mem 0xff800000-0xffffffff]
[    0.042256] [mem 0xdc800000-0xf7ffffff] available for PCI devices
[    0.042258] Booting paravirtualized kernel on bare hardware
[    0.042260] clocksource: refined-jiffies: mask: 0xffffffff max_cycles: 0xffffffff, max_idle_ns: 1910969940391419 ns
[    0.051594] setup_percpu: NR_CPUS:8192 nr_cpumask_bits:4 nr_cpu_ids:4 nr_node_ids:1
[    0.051920] percpu: Embedded 87 pages/cpu s233472 r8192 d114688 u524288
[    0.051928] pcpu-alloc: s233472 r8192 d114688 u524288 alloc=1*2097152
[    0.051931] pcpu-alloc: [0] 0 1 2 3 
[    0.051955] Kernel command line: BOOT_IMAGE=(hd0,msdos1)/boot/vmlinuz-6.9.10-200.fc40.x86_64 root=UUID=36902a88-f924-4e4b-939b-7b0a62f42ae2 ro resume=UUID=032bf7b1-d85c-4f41-bd13-4c42af4fba65 iommu=force intel_iommu=on quiet
[    0.052054] DMAR: IOMMU enabled
[    0.052075] Unknown kernel command line parameters "BOOT_IMAGE=(hd0,msdos1)/boot/vmlinuz-6.9.10-200.fc40.x86_64", will be passed to user space.
[    0.052109] random: crng init done
[    0.054014] Dentry cache hash table entries: 2097152 (order: 12, 16777216 bytes, linear)
[    0.054982] Inode-cache hash table entries: 1048576 (order: 11, 8388608 bytes, linear)
[    0.055074] Fallback order for Node 0: 0 
[    0.055079] Built 1 zonelists, mobility grouping on.  Total pages: 2952112
[    0.055080] Policy zone: Normal
[    0.055360] mem auto-init: stack:all(zero), heap alloc:on, heap free:off
[    0.055369] software IO TLB: area num 4.
[    0.107010] Memory: 11617656K/11996524K available (20480K kernel code, 4290K rwdata, 15104K rodata, 4700K init, 5356K bss, 378608K reserved, 0K cma-reserved)
[    0.108234] SLUB: HWalign=64, Order=0-3, MinObjects=0, CPUs=4, Nodes=1
[    0.108262] Kernel/User page tables isolation: enabled
[    0.108303] ftrace: allocating 55392 entries in 217 pages
[    0.119918] ftrace: allocated 217 pages with 5 groups
[    0.121027] Dynamic Preempt: voluntary
[    0.121097] rcu: Preemptible hierarchical RCU implementation.
[    0.121098] rcu: 	RCU restricting CPUs from NR_CPUS=8192 to nr_cpu_ids=4.
[    0.121100] 	Trampoline variant of Tasks RCU enabled.
[    0.121101] 	Rude variant of Tasks RCU enabled.
[    0.121101] 	Tracing variant of Tasks RCU enabled.
[    0.121102] rcu: RCU calculated value of scheduler-enlistment delay is 100 jiffies.
[    0.121103] rcu: Adjusting geometry for rcu_fanout_leaf=16, nr_cpu_ids=4
[    0.121109] RCU Tasks: Setting shift to 2 and lim to 1 rcu_task_cb_adjust=1.
[    0.121111] RCU Tasks Rude: Setting shift to 2 and lim to 1 rcu_task_cb_adjust=1.
[    0.121113] RCU Tasks Trace: Setting shift to 2 and lim to 1 rcu_task_cb_adjust=1.
[    0.127376] NR_IRQS: 524544, nr_irqs: 1024, preallocated irqs: 16
[    0.127628] rcu: srcu_init: Setting srcu_struct sizes based on contention.
[    0.127904] kfence: initialized - using 2097152 bytes for 255 objects at 0x(____ptrval____)-0x(____ptrval____)
[    0.131514] Console: colour VGA+ 80x25
[    0.131517] printk: legacy console [tty0] enabled
[    0.131567] ACPI: Core revision 20230628
[    0.131763] hpet: HPET dysfunctional in PC10. Force disabled.
[    0.131765] APIC: Switch to symmetric I/O mode setup
[    0.131768] DMAR: Host address width 39
[    0.131770] DMAR: DRHD base: 0x000000fed90000 flags: 0x0
[    0.131781] DMAR: dmar0: reg_base_addr fed90000 ver 1:0 cap 1c0000c40660462 ecap 7e3ff0505e
[    0.131784] DMAR: DRHD base: 0x000000fed91000 flags: 0x1
[    0.131789] DMAR: dmar1: reg_base_addr fed91000 ver 1:0 cap d2008c40660462 ecap f050da
[    0.131792] DMAR: RMRR base: 0x000000d7f2d000 end: 0x000000d7f4cfff
[    0.131795] DMAR: RMRR base: 0x000000da000000 end: 0x000000dc7fffff
[    0.131797] DMAR-IR: IOAPIC id 2 under DRHD base  0xfed91000 IOMMU 1
[    0.131799] DMAR-IR: HPET id 0 under DRHD base 0xfed91000
[    0.131801] DMAR-IR: x2apic is disabled because BIOS sets x2apic opt out bit.
[    0.131802] DMAR-IR: Use 'intremap=no_x2apic_optout' to override the BIOS setting.
[    0.133518] DMAR-IR: Enabled IRQ remapping in xapic mode
[    0.133520] x2apic: IRQ remapping doesn't support X2APIC mode
[    0.137489] clocksource: tsc-early: mask: 0xffffffffffffffff max_cycles: 0x22983777dd9, max_idle_ns: 440795300422 ns
[    0.137497] Calibrating delay loop (skipped), value calculated using timer frequency.. 4800.00 BogoMIPS (lpj=2400000)
[    0.137529] x86/cpu: SGX disabled by BIOS.
[    0.137535] CPU0: Thermal monitoring enabled (TM1)
[    0.137588] Last level iTLB entries: 4KB 64, 2MB 8, 4MB 8
[    0.137590] Last level dTLB entries: 4KB 64, 2MB 0, 4MB 0, 1GB 4
[    0.137595] process: using mwait in idle threads
[    0.137599] Spectre V1 : Mitigation: usercopy/swapgs barriers and __user pointer sanitization
[    0.137602] Spectre V2 : Mitigation: IBRS
[    0.137603] Spectre V2 : Spectre v2 / SpectreRSB mitigation: Filling RSB on context switch
[    0.137604] Spectre V2 : Spectre v2 / SpectreRSB : Filling RSB on VMEXIT
[    0.137606] RETBleed: Mitigation: IBRS
[    0.137608] Spectre V2 : mitigation: Enabling conditional Indirect Branch Prediction Barrier
[    0.137609] Spectre V2 : User space: Mitigation: STIBP via prctl
[    0.137612] Speculative Store Bypass: Mitigation: Speculative Store Bypass disabled via prctl
[    0.137619] MDS: Mitigation: Clear CPU buffers
[    0.137620] MMIO Stale Data: Mitigation: Clear CPU buffers
[    0.137624] SRBDS: Mitigation: Microcode
[    0.137625] GDS: Vulnerable: No microcode
[    0.137632] x86/fpu: Supporting XSAVE feature 0x001: 'x87 floating point registers'
[    0.137634] x86/fpu: Supporting XSAVE feature 0x002: 'SSE registers'
[    0.137636] x86/fpu: Supporting XSAVE feature 0x004: 'AVX registers'
[    0.137638] x86/fpu: Supporting XSAVE feature 0x008: 'MPX bounds registers'
[    0.137639] x86/fpu: Supporting XSAVE feature 0x010: 'MPX CSR'
[    0.137642] x86/fpu: xstate_offset[2]:  576, xstate_sizes[2]:  256
[    0.137644] x86/fpu: xstate_offset[3]:  832, xstate_sizes[3]:   64
[    0.137646] x86/fpu: xstate_offset[4]:  896, xstate_sizes[4]:   64
[    0.137648] x86/fpu: Enabled xstate features 0x1f, context size is 960 bytes, using 'compacted' format.
[    0.138494] Freeing SMP alternatives memory: 48K
[    0.138494] pid_max: default: 32768 minimum: 301
[    0.138494] LSM: initializing lsm=lockdown,capability,yama,selinux,bpf,landlock,ima,evm
[    0.138494] Yama: becoming mindful.
[    0.138494] SELinux:  Initializing.
[    0.138494] LSM support for eBPF active
[    0.138494] landlock: Up and running.
[    0.138494] Mount-cache hash table entries: 32768 (order: 6, 262144 bytes, linear)
[    0.138494] Mountpoint-cache hash table entries: 32768 (order: 6, 262144 bytes, linear)
[    0.138494] smpboot: CPU0: Intel(R) Core(TM) i5-6200U CPU @ 2.30GHz (family: 0x6, model: 0x4e, stepping: 0x3)
[    0.138494] Performance Events: PEBS fmt3+, Skylake events, 32-deep LBR, full-width counters, Intel PMU driver.
[    0.138494] ... version:                4
[    0.138494] ... bit width:              48
[    0.138494] ... generic registers:      4
[    0.138494] ... value mask:             0000ffffffffffff
[    0.138494] ... max period:             00007fffffffffff
[    0.138494] ... fixed-purpose events:   3
[    0.138494] ... event mask:             000000070000000f
[    0.138494] signal: max sigframe size: 2032
[    0.138494] Estimated ratio of average max frequency by base frequency (times 1024): 1152
[    0.138494] rcu: Hierarchical SRCU implementation.
[    0.138494] rcu: 	Max phase no-delay instances is 400.
[    0.138770] NMI watchdog: Enabled. Permanently consumes one hw-PMU counter.
[    0.138842] smp: Bringing up secondary CPUs ...
[    0.138994] smpboot: x86: Booting SMP configuration:
[    0.138996] .... node  #0, CPUs:      #1 #2 #3
[    0.142661] MDS CPU bug present and SMT on, data leak possible. See https://www.kernel.org/doc/html/latest/admin-guide/hw-vuln/mds.html for more details.
[    0.142661] MMIO Stale Data CPU bug present and SMT on, data leak possible. See https://www.kernel.org/doc/html/latest/admin-guide/hw-vuln/processor_mmio_stale_data.html for more details.
[    0.142661] smp: Brought up 1 node, 4 CPUs
[    0.142661] smpboot: Total of 4 processors activated (19200.00 BogoMIPS)
[    0.143990] devtmpfs: initialized
[    0.143990] x86/mm: Memory block size: 128MB
[    0.145708] ACPI: PM: Registering ACPI NVS region [mem 0xcca90000-0xcca90fff] (4096 bytes)
[    0.145708] ACPI: PM: Registering ACPI NVS region [mem 0xd7f7e000-0xd7fcdfff] (327680 bytes)
[    0.145708] clocksource: jiffies: mask: 0xffffffff max_cycles: 0xffffffff, max_idle_ns: 1911260446275000 ns
[    0.145708] futex hash table entries: 1024 (order: 4, 65536 bytes, linear)
[    0.145708] pinctrl core: initialized pinctrl subsystem
[    0.145907] PM: RTC time: 08:07:49, date: 2024-07-27
[    0.146817] NET: Registered PF_NETLINK/PF_ROUTE protocol family
[    0.147191] DMA: preallocated 2048 KiB GFP_KERNEL pool for atomic allocations
[    0.147349] DMA: preallocated 2048 KiB GFP_KERNEL|GFP_DMA pool for atomic allocations
[    0.147531] DMA: preallocated 2048 KiB GFP_KERNEL|GFP_DMA32 pool for atomic allocations
[    0.147570] audit: initializing netlink subsys (disabled)
[    0.147591] audit: type=2000 audit(1722067669.010:1): state=initialized audit_enabled=0 res=1
[    0.147733] thermal_sys: Registered thermal governor 'fair_share'
[    0.147736] thermal_sys: Registered thermal governor 'bang_bang'
[    0.147737] thermal_sys: Registered thermal governor 'step_wise'
[    0.147739] thermal_sys: Registered thermal governor 'user_space'
[    0.147748] cpuidle: using governor menu
[    0.147748] Simple Boot Flag at 0x47 set to 0x1
[    0.147748] acpiphp: ACPI Hot Plug PCI Controller Driver version: 0.5
[    0.147789] PCI: ECAM [mem 0xf8000000-0xfbffffff] (base 0xf8000000) for domain 0000 [bus 00-3f]
[    0.147809] PCI: Using configuration type 1 for base access
[    0.147950] kprobes: kprobe jump-optimization is enabled. All kprobes are optimized if possible.
[    0.148550] HugeTLB: registered 1.00 GiB page size, pre-allocated 0 pages
[    0.148550] HugeTLB: 16380 KiB vmemmap can be freed for a 1.00 GiB page
[    0.148550] HugeTLB: registered 2.00 MiB page size, pre-allocated 0 pages
[    0.148550] HugeTLB: 28 KiB vmemmap can be freed for a 2.00 MiB page
[    0.148804] Demotion targets for Node 0: null
[    0.148804] cryptd: max_cpu_qlen set to 1000
[    0.148804] raid6: skipped pq benchmark and selected avx2x4
[    0.148804] raid6: using avx2x2 recovery algorithm
[    0.148804] ACPI: Added _OSI(Module Device)
[    0.148804] ACPI: Added _OSI(Processor Device)
[    0.148804] ACPI: Added _OSI(3.0 _SCP Extensions)
[    0.148804] ACPI: Added _OSI(Processor Aggregator Device)
[    0.185212] ACPI: 8 ACPI AML tables successfully acquired and loaded
[    0.186179] ACPI: EC: EC started
[    0.186181] ACPI: EC: interrupt blocked
[    0.186851] ACPI: EC: EC_CMD/EC_SC=0x66, EC_DATA=0x62
[    0.186853] ACPI: EC: Boot ECDT EC used to handle transactions
[    0.187072] ACPI: [Firmware Bug]: BIOS _OSI(Linux) query ignored
[    0.194223] ACPI: Dynamic OEM Table Load:
[    0.194235] ACPI: SSDT 0xFFFF8B06812EB800 0003CF (v02 PmRef  Cpu0Cst  00003001 INTL 20141107)
[    0.195346] ACPI: Dynamic OEM Table Load:
[    0.195356] ACPI: SSDT 0xFFFF8B0680356000 00068B (v02 PmRef  Cpu0Ist  00003000 INTL 20141107)
[    0.196591] ACPI: Dynamic OEM Table Load:
[    0.196599] ACPI: SSDT 0xFFFF8B0680270D80 00008E (v02 PmRef  Cpu0Hwp  00003000 INTL 20141107)
[    0.197516] ACPI: Dynamic OEM Table Load:
[    0.197524] ACPI: SSDT 0xFFFF8B06802B0000 000130 (v02 PmRef  HwpLvt   00003000 INTL 20141107)
[    0.198800] ACPI: Dynamic OEM Table Load:
[    0.198811] ACPI: SSDT 0xFFFF8B0680355800 0005AA (v02 PmRef  ApIst    00003000 INTL 20141107)
[    0.200182] ACPI: Dynamic OEM Table Load:
[    0.200190] ACPI: SSDT 0xFFFF8B06802B1C00 000119 (v02 PmRef  ApHwp    00003000 INTL 20141107)
[    0.201220] ACPI: Dynamic OEM Table Load:
[    0.201228] ACPI: SSDT 0xFFFF8B06802B1800 000119 (v02 PmRef  ApCst    00003000 INTL 20141107)
[    0.203451] ACPI: _OSC evaluated successfully for all CPUs
[    0.203454] ACPI: Interpreter enabled
[    0.203513] ACPI: PM: (supports S0 S3 S4 S5)
[    0.203516] ACPI: Using IOAPIC for interrupt routing
[    0.204902] PCI: Using host bridge windows from ACPI; if necessary, use "pci=nocrs" and report a bug
[    0.204904] PCI: Using E820 reservations for host bridge windows
[    0.205154] ACPI: Enabled 5 GPEs in block 00 to 7F
[    0.208976] ACPI: \_SB_.PCI0.LPC_.EC__.PUBS: New power resource
[    0.209637] ACPI: \_SB_.PCI0.PEG0.PG00: New power resource
[    0.209763] ACPI: \_SB_.PCI0.PEG1.PG01: New power resource
[    0.209878] ACPI: \_SB_.PCI0.PEG2.PG02: New power resource
[    0.211987] ACPI: \_SB_.PCI0.EXP2.PXSX.WRST: New power resource
[    0.212103] ACPI: \_SB_.PCI0.EXP3.PXSX.WRST: New power resource
[    0.228416] ACPI: PCI: Interrupt link LNKA configured for IRQ 0
[    0.228419] ACPI: PCI: Interrupt link LNKA disabled
[    0.228505] ACPI: PCI: Interrupt link LNKB configured for IRQ 0
[    0.228506] ACPI: PCI: Interrupt link LNKB disabled
[    0.228592] ACPI: PCI: Interrupt link LNKC configured for IRQ 0
[    0.228593] ACPI: PCI: Interrupt link LNKC disabled
[    0.228674] ACPI: PCI: Interrupt link LNKD configured for IRQ 0
[    0.228676] ACPI: PCI: Interrupt link LNKD disabled
[    0.228758] ACPI: PCI: Interrupt link LNKE configured for IRQ 0
[    0.228759] ACPI: PCI: Interrupt link LNKE disabled
[    0.228840] ACPI: PCI: Interrupt link LNKF configured for IRQ 0
[    0.228842] ACPI: PCI: Interrupt link LNKF disabled
[    0.228923] ACPI: PCI: Interrupt link LNKG configured for IRQ 0
[    0.228924] ACPI: PCI: Interrupt link LNKG disabled
[    0.229005] ACPI: PCI: Interrupt link LNKH configured for IRQ 0
[    0.229006] ACPI: PCI: Interrupt link LNKH disabled
[    0.229138] ACPI: PCI Root Bridge [PCI0] (domain 0000 [bus 00-3f])
[    0.229146] acpi PNP0A08:00: _OSC: OS supports [ExtendedConfig ASPM ClockPM Segments MSI EDR HPX-Type3]
[    0.229211] acpi PNP0A08:00: _OSC: platform does not support [SHPCHotplug PCIeCapability LTR DPC]
[    0.229261] acpi PNP0A08:00: _OSC: not requesting control; platform does not support [PCIeCapability]
[    0.229264] acpi PNP0A08:00: _OSC: OS requested [PCIeHotplug SHPCHotplug PME AER PCIeCapability LTR DPC]
[    0.229267] acpi PNP0A08:00: _OSC: platform willing to grant [PCIeHotplug PME AER]
[    0.229269] acpi PNP0A08:00: _OSC: platform retains control of PCIe features (AE_SUPPORT)
[    0.230498] PCI host bridge to bus 0000:00
[    0.230498] pci_bus 0000:00: root bus resource [io  0x0000-0x0cf7 window]
[    0.230498] pci_bus 0000:00: root bus resource [io  0x0d00-0xffff window]
[    0.230498] pci_bus 0000:00: root bus resource [mem 0x000a0000-0x000bffff window]
[    0.230498] pci_bus 0000:00: root bus resource [mem 0xdc800000-0xfebfffff window]
[    0.230498] pci_bus 0000:00: root bus resource [bus 00-3f]
[    0.230498] pci 0000:00:00.0: [8086:1904] type 00 class 0x060000 conventional PCI endpoint
[    0.230498] pci 0000:00:02.0: [8086:1916] type 00 class 0x030000 PCIe Root Complex Integrated Endpoint
[    0.230498] pci 0000:00:02.0: BAR 0 [mem 0xf0000000-0xf0ffffff 64bit]
[    0.230498] pci 0000:00:02.0: BAR 2 [mem 0xe0000000-0xefffffff 64bit pref]
[    0.230498] pci 0000:00:02.0: BAR 4 [io  0xe000-0xe03f]
[    0.230498] pci 0000:00:02.0: Video device with shadowed ROM at [mem 0x000c0000-0x000dffff]
[    0.230498] pci 0000:00:08.0: [8086:1911] type 00 class 0x088000 conventional PCI endpoint
[    0.230498] pci 0000:00:08.0: BAR 0 [mem 0xf124a000-0xf124afff 64bit]
[    0.230498] pci 0000:00:14.0: [8086:9d2f] type 00 class 0x0c0330 conventional PCI endpoint
[    0.230498] pci 0000:00:14.0: BAR 0 [mem 0xf1220000-0xf122ffff 64bit]
[    0.230498] pci 0000:00:14.0: PME# supported from D3hot D3cold
[    0.230956] pci 0000:00:14.2: [8086:9d31] type 00 class 0x118000 conventional PCI endpoint
[    0.230978] pci 0000:00:14.2: BAR 0 [mem 0xf124b000-0xf124bfff 64bit]
[    0.231121] pci 0000:00:16.0: [8086:9d3a] type 00 class 0x078000 conventional PCI endpoint
[    0.231144] pci 0000:00:16.0: BAR 0 [mem 0xf124c000-0xf124cfff 64bit]
[    0.231222] pci 0000:00:16.0: PME# supported from D3hot
[    0.231654] pci 0000:00:17.0: [8086:9d03] type 00 class 0x010601 conventional PCI endpoint
[    0.231670] pci 0000:00:17.0: BAR 0 [mem 0xf1248000-0xf1249fff]
[    0.231679] pci 0000:00:17.0: BAR 1 [mem 0xf124f000-0xf124f0ff]
[    0.231688] pci 0000:00:17.0: BAR 2 [io  0xe080-0xe087]
[    0.231697] pci 0000:00:17.0: BAR 3 [io  0xe088-0xe08b]
[    0.231705] pci 0000:00:17.0: BAR 4 [io  0xe060-0xe07f]
[    0.231714] pci 0000:00:17.0: BAR 5 [mem 0xf124d000-0xf124d7ff]
[    0.231760] pci 0000:00:17.0: PME# supported from D3hot
[    0.232183] pci 0000:00:1c.0: [8086:9d10] type 01 class 0x060400 PCIe Root Port
[    0.232208] pci 0000:00:1c.0: PCI bridge to [bus 02]
[    0.232215] pci 0000:00:1c.0:   bridge window [mem 0xf1100000-0xf11fffff]
[    0.232283] pci 0000:00:1c.0: PME# supported from D0 D3hot D3cold
[    0.232303] pci 0000:00:1c.0: Intel SPT PCH root port ACS workaround enabled
[    0.232952] pci 0000:00:1c.2: [8086:9d12] type 01 class 0x060400 PCIe Root Port
[    0.232977] pci 0000:00:1c.2: PCI bridge to [bus 04]
[    0.232983] pci 0000:00:1c.2:   bridge window [mem 0xf1000000-0xf10fffff]
[    0.233050] pci 0000:00:1c.2: PME# supported from D0 D3hot D3cold
[    0.233070] pci 0000:00:1c.2: Intel SPT PCH root port ACS workaround enabled
[    0.233730] pci 0000:00:1f.0: [8086:9d48] type 00 class 0x060100 conventional PCI endpoint
[    0.234262] pci 0000:00:1f.2: [8086:9d21] type 00 class 0x058000 conventional PCI endpoint
[    0.234279] pci 0000:00:1f.2: BAR 0 [mem 0xf1244000-0xf1247fff]
[    0.234738] pci 0000:00:1f.3: [8086:9d70] type 00 class 0x040300 conventional PCI endpoint
[    0.234764] pci 0000:00:1f.3: BAR 0 [mem 0xf1240000-0xf1243fff 64bit]
[    0.234800] pci 0000:00:1f.3: BAR 4 [mem 0xf1230000-0xf123ffff 64bit]
[    0.234855] pci 0000:00:1f.3: PME# supported from D3hot D3cold
[    0.235294] pci 0000:00:1f.4: [8086:9d23] type 00 class 0x0c0500 conventional PCI endpoint
[    0.235354] pci 0000:00:1f.4: BAR 0 [mem 0xf124e000-0xf124e0ff 64bit]
[    0.235426] pci 0000:00:1f.4: BAR 4 [io  0xefa0-0xefbf]
[    0.235908] pci 0000:00:1f.6: [8086:1570] type 00 class 0x020000 conventional PCI endpoint
[    0.235929] pci 0000:00:1f.6: BAR 0 [mem 0xf1200000-0xf121ffff]
[    0.236035] pci 0000:00:1f.6: PME# supported from D0 D3hot D3cold
[    0.236505] pci 0000:02:00.0: [10ec:522a] type 00 class 0xff0000 PCIe Endpoint
[    0.236527] pci 0000:02:00.0: BAR 0 [mem 0xf1100000-0xf1100fff]
[    0.236681] pci 0000:02:00.0: supports D1 D2
[    0.236683] pci 0000:02:00.0: PME# supported from D1 D2 D3hot D3cold
[    0.236899] pci 0000:00:1c.0: PCI bridge to [bus 02]
[    0.237168] pci 0000:04:00.0: [8086:24f3] type 00 class 0x028000 PCIe Endpoint
[    0.237256] pci 0000:04:00.0: BAR 0 [mem 0xf1000000-0xf1001fff 64bit]
[    0.238638] pci 0000:04:00.0: PME# supported from D0 D3hot D3cold
[    0.239392] pci 0000:00:1c.2: PCI bridge to [bus 04]
[    0.241785] ACPI: EC: interrupt unblocked
[    0.241787] ACPI: EC: event unblocked
[    0.241794] ACPI: EC: EC_CMD/EC_SC=0x66, EC_DATA=0x62
[    0.241796] ACPI: EC: GPE=0x16
[    0.241798] ACPI: \_SB_.PCI0.LPC_.EC__: Boot ECDT EC initialization complete
[    0.241801] ACPI: \_SB_.PCI0.LPC_.EC__: EC: Used to handle transactions and events
[    0.241919] iommu: Default domain type: Translated
[    0.241919] iommu: DMA domain TLB invalidation policy: lazy mode
[    0.241919] SCSI subsystem initialized
[    0.241919] libata version 3.00 loaded.
[    0.241919] ACPI: bus type USB registered
[    0.241919] usbcore: registered new interface driver usbfs
[    0.241919] usbcore: registered new interface driver hub
[    0.241919] usbcore: registered new device driver usb
[    0.241919] pps_core: LinuxPPS API ver. 1 registered
[    0.241919] pps_core: Software ver. 5.3.6 - Copyright 2005-2007 Rodolfo Giometti <giometti@linux.it>
[    0.241919] PTP clock support registered
[    0.241919] EDAC MC: Ver: 3.0.0
[    0.242799] NetLabel: Initializing
[    0.242801] NetLabel:  domain hash size = 128
[    0.242802] NetLabel:  protocols = UNLABELED CIPSOv4 CALIPSO
[    0.242832] NetLabel:  unlabeled traffic allowed by default
[    0.242838] mctp: management component transport protocol core
[    0.242840] NET: Registered PF_MCTP protocol family
[    0.242846] PCI: Using ACPI for IRQ routing
[    0.248864] PCI: pci_cache_line_size set to 64 bytes
[    0.249175] e820: reserve RAM buffer [mem 0x0009d000-0x0009ffff]
[    0.249178] e820: reserve RAM buffer [mem 0xb9bbf000-0xbbffffff]
[    0.249180] e820: reserve RAM buffer [mem 0x322800000-0x323ffffff]
[    0.249522] pci 0000:00:02.0: vgaarb: setting as boot VGA device
[    0.249522] pci 0000:00:02.0: vgaarb: bridge control possible
[    0.249522] pci 0000:00:02.0: vgaarb: VGA device added: decodes=io+mem,owns=io+mem,locks=none
[    0.249522] vgaarb: loaded
[    0.249603] clocksource: Switched to clocksource tsc-early
[    0.250489] VFS: Disk quotas dquot_6.6.0
[    0.250503] VFS: Dquot-cache hash table entries: 512 (order 0, 4096 bytes)
[    0.250598] pnp: PnP ACPI init
[    0.251101] pnp 00:00: disabling [mem 0x000c0000-0x000c3fff] because it overlaps 0000:00:02.0 BAR 6 [mem 0x000c0000-0x000dffff]
[    0.251106] pnp 00:00: disabling [mem 0x000c4000-0x000c7fff] because it overlaps 0000:00:02.0 BAR 6 [mem 0x000c0000-0x000dffff]
[    0.251109] pnp 00:00: disabling [mem 0x000c8000-0x000cbfff] because it overlaps 0000:00:02.0 BAR 6 [mem 0x000c0000-0x000dffff]
[    0.251112] pnp 00:00: disabling [mem 0x000cc000-0x000cffff] because it overlaps 0000:00:02.0 BAR 6 [mem 0x000c0000-0x000dffff]
[    0.251114] pnp 00:00: disabling [mem 0x000d0000-0x000d3fff] because it overlaps 0000:00:02.0 BAR 6 [mem 0x000c0000-0x000dffff]
[    0.251117] pnp 00:00: disabling [mem 0x000d4000-0x000d7fff] because it overlaps 0000:00:02.0 BAR 6 [mem 0x000c0000-0x000dffff]
[    0.251119] pnp 00:00: disabling [mem 0x000d8000-0x000dbfff] because it overlaps 0000:00:02.0 BAR 6 [mem 0x000c0000-0x000dffff]
[    0.251122] pnp 00:00: disabling [mem 0x000dc000-0x000dffff] because it overlaps 0000:00:02.0 BAR 6 [mem 0x000c0000-0x000dffff]
[    0.251163] system 00:00: [mem 0x00000000-0x0009ffff] could not be reserved
[    0.251166] system 00:00: [mem 0x000e0000-0x000e3fff] could not be reserved
[    0.251169] system 00:00: [mem 0x000e4000-0x000e7fff] could not be reserved
[    0.251171] system 00:00: [mem 0x000e8000-0x000ebfff] could not be reserved
[    0.251173] system 00:00: [mem 0x000ec000-0x000effff] could not be reserved
[    0.251175] system 00:00: [mem 0x000f0000-0x000fffff] could not be reserved
[    0.251177] system 00:00: [mem 0x00100000-0xdc7fffff] could not be reserved
[    0.251180] system 00:00: [mem 0xfec00000-0xfed3ffff] could not be reserved
[    0.251182] system 00:00: [mem 0xfed4c000-0xffffffff] could not be reserved
[    0.251320] system 00:01: [io  0x1800-0x189f] has been reserved
[    0.251324] system 00:01: [io  0x0800-0x087f] has been reserved
[    0.251326] system 00:01: [io  0x0880-0x08ff] has been reserved
[    0.251328] system 00:01: [io  0x0900-0x097f] has been reserved
[    0.251330] system 00:01: [io  0x0980-0x09ff] has been reserved
[    0.251332] system 00:01: [io  0x0a00-0x0a7f] has been reserved
[    0.251335] system 00:01: [io  0x0a80-0x0aff] has been reserved
[    0.251337] system 00:01: [io  0x0b00-0x0b7f] has been reserved
[    0.251339] system 00:01: [io  0x0b80-0x0bff] has been reserved
[    0.251341] system 00:01: [io  0x15e0-0x15ef] has been reserved
[    0.251343] system 00:01: [io  0x1600-0x167f] has been reserved
[    0.251345] system 00:01: [io  0x1640-0x165f] has been reserved
[    0.251349] system 00:01: [mem 0xf8000000-0xfbffffff] has been reserved
[    0.251352] system 00:01: [mem 0xfed10000-0xfed13fff] has been reserved
[    0.251355] system 00:01: [mem 0xfed18000-0xfed18fff] has been reserved
[    0.251357] system 00:01: [mem 0xfed19000-0xfed19fff] has been reserved
[    0.251360] system 00:01: [mem 0xfeb00000-0xfebfffff] has been reserved
[    0.251362] system 00:01: [mem 0xfed20000-0xfed3ffff] has been reserved
[    0.251365] system 00:01: [mem 0xfed90000-0xfed93fff] could not be reserved
[    0.251368] system 00:01: [mem 0xf7fe0000-0xf7ffffff] has been reserved
[    0.251540] system 00:05: [io  0x1854-0x1857] has been reserved
[    0.252217] system 00:06: [mem 0xfd000000-0xfdabffff] has been reserved
[    0.252221] system 00:06: [mem 0xfdad0000-0xfdadffff] has been reserved
[    0.252224] system 00:06: [mem 0xfdb00000-0xfdffffff] has been reserved
[    0.252226] system 00:06: [mem 0xfe000000-0xfe01ffff] has been reserved
[    0.252229] system 00:06: [mem 0xfe036000-0xfe03bfff] has been reserved
[    0.252232] system 00:06: [mem 0xfe03d000-0xfe3fffff] has been reserved
[    0.252235] system 00:06: [mem 0xfe410000-0xfe7fffff] has been reserved
[    0.252588] system 00:07: [io  0xff00-0xfffe] has been reserved
[    0.252679] pnp: PnP ACPI: found 8 devices
[    0.258878] clocksource: acpi_pm: mask: 0xffffff max_cycles: 0xffffff, max_idle_ns: 2085701024 ns
[    0.258967] NET: Registered PF_INET protocol family
[    0.259139] IP idents hash table entries: 262144 (order: 9, 2097152 bytes, linear)
[    0.283382] tcp_listen_portaddr_hash hash table entries: 8192 (order: 5, 131072 bytes, linear)
[    0.283419] Table-perturb hash table entries: 65536 (order: 6, 262144 bytes, linear)
[    0.283489] TCP established hash table entries: 131072 (order: 8, 1048576 bytes, linear)
[    0.283784] TCP bind hash table entries: 65536 (order: 9, 2097152 bytes, linear)
[    0.284104] TCP: Hash tables configured (established 131072 bind 65536)
[    0.284212] MPTCP token hash table entries: 16384 (order: 6, 393216 bytes, linear)
[    0.284303] UDP hash table entries: 8192 (order: 6, 262144 bytes, linear)
[    0.284352] UDP-Lite hash table entries: 8192 (order: 6, 262144 bytes, linear)
[    0.284434] NET: Registered PF_UNIX/PF_LOCAL protocol family
[    0.284445] NET: Registered PF_XDP protocol family
[    0.284459] pci 0000:00:1c.0: PCI bridge to [bus 02]
[    0.284467] pci 0000:00:1c.0:   bridge window [mem 0xf1100000-0xf11fffff]
[    0.284475] pci 0000:00:1c.2: PCI bridge to [bus 04]
[    0.284479] pci 0000:00:1c.2:   bridge window [mem 0xf1000000-0xf10fffff]
[    0.284487] pci_bus 0000:00: resource 4 [io  0x0000-0x0cf7 window]
[    0.284490] pci_bus 0000:00: resource 5 [io  0x0d00-0xffff window]
[    0.284492] pci_bus 0000:00: resource 6 [mem 0x000a0000-0x000bffff window]
[    0.284494] pci_bus 0000:00: resource 7 [mem 0xdc800000-0xfebfffff window]
[    0.284496] pci_bus 0000:02: resource 1 [mem 0xf1100000-0xf11fffff]
[    0.284499] pci_bus 0000:04: resource 1 [mem 0xf1000000-0xf10fffff]
[    0.285035] PCI: CLS 0 bytes, default 64
[    0.285077] pci 0000:00:1f.1: [8086:9d20] type 00 class 0x058000 conventional PCI endpoint
[    0.285138] pci 0000:00:1f.1: BAR 0 [mem 0xfd000000-0xfdffffff 64bit]
[    0.285407] DMAR: No ATSR found
[    0.285409] DMAR: No SATC found
[    0.285410] DMAR: IOMMU feature fl1gp_support inconsistent
[    0.285412] DMAR: IOMMU feature pgsel_inv inconsistent
[    0.285414] DMAR: IOMMU feature nwfs inconsistent
[    0.285415] DMAR: IOMMU feature eafs inconsistent
[    0.285416] DMAR: IOMMU feature prs inconsistent
[    0.285417] DMAR: IOMMU feature nest inconsistent
[    0.285418] DMAR: IOMMU feature mts inconsistent
[    0.285419] DMAR: IOMMU feature sc_support inconsistent
[    0.285420] DMAR: IOMMU feature dev_iotlb_support inconsistent
[    0.285422] DMAR: dmar0: Using Queued invalidation
[    0.285426] DMAR: dmar1: Using Queued invalidation
[    0.285458] Trying to unpack rootfs image as initramfs...
[    0.285598] pci 0000:00:02.0: Adding to iommu group 0
[    0.286175] pci 0000:00:00.0: Adding to iommu group 1
[    0.286187] pci 0000:00:08.0: Adding to iommu group 2
[    0.286206] pci 0000:00:14.0: Adding to iommu group 3
[    0.286215] pci 0000:00:14.2: Adding to iommu group 3
[    0.286230] pci 0000:00:16.0: Adding to iommu group 4
[    0.286242] pci 0000:00:17.0: Adding to iommu group 5
[    0.286255] pci 0000:00:1c.0: Adding to iommu group 6
[    0.286267] pci 0000:00:1c.2: Adding to iommu group 7
[    0.286296] pci 0000:00:1f.0: Adding to iommu group 8
[    0.286306] pci 0000:00:1f.2: Adding to iommu group 8
[    0.286317] pci 0000:00:1f.3: Adding to iommu group 8
[    0.286328] pci 0000:00:1f.4: Adding to iommu group 8
[    0.286339] pci 0000:00:1f.6: Adding to iommu group 8
[    0.286351] pci 0000:02:00.0: Adding to iommu group 9
[    0.286365] pci 0000:04:00.0: Adding to iommu group 10
[    0.287216] DMAR: Intel(R) Virtualization Technology for Directed I/O
[    0.287219] PCI-DMA: Using software bounce buffering for IO (SWIOTLB)
[    0.287220] software IO TLB: mapped [mem 0x00000000b5bbf000-0x00000000b9bbf000] (64MB)
[    0.291301] Initialise system trusted keyrings
[    0.291315] Key type blacklist registered
[    0.291379] workingset: timestamp_bits=36 max_order=22 bucket_order=0
[    0.291453] zbud: loaded
[    0.292234] integrity: Platform Keyring initialized
[    0.292247] integrity: Machine keyring initialized
[    0.321211] NET: Registered PF_ALG protocol family
[    0.321220] xor: automatically using best checksumming function   avx       
[    0.321224] Key type asymmetric registered
[    0.321226] Asymmetric key parser 'x509' registered
[    0.890072] Freeing initrd memory: 35220K
[    0.896768] Block layer SCSI generic (bsg) driver version 0.4 loaded (major 245)
[    0.896822] io scheduler mq-deadline registered
[    0.896826] io scheduler kyber registered
[    0.896837] io scheduler bfq registered
[    0.898830] atomic64_test: passed for x86-64 platform with CX8 and with SSE
[    0.899614] shpchp: Standard Hot Plug PCI Controller Driver version: 0.4
[    0.900526] ACPI: AC: AC Adapter [AC] (on-line)
[    0.900588] input: Lid Switch as /devices/LNXSYSTM:00/LNXSYBUS:00/PNP0C0D:00/input/input0
[    0.900641] ACPI: button: Lid Switch [LID]
[    0.900686] input: Sleep Button as /devices/LNXSYSTM:00/LNXSYBUS:00/PNP0C0E:00/input/input1
[    0.900724] ACPI: button: Sleep Button [SLPB]
[    0.900784] input: Power Button as /devices/LNXSYSTM:00/LNXPWRBN:00/input/input2
[    0.900828] ACPI: button: Power Button [PWRF]
[    0.904106] thermal LNXTHERM:00: registered as thermal_zone0
[    0.904110] ACPI: thermal: Thermal Zone [THM0] (50 C)
[    0.904367] Serial: 8250/16550 driver, 32 ports, IRQ sharing enabled
[    0.907413] hpet_acpi_add: no address or irqs in _CRS
[    0.907462] Non-volatile memory driver v1.3
[    0.907469] Linux agpgart interface v0.103
[    0.912011] DMAR: DRHD: handling fault status reg 3
[    0.912015] DMAR: [DMA Read NO_PASID] Request device [00:12.4] fault addr 0xd7fff000 [fault reason 0x02] Present bit in context entry is clear
[    0.924314] ACPI: battery: Slot [BAT0] (battery present)
[    0.944226] ACPI: battery: Slot [BAT1] (battery present)
[    1.320938] tsc: Refined TSC clocksource calibration: 2399.999 MHz
[    1.320948] clocksource: tsc: mask: 0xffffffffffffffff max_cycles: 0x2298364cab5, max_idle_ns: 440795214892 ns
[    1.320996] clocksource: Switched to clocksource tsc
[    3.515046] tpm tpm0: Operation Timed out
[    6.721041] tpm tpm0: Operation Timed out
[    6.721050] tpm_crb MSFT0101:00: probe with driver tpm_crb failed with error -62
[    6.721182] ACPI: bus type drm_connector registered
[    6.722187] ahci 0000:00:17.0: version 3.0
[    6.722420] ahci 0000:00:17.0: AHCI vers 0001.0301, 32 command slots, 6 Gbps, SATA mode
[    6.722425] ahci 0000:00:17.0: 1/1 ports implemented (port mask 0x2)
[    6.722428] ahci 0000:00:17.0: flags: 64bit ncq pm led clo only pio slum part deso sadm sds apst 
[    6.722798] scsi host0: ahci
[    6.723005] scsi host1: ahci
[    6.723061] ata1: DUMMY
[    6.723064] ata2: SATA max UDMA/133 abar m2048@0xf124d000 port 0xf124d180 irq 124 lpm-pol 3
[    6.723551] xhci_hcd 0000:00:14.0: xHCI Host Controller
[    6.723600] xhci_hcd 0000:00:14.0: new USB bus registered, assigned bus number 1
[    6.724783] xhci_hcd 0000:00:14.0: hcc params 0x200077c1 hci version 0x100 quirks 0x0000000081109810
[    6.725257] xhci_hcd 0000:00:14.0: xHCI Host Controller
[    6.725453] xhci_hcd 0000:00:14.0: new USB bus registered, assigned bus number 2
[    6.725460] xhci_hcd 0000:00:14.0: Host supports USB 3.0 SuperSpeed
[    6.725600] usb usb1: New USB device found, idVendor=1d6b, idProduct=0002, bcdDevice= 6.09
[    6.725605] usb usb1: New USB device strings: Mfr=3, Product=2, SerialNumber=1
[    6.725608] usb usb1: Product: xHCI Host Controller
[    6.725610] usb usb1: Manufacturer: Linux 6.9.10-200.fc40.x86_64 xhci-hcd
[    6.725612] usb usb1: SerialNumber: 0000:00:14.0
[    6.725791] hub 1-0:1.0: USB hub found
[    6.725811] hub 1-0:1.0: 12 ports detected
[    6.728159] usb usb2: New USB device found, idVendor=1d6b, idProduct=0003, bcdDevice= 6.09
[    6.728164] usb usb2: New USB device strings: Mfr=3, Product=2, SerialNumber=1
[    6.728167] usb usb2: Product: xHCI Host Controller
[    6.728169] usb usb2: Manufacturer: Linux 6.9.10-200.fc40.x86_64 xhci-hcd
[    6.728171] usb usb2: SerialNumber: 0000:00:14.0
[    6.728298] hub 2-0:1.0: USB hub found
[    6.728311] hub 2-0:1.0: 6 ports detected
[    6.729759] usbcore: registered new interface driver usbserial_generic
[    6.729768] usbserial: USB Serial support registered for generic
[    6.729813] i8042: PNP: PS/2 Controller [PNP0303:KBD,PNP0f13:MOU] at 0x60,0x64 irq 1,12
[    6.731879] serio: i8042 KBD port at 0x60,0x64 irq 1
[    6.731885] serio: i8042 AUX port at 0x60,0x64 irq 12
[    6.731997] mousedev: PS/2 mouse device common for all mice
[    6.732160] rtc_cmos 00:02: RTC can wake from S4
[    6.732994] rtc_cmos 00:02: registered as rtc0
[    6.733135] rtc_cmos 00:02: setting system clock to 2024-07-27T08:07:56 UTC (1722067676)
[    6.733165] rtc_cmos 00:02: alarms up to one month, y3k, 114 bytes nvram
[    6.733341] device-mapper: core: CONFIG_IMA_DISABLE_HTABLE is disabled. Duplicate IMA measurements will not be recorded in the IMA log.
[    6.733348] device-mapper: uevent: version 1.0.3
[    6.733400] device-mapper: ioctl: 4.48.0-ioctl (2023-03-01) initialised: dm-devel@lists.linux.dev
[    6.733466] input: AT Translated Set 2 keyboard as /devices/platform/i8042/serio0/input/input3
[    6.733487] intel_pstate: Intel P-state driver initializing
[    6.733870] intel_pstate: HWP enabled
[    6.734161] hid: raw HID events driver (C) Jiri Kosina
[    6.734189] usbcore: registered new interface driver usbhid
[    6.734190] usbhid: USB HID core driver
[    6.734294] drop_monitor: Initializing network drop monitor service
[    6.734384] Initializing XFRM netlink socket
[    6.734415] NET: Registered PF_INET6 protocol family
[    6.740045] Segment Routing with IPv6
[    6.740048] RPL Segment Routing with IPv6
[    6.740064] In-situ OAM (IOAM) with IPv6
[    6.740094] mip6: Mobile IPv6
[    6.740098] NET: Registered PF_PACKET protocol family
[    6.740712] ENERGY_PERF_BIAS: Set to 'normal', was 'performance'
[    6.740759] microcode: Current revision: 0x000000f0
[    6.740762] microcode: Updated early from: 0x00000088
[    6.740980] IPI shorthand broadcast: enabled
[    6.740987] AVX2 version of gcm_enc/dec engaged.
[    6.741096] AES CTR mode by8 optimization enabled
[    6.743502] sched_clock: Marking stable (6733001717, 9739700)->(6792533130, -49791713)
[    6.743667] Timer migration: 1 hierarchy levels; 8 children per group; 1 crossnode level
[    6.743755] registered taskstats version 1
[    6.744037] Loading compiled-in X.509 certificates
[    6.754187] Loaded X.509 cert 'Fedora kernel signing key: b937c5644ff2b88697fd7322fcc2106c9b7ed526'
[    6.759662] page_owner is disabled
[    6.759810] Key type .fscrypt registered
[    6.759812] Key type fscrypt-provisioning registered
[    6.760659] Btrfs loaded, zoned=yes, fsverity=yes
[    6.760696] Key type big_key registered
[    6.791806] Key type encrypted registered
[    6.791819] ima: No TPM chip found, activating TPM-bypass!
[    6.791825] Loading compiled-in module X.509 certificates
[    6.792366] Loaded X.509 cert 'Fedora kernel signing key: b937c5644ff2b88697fd7322fcc2106c9b7ed526'
[    6.792370] ima: Allocated hash algorithm: sha256
[    6.792381] ima: No architecture policies found
[    6.792395] evm: Initialising EVM extended attributes:
[    6.792396] evm: security.selinux
[    6.792397] evm: security.SMACK64 (disabled)
[    6.792398] evm: security.SMACK64EXEC (disabled)
[    6.792399] evm: security.SMACK64TRANSMUTE (disabled)
[    6.792400] evm: security.SMACK64MMAP (disabled)
[    6.792401] evm: security.apparmor (disabled)
[    6.792402] evm: security.ima
[    6.792403] evm: security.capability
[    6.792404] evm: HMAC attrs: 0x1
[    6.860382] alg: No test for 842 (842-scomp)
[    6.860412] alg: No test for 842 (842-generic)
[    6.970748] usb 1-4: new full-speed USB device number 2 using xhci_hcd
[    6.985330] PM:   Magic number: 0:946:119
[    6.991047] RAS: Correctable Errors collector initialized.
[    7.030347] ata2: SATA link up 6.0 Gbps (SStatus 133 SControl 300)
[    7.032139] ata2.00: ACPI cmd f5/00:00:00:00:00:a0(SECURITY FREEZE LOCK) filtered out
[    7.032625] ata2.00: ATA-9: SAMSUNG MZNLF192HCGS-000L1, FXT21L5Q, max UDMA/133
[    7.032736] ata2.00: 375093936 sectors, multi 16: LBA48 NCQ (depth 32), AA
[    7.035165] ata2.00: Features: Dev-Sleep
[    7.035866] ata2.00: ACPI cmd f5/00:00:00:00:00:a0(SECURITY FREEZE LOCK) filtered out
[    7.037811] ata2.00: configured for UDMA/133
[    7.048464] scsi 1:0:0:0: Direct-Access     ATA      SAMSUNG MZNLF192 1L5Q PQ: 0 ANSI: 5
[    7.048901] sd 1:0:0:0: Attached scsi generic sg0 type 0
[    7.048960] sd 1:0:0:0: [sda] 375093936 512-byte logical blocks: (192 GB/179 GiB)
[    7.048973] sd 1:0:0:0: [sda] Write Protect is off
[    7.048977] sd 1:0:0:0: [sda] Mode Sense: 00 3a 00 00
[    7.048995] sd 1:0:0:0: [sda] Write cache: enabled, read cache: enabled, doesn't support DPO or FUA
[    7.049033] sd 1:0:0:0: [sda] Preferred minimum I/O size 512 bytes
[    7.050294]  sda: sda1 sda2 sda3
[    7.050776] sd 1:0:0:0: [sda] Attached SCSI disk
[    7.100625] usb 1-4: New USB device found, idVendor=1532, idProduct=0098, bcdDevice= 2.00
[    7.100646] usb 1-4: New USB device strings: Mfr=1, Product=2, SerialNumber=0
[    7.100657] usb 1-4: Product: Razer DeathAdder Essential
[    7.100665] usb 1-4: Manufacturer: Razer
[    7.106830] input: Razer Razer DeathAdder Essential as /devices/pci0000:00/0000:00:14.0/usb1/1-4/1-4:1.0/0003:1532:0098.0001/input/input6
[    7.107965] hid-generic 0003:1532:0098.0001: input,hidraw0: USB HID v1.11 Mouse [Razer Razer DeathAdder Essential] on usb-0000:00:14.0-4/input0
[    7.111416] input: Razer Razer DeathAdder Essential Keyboard as /devices/pci0000:00/0000:00:14.0/usb1/1-4/1-4:1.1/0003:1532:0098.0002/input/input7
[    7.163919] input: Razer Razer DeathAdder Essential as /devices/pci0000:00/0000:00:14.0/usb1/1-4/1-4:1.1/0003:1532:0098.0002/input/input8
[    7.164627] hid-generic 0003:1532:0098.0002: input,hidraw1: USB HID v1.11 Keyboard [Razer Razer DeathAdder Essential] on usb-0000:00:14.0-4/input1
[    7.167005] input: Razer Razer DeathAdder Essential as /devices/pci0000:00/0000:00:14.0/usb1/1-4/1-4:1.2/0003:1532:0098.0003/input/input9
[    7.220110] hid-generic 0003:1532:0098.0003: input,hidraw2: USB HID v1.11 Keyboard [Razer Razer DeathAdder Essential] on usb-0000:00:14.0-4/input2
[    7.334886] usb 1-7: new full-speed USB device number 3 using xhci_hcd
[    7.463534] usb 1-7: New USB device found, idVendor=8087, idProduct=0a2b, bcdDevice= 0.01
[    7.463555] usb 1-7: New USB device strings: Mfr=0, Product=0, SerialNumber=0
[    7.570902] psmouse serio1: synaptics: queried max coordinates: x [..5676], y [..4762]
[    7.581895] usb 1-8: new high-speed USB device number 4 using xhci_hcd
[    7.605185] psmouse serio1: synaptics: queried min coordinates: x [1266..], y [1094..]
[    7.605225] psmouse serio1: synaptics: Your touchpad (PNP: LEN004b PNP0f13) says it can support a different bus. If i2c-hid and hid-rmi are not used, you might want to try setting psmouse.synaptics_intertouch to 1 and report this to linux-input@vger.kernel.org.
[    7.673705] psmouse serio1: synaptics: Touchpad model: 1, fw: 8.2, id: 0x1e2b1, caps: 0xf003a3/0x943300/0x12e800/0x10000, board id: 3145, fw id: 2073050
[    7.673803] psmouse serio1: synaptics: serio: Synaptics pass-through port at isa0060/serio1/input0
[    7.715844] input: SynPS/2 Synaptics TouchPad as /devices/platform/i8042/serio1/input/input5
[    7.719820] clk: Disabling unused clocks
[    7.719838] PM: genpd: Disabling unused power domains
[    7.725657] Freeing unused decrypted memory: 2028K
[    7.726590] Freeing unused kernel image (initmem) memory: 4700K
[    7.726697] Write protecting the kernel read-only data: 36864k
[    7.727359] Freeing unused kernel image (rodata/data gap) memory: 1280K
[    7.759635] usb 1-8: New USB device found, idVendor=04f2, idProduct=b52c, bcdDevice= 0.29
[    7.759640] usb 1-8: New USB device strings: Mfr=3, Product=1, SerialNumber=2
[    7.759642] usb 1-8: Product: Integrated Camera
[    7.759644] usb 1-8: Manufacturer: Chicony Electronics Co.,Ltd.
[    7.759646] usb 1-8: SerialNumber: 0001
[    7.787137] x86/mm: Checked W+X mappings: passed, no W+X pages found.
[    7.787140] x86/mm: Checking user space page tables
[    7.841739] x86/mm: Checked W+X mappings: passed, no W+X pages found.
[    7.841752] Run /init as init process
[    7.841753]   with arguments:
[    7.841754]     /init
[    7.841756]   with environment:
[    7.841757]     HOME=/
[    7.841758]     TERM=linux
[    7.841759]     BOOT_IMAGE=(hd0,msdos1)/boot/vmlinuz-6.9.10-200.fc40.x86_64
[    7.851176] systemd[1]: systemd 255.8-1.fc40 running in system mode (+PAM +AUDIT +SELINUX -APPARMOR +IMA +SMACK +SECCOMP -GCRYPT +GNUTLS +OPENSSL +ACL +BLKID +CURL +ELFUTILS +FIDO2 +IDN2 -IDN -IPTC +KMOD +LIBCRYPTSETUP +LIBFDISK +PCRE2 +PWQUALITY +P11KIT +QRENCODE +TPM2 +BZIP2 +LZ4 +XZ +ZLIB +ZSTD +BPF_FRAMEWORK +XKBCOMMON +UTMP +SYSVINIT default-hierarchy=unified)
[    7.851185] systemd[1]: Detected architecture x86-64.
[    7.851189] systemd[1]: Running in initrd.
[    7.851419] systemd[1]: Hostname set to <snow>.
[    7.878130] usb 1-9: new full-speed USB device number 5 using xhci_hcd
[    7.947192] systemd[1]: Queued start job for default target initrd.target.
[    7.964706] systemd[1]: Expecting device dev-disk-by\x2duuid-032bf7b1\x2dd85c\x2d4f41\x2dbd13\x2d4c42af4fba65.device - /dev/disk/by-uuid/032bf7b1-d85c-4f41-bd13-4c42af4fba65...
[    7.964810] systemd[1]: Expecting device dev-disk-by\x2duuid-36902a88\x2df924\x2d4e4b\x2d939b\x2d7b0a62f42ae2.device - /dev/disk/by-uuid/36902a88-f924-4e4b-939b-7b0a62f42ae2...
[    7.964862] systemd[1]: Reached target initrd-usr-fs.target - Initrd /usr File System.
[    7.964914] systemd[1]: Reached target slices.target - Slice Units.
[    7.964946] systemd[1]: Reached target swap.target - Swaps.
[    7.964976] systemd[1]: Reached target timers.target - Timer Units.
[    7.965187] systemd[1]: Listening on systemd-journald-dev-log.socket - Journal Socket (/dev/log).
[    7.965381] systemd[1]: Listening on systemd-journald.socket - Journal Socket.
[    7.965591] systemd[1]: Listening on systemd-udevd-control.socket - udev Control Socket.
[    7.965756] systemd[1]: Listening on systemd-udevd-kernel.socket - udev Kernel Socket.
[    7.965796] systemd[1]: Reached target sockets.target - Socket Units.
[    7.967212] systemd[1]: Starting kmod-static-nodes.service - Create List of Static Device Nodes...
[    7.967271] systemd[1]: memstrack.service - Memstrack Anylazing Service was skipped because no trigger condition checks were met.
[    7.969295] systemd[1]: Starting systemd-journald.service - Journal Service...
[    7.971043] systemd[1]: Starting systemd-modules-load.service - Load Kernel Modules...
[    7.971075] systemd[1]: systemd-pcrphase-initrd.service - TPM2 PCR Barrier (initrd) was skipped because of an unmet condition check (ConditionSecurity=measured-uki).
[    7.975014] systemd[1]: Starting systemd-vconsole-setup.service - Virtual Console Setup...
[    7.977261] systemd[1]: Finished kmod-static-nodes.service - Create List of Static Device Nodes.
[    7.979045] systemd[1]: Starting systemd-tmpfiles-setup-dev-early.service - Create Static Device Nodes in /dev gracefully...
[    8.001694] systemd-journald[250]: Collecting audit messages is disabled.
[    8.003401] alua: device handler registered
[    8.005888] emc: device handler registered
[    8.007617] usb 1-9: New USB device found, idVendor=138a, idProduct=0090, bcdDevice= 1.64
[    8.007625] usb 1-9: New USB device strings: Mfr=0, Product=0, SerialNumber=1
[    8.007629] usb 1-9: SerialNumber: 15978cc95480
[    8.009257] rdac: device handler registered
[    8.010831] systemd[1]: Finished systemd-modules-load.service - Load Kernel Modules.
[    8.019962] systemd[1]: Starting systemd-sysctl.service - Apply Kernel Variables...
[    8.033198] systemd[1]: Finished systemd-sysctl.service - Apply Kernel Variables.
[    8.040132] systemd[1]: Finished systemd-tmpfiles-setup-dev-early.service - Create Static Device Nodes in /dev gracefully.
[    8.046023] systemd[1]: Starting systemd-sysusers.service - Create System Users...
[    8.065479] systemd[1]: Finished systemd-sysusers.service - Create System Users.
[    8.072030] systemd[1]: Starting systemd-tmpfiles-setup-dev.service - Create Static Device Nodes in /dev...
[    8.100567] systemd[1]: Finished systemd-tmpfiles-setup-dev.service - Create Static Device Nodes in /dev.
[    8.108994] systemd[1]: Finished systemd-vconsole-setup.service - Virtual Console Setup.
[    8.109182] systemd[1]: dracut-cmdline-ask.service - dracut ask for additional cmdline parameters was skipped because no trigger condition checks were met.
[    8.120299] systemd[1]: Starting dracut-cmdline.service - dracut cmdline hook...
[    8.175656] systemd[1]: Finished dracut-cmdline.service - dracut cmdline hook.
[    8.175898] systemd[1]: dracut-pre-udev.service - dracut pre-udev hook was skipped because no trigger condition checks were met.
[    8.192156] systemd[1]: Starting systemd-udevd.service - Rule-based Manager for Device Events and Files...
[    8.224441] systemd[1]: Started systemd-udevd.service - Rule-based Manager for Device Events and Files.
[    8.224656] systemd[1]: dracut-pre-trigger.service - dracut pre-trigger hook was skipped because no trigger condition checks were met.
[    8.232980] systemd[1]: Starting systemd-udev-trigger.service - Coldplug All udev Devices...
[    8.404879] systemd[1]: Created slice system-modprobe.slice - Slice /system/modprobe.
[    8.414061] systemd[1]: Starting modprobe@configfs.service - Load Kernel Module configfs...
[    8.418673] systemd[1]: modprobe@configfs.service: Deactivated successfully.
[    8.418991] systemd[1]: Finished modprobe@configfs.service - Load Kernel Module configfs.
[    8.421648] systemd[1]: Mounting sys-kernel-config.mount - Kernel Configuration File System...
[    8.425121] systemd[1]: Finished systemd-udev-trigger.service - Coldplug All udev Devices.
[    8.425332] systemd[1]: dracut-initqueue.service - dracut initqueue hook was skipped because no trigger condition checks were met.
[    8.425368] systemd[1]: Reached target remote-fs-pre.target - Preparation for Remote File Systems.
[    8.425384] systemd[1]: Reached target remote-fs.target - Remote File Systems.
[    8.425437] systemd[1]: dracut-pre-mount.service - dracut pre-mount hook was skipped because no trigger condition checks were met.
[    8.426690] systemd[1]: Starting plymouth-start.service - Show Plymouth Boot Screen...
[    8.434732] systemd[1]: Mounted sys-kernel-config.mount - Kernel Configuration File System.
[    8.445534] systemd[1]: Received SIGRTMIN+20 from PID 351 (plymouthd).
[    8.472826] systemd[1]: Started plymouth-start.service - Show Plymouth Boot Screen.
[    8.473034] systemd[1]: systemd-ask-password-console.path - Dispatch Password Requests to Console Directory Watch was skipped because of an unmet condition check (ConditionPathExists=!/run/plymouth/pid).
[    8.473201] systemd[1]: Started systemd-ask-password-plymouth.path - Forward Password Requests to Plymouth Directory Watch.
[    8.473267] systemd[1]: Reached target paths.target - Path Units.
[    8.535304] psmouse serio1: synaptics: queried max coordinates: x [..5676], y [..4762]
[    8.548651] systemd[1]: Found device dev-disk-by\x2duuid-36902a88\x2df924\x2d4e4b\x2d939b\x2d7b0a62f42ae2.device - SAMSUNG_MZNLF192HCGS-000L1 1.
[    8.561991] systemd[1]: Found device dev-disk-by\x2duuid-032bf7b1\x2dd85c\x2d4f41\x2dbd13\x2d4c42af4fba65.device - SAMSUNG_MZNLF192HCGS-000L1 2.
[    8.562167] systemd[1]: Reached target initrd-root-device.target - Initrd Root Device.
[    8.565603] psmouse serio1: synaptics: queried min coordinates: x [1266..], y [1094..]
[    8.565616] psmouse serio1: synaptics: Your touchpad (PNP: LEN004b PNP0f13) says it can support a different bus. If i2c-hid and hid-rmi are not used, you might want to try setting psmouse.synaptics_intertouch to 1 and report this to linux-input@vger.kernel.org.
[    8.572135] systemd[1]: Starting systemd-hibernate-resume.service - Resume from hibernation...
[    8.582010] PM: Image not found (code -22)
[    8.583459] systemd[1]: systemd-hibernate-resume.service: Deactivated successfully.
[    8.583707] systemd[1]: Finished systemd-hibernate-resume.service - Resume from hibernation.
[    8.583986] systemd[1]: Reached target local-fs-pre.target - Preparation for Local File Systems.
[    8.584054] systemd[1]: Reached target local-fs.target - Local File Systems.
[    8.594054] systemd[1]: Starting systemd-fsck-root.service - File System Check on /dev/disk/by-uuid/36902a88-f924-4e4b-939b-7b0a62f42ae2...
[    8.627387] psmouse serio1: synaptics: Touchpad model: 1, fw: 8.2, id: 0x1e2b1, caps: 0xf003a3/0x943300/0x12e800/0x10000, board id: 3145, fw id: 2073050
[    8.627403] psmouse serio1: synaptics: serio: Synaptics pass-through port at isa0060/serio1/input0
[    8.643321] systemd[1]: Finished systemd-fsck-root.service - File System Check on /dev/disk/by-uuid/36902a88-f924-4e4b-939b-7b0a62f42ae2.
[    8.657927] systemd[1]: Mounting sysroot.mount - /sysroot...
[    8.671311] input: SynPS/2 Synaptics TouchPad as /devices/platform/i8042/serio1/input/input11
[    8.674094] EXT4-fs (sda1): mounted filesystem 36902a88-f924-4e4b-939b-7b0a62f42ae2 ro with ordered data mode. Quota mode: none.
[    8.682018] systemd[1]: Mounted sysroot.mount - /sysroot.
[    8.688175] systemd[1]: Reached target initrd-root-fs.target - Initrd Root File System.
[    8.713091] systemd[1]: Starting initrd-parse-etc.service - Mountpoints Configured in the Real Root...
[    8.713551] systemd[1]: Started systemd-journald.service - Journal Service.
[    9.315488] psmouse serio2: trackpoint: IBM TrackPoint firmware: 0x0e, buttons: 3/3
[    9.510048] input: TPPS/2 IBM TrackPoint as /devices/platform/i8042/serio1/serio2/input/input12
[    9.537984] i915 0000:00:02.0: [drm] VT-d active for gfx access
[    9.538014] i915 0000:00:02.0: vgaarb: deactivate vga console
[    9.539065] Console: switching to colour dummy device 80x25
[    9.539114] i915 0000:00:02.0: [drm] Using Transparent Hugepages
[    9.540336] i915 0000:00:02.0: vgaarb: VGA decodes changed: olddecodes=io+mem,decodes=io+mem:owns=io+mem
[    9.540377] i915 0000:00:02.0: [drm] Disabling framebuffer compression (FBC) to prevent screen flicker with VT-d enabled
[    9.543110] i915 0000:00:02.0: [drm] Finished loading DMC firmware i915/skl_dmc_ver1_27.bin (v1.27)
[    9.878436] [drm] Initialized i915 1.6.0 20230929 for 0000:00:02.0 on minor 0
[    9.884800] ACPI: video: Video Device [GFX0] (multi-head: yes  rom: no  post: no)
[    9.885320] input: Video Bus as /devices/LNXSYSTM:00/LNXSYBUS:00/PNP0A08:00/LNXVIDEO:00/input/input14
[    9.984329] fbcon: i915drmfb (fb0) is primary device
[   10.209135] psmouse serio3: trackpoint: IBM TrackPoint firmware: 0x0e, buttons: 3/3
[   10.434290] input: TPPS/2 IBM TrackPoint as /devices/platform/i8042/serio1/serio3/input/input13
[   11.145783] Console: switching to colour frame buffer device 240x67
[   11.248808] i915 0000:00:02.0: [drm] fb0: i915drmfb frame buffer device
[   11.378838] systemd-journald[250]: Received SIGTERM from PID 1 (systemd).
[   11.513783] SELinux: https://github.com/SELinuxProject/selinux-kernel/wiki/DEPRECATE-runtime-disable
[   11.513792] SELinux: Runtime disable is not supported, use selinux=0 on the kernel cmdline.
[   11.529738] systemd[1]: systemd 255.8-1.fc40 running in system mode (+PAM +AUDIT +SELINUX -APPARMOR +IMA +SMACK +SECCOMP -GCRYPT +GNUTLS +OPENSSL +ACL +BLKID +CURL +ELFUTILS +FIDO2 +IDN2 -IDN -IPTC +KMOD +LIBCRYPTSETUP +LIBFDISK +PCRE2 +PWQUALITY +P11KIT +QRENCODE +TPM2 +BZIP2 +LZ4 +XZ +ZLIB +ZSTD +BPF_FRAMEWORK +XKBCOMMON +UTMP +SYSVINIT default-hierarchy=unified)
[   11.529780] systemd[1]: Detected architecture x86-64.
[   12.028907] systemd[1]: bpf-lsm: LSM BPF program attached
[   12.321778] systemd-sysv-generator[477]: SysV service '/etc/rc.d/init.d/livesys' lacks a native systemd unit file. ~ Automatically generating a unit file for compatibility. Please update package to include a native systemd unit file, in order to make it safe, robust and future-proof. ! This compatibility logic is deprecated, expect removal soon. !
[   12.322023] systemd-sysv-generator[477]: SysV service '/etc/rc.d/init.d/livesys-late' lacks a native systemd unit file. ~ Automatically generating a unit file for compatibility. Please update package to include a native systemd unit file, in order to make it safe, robust and future-proof. ! This compatibility logic is deprecated, expect removal soon. !
[   12.323104] systemd-sysv-generator[477]: SysV service '/etc/rc.d/init.d/vmware-USBArbitrator' lacks a native systemd unit file. ~ Automatically generating a unit file for compatibility. Please update package to include a native systemd unit file, in order to make it safe, robust and future-proof. ! This compatibility logic is deprecated, expect removal soon. !
[   12.352974] zram: Added device: zram0
[   12.615543] systemd[1]: initrd-switch-root.service: Deactivated successfully.
[   12.615868] systemd[1]: Stopped initrd-switch-root.service - Switch Root.
[   12.617771] systemd[1]: systemd-journald.service: Scheduled restart job, restart counter is at 1.
[   12.618791] systemd[1]: Created slice system-getty.slice - Slice /system/getty.
[   12.619523] systemd[1]: Created slice system-systemd\x2dfsck.slice - Slice /system/systemd-fsck.
[   12.620197] systemd[1]: Created slice system-systemd\x2dzram\x2dsetup.slice - Slice /system/systemd-zram-setup.
[   12.620652] systemd[1]: Created slice user.slice - User and Session Slice.
[   12.620717] systemd[1]: systemd-ask-password-console.path - Dispatch Password Requests to Console Directory Watch was skipped because of an unmet condition check (ConditionPathExists=!/run/plymouth/pid).
[   12.620861] systemd[1]: Started systemd-ask-password-wall.path - Forward Password Requests to Wall Directory Watch.
[   12.621236] systemd[1]: Set up automount proc-sys-fs-binfmt_misc.automount - Arbitrary Executable File Formats File System Automount Point.
[   12.621292] systemd[1]: Expecting device dev-disk-by\x2duuid-032bf7b1\x2dd85c\x2d4f41\x2dbd13\x2d4c42af4fba65.device - /dev/disk/by-uuid/032bf7b1-d85c-4f41-bd13-4c42af4fba65...
[   12.621327] systemd[1]: Expecting device dev-disk-by\x2duuid-c87edca8\x2d2b20\x2d4e51\x2d9142\x2dea830ab682ed.device - /dev/disk/by-uuid/c87edca8-2b20-4e51-9142-ea830ab682ed...
[   12.621514] systemd[1]: Expecting device dev-zram0.device - /dev/zram0...
[   12.621654] systemd[1]: Reached target cryptsetup.target - Local Encrypted Volumes.
[   12.621830] systemd[1]: Reached target getty.target - Login Prompts.
[   12.621912] systemd[1]: Stopped target initrd-switch-root.target - Switch Root.
[   12.621962] systemd[1]: Stopped target initrd-fs.target - Initrd File Systems.
[   12.622036] systemd[1]: Stopped target initrd-root-fs.target - Initrd Root File System.
[   12.622132] systemd[1]: Reached target integritysetup.target - Local Integrity Protected Volumes.
[   12.622258] systemd[1]: Reached target paths.target - Path Units.
[   12.622379] systemd[1]: Reached target slices.target - Slice Units.
[   12.622518] systemd[1]: Reached target veritysetup.target - Local Verity Protected Volumes.
[   12.622757] systemd[1]: Listening on dm-event.socket - Device-mapper event daemon FIFOs.
[   12.623880] systemd[1]: Listening on lvm2-lvmpolld.socket - LVM2 poll daemon socket.
[   12.624037] systemd[1]: multipathd.socket - multipathd control socket was skipped because of an unmet condition check (ConditionPathExists=/etc/multipath.conf).
[   12.626353] systemd[1]: Listening on systemd-coredump.socket - Process Core Dump Socket.
[   12.626539] systemd[1]: Listening on systemd-initctl.socket - initctl Compatibility Named Pipe.
[   12.627079] systemd[1]: Listening on systemd-journald-audit.socket - Journal Audit Socket.
[   12.627398] systemd[1]: Listening on systemd-oomd.socket - Userspace Out-Of-Memory (OOM) Killer Socket.
[   12.627463] systemd[1]: systemd-pcrextend.socket - TPM2 PCR Extension (Varlink) was skipped because of an unmet condition check (ConditionSecurity=measured-uki).
[   12.628179] systemd[1]: Listening on systemd-udevd-control.socket - udev Control Socket.
[   12.628413] systemd[1]: Listening on systemd-udevd-kernel.socket - udev Kernel Socket.
[   12.643151] systemd[1]: Mounting dev-hugepages.mount - Huge Pages File System...
[   12.644350] systemd[1]: Mounting dev-mqueue.mount - POSIX Message Queue File System...
[   12.645963] systemd[1]: Mounting sys-kernel-debug.mount - Kernel Debug File System...
[   12.648264] systemd[1]: Mounting sys-kernel-tracing.mount - Kernel Trace File System...
[   12.648633] systemd[1]: auth-rpcgss-module.service - Kernel Module supporting RPCSEC_GSS was skipped because of an unmet condition check (ConditionPathExists=/etc/krb5.keytab).
[   12.651313] systemd[1]: iscsi-starter.service was skipped because of an unmet condition check (ConditionDirectoryNotEmpty=/var/lib/iscsi/nodes).
[   12.653995] systemd[1]: Starting kmod-static-nodes.service - Create List of Static Device Nodes...
[   12.658023] systemd[1]: Starting lvm2-monitor.service - Monitoring of LVM2 mirrors, snapshots etc. using dmeventd or progress polling...
[   12.661052] systemd[1]: Starting modprobe@configfs.service - Load Kernel Module configfs...
[   12.665996] systemd[1]: Starting modprobe@dm_mod.service - Load Kernel Module dm_mod...
[   12.667928] systemd[1]: Starting modprobe@dm_multipath.service - Load Kernel Module dm_multipath...
[   12.672577] systemd[1]: Starting modprobe@drm.service - Load Kernel Module drm...
[   12.677415] systemd[1]: Starting modprobe@fuse.service - Load Kernel Module fuse...
[   12.681675] systemd[1]: Starting modprobe@loop.service - Load Kernel Module loop...
[   12.682145] systemd[1]: plymouth-switch-root.service: Deactivated successfully.
[   12.682246] systemd[1]: Stopped plymouth-switch-root.service - Plymouth switch root service.
[   12.689774] systemd[1]: Starting systemd-journald.service - Journal Service...
[   12.694681] systemd[1]: Starting systemd-modules-load.service - Load Kernel Modules...
[   12.696165] systemd[1]: systemd-pcrmachine.service - TPM2 PCR Machine ID Measurement was skipped because of an unmet condition check (ConditionSecurity=measured-uki).
[   12.699165] systemd[1]: Starting systemd-remount-fs.service - Remount Root and Kernel File Systems...
[   12.699304] systemd[1]: systemd-tpm2-setup-early.service - TPM2 SRK Setup (Early) was skipped because of an unmet condition check (ConditionSecurity=measured-uki).
[   12.705030] systemd[1]: Starting systemd-udev-trigger.service - Coldplug All udev Devices...
[   12.708475] systemd[1]: Mounted dev-hugepages.mount - Huge Pages File System.
[   12.709677] systemd[1]: Mounted dev-mqueue.mount - POSIX Message Queue File System.
[   12.712051] systemd[1]: Mounted sys-kernel-debug.mount - Kernel Debug File System.
[   12.712260] systemd[1]: Mounted sys-kernel-tracing.mount - Kernel Trace File System.
[   12.712621] systemd[1]: Finished kmod-static-nodes.service - Create List of Static Device Nodes.
[   12.713094] systemd[1]: modprobe@configfs.service: Deactivated successfully.
[   12.713330] systemd[1]: Finished modprobe@configfs.service - Load Kernel Module configfs.
[   12.714603] loop: module loaded
[   12.715193] systemd[1]: modprobe@dm_mod.service: Deactivated successfully.
[   12.715431] systemd[1]: Finished modprobe@dm_mod.service - Load Kernel Module dm_mod.
[   12.718411] systemd[1]: modprobe@dm_multipath.service: Deactivated successfully.
[   12.718728] systemd[1]: Finished modprobe@dm_multipath.service - Load Kernel Module dm_multipath.
[   12.721656] systemd[1]: modprobe@drm.service: Deactivated successfully.
[   12.721968] systemd[1]: Finished modprobe@drm.service - Load Kernel Module drm.
[   12.724599] systemd[1]: modprobe@loop.service: Deactivated successfully.
[   12.729182] systemd[1]: Finished modprobe@loop.service - Load Kernel Module loop.
[   12.730000] systemd[1]: Finished systemd-modules-load.service - Load Kernel Modules.
[   12.732385] systemd[1]: systemd-repart.service - Repartition Root Disk was skipped because no trigger condition checks were met.
[   12.733301] systemd-journald[500]: Collecting audit messages is enabled.
[   12.737608] fuse: init (API version 7.40)
[   12.747051] systemd[1]: Starting systemd-sysctl.service - Apply Kernel Variables...
[   12.749023] systemd[1]: Starting systemd-tmpfiles-setup-dev-early.service - Create Static Device Nodes in /dev gracefully...
[   12.751423] systemd[1]: Started systemd-journald.service - Journal Service.
[   12.751938] EXT4-fs (sda1): re-mounted 36902a88-f924-4e4b-939b-7b0a62f42ae2 r/w. Quota mode: none.
[   12.752307] audit: type=1130 audit(1722067682.517:2): pid=1 uid=0 auid=4294967295 ses=4294967295 subj=kernel msg='unit=systemd-journald comm="systemd" exe="/usr/lib/systemd/systemd" hostname=? addr=? terminal=? res=success'
[   12.754817] audit: type=1130 audit(1722067682.521:3): pid=1 uid=0 auid=4294967295 ses=4294967295 subj=kernel msg='unit=lvm2-monitor comm="systemd" exe="/usr/lib/systemd/systemd" hostname=? addr=? terminal=? res=success'
[   12.756344] audit: type=1130 audit(1722067682.522:4): pid=1 uid=0 auid=4294967295 ses=4294967295 subj=kernel msg='unit=modprobe@fuse comm="systemd" exe="/usr/lib/systemd/systemd" hostname=? addr=? terminal=? res=success'
[   12.756498] audit: type=1131 audit(1722067682.522:5): pid=1 uid=0 auid=4294967295 ses=4294967295 subj=kernel msg='unit=modprobe@fuse comm="systemd" exe="/usr/lib/systemd/systemd" hostname=? addr=? terminal=? res=success'
[   12.760044] audit: type=1130 audit(1722067682.526:6): pid=1 uid=0 auid=4294967295 ses=4294967295 subj=kernel msg='unit=systemd-remount-fs comm="systemd" exe="/usr/lib/systemd/systemd" hostname=? addr=? terminal=? res=success'
[   12.784814] audit: type=1130 audit(1722067682.550:7): pid=1 uid=0 auid=4294967295 ses=4294967295 subj=kernel msg='unit=systemd-sysctl comm="systemd" exe="/usr/lib/systemd/systemd" hostname=? addr=? terminal=? res=success'
[   12.793241] systemd-journald[500]: Received client request to flush runtime journal.
[   12.827426] systemd-journald[500]: /var/log/journal/199291c870e94baaab647f34230ca11a/system.journal: Journal file uses a different sequence number ID, rotating.
[   12.827437] systemd-journald[500]: Rotating system journal.
[   12.832481] audit: type=1130 audit(1722067682.598:8): pid=1 uid=0 auid=4294967295 ses=4294967295 subj=kernel msg='unit=systemd-random-seed comm="systemd" exe="/usr/lib/systemd/systemd" hostname=? addr=? terminal=? res=success'
[   12.876544] audit: type=1130 audit(1722067682.642:9): pid=1 uid=0 auid=4294967295 ses=4294967295 subj=kernel msg='unit=systemd-tmpfiles-setup-dev-early comm="systemd" exe="/usr/lib/systemd/systemd" hostname=? addr=? terminal=? res=success'
[   12.922749] audit: type=1130 audit(1722067682.688:10): pid=1 uid=0 auid=4294967295 ses=4294967295 subj=kernel msg='unit=systemd-tmpfiles-setup-dev comm="systemd" exe="/usr/lib/systemd/systemd" hostname=? addr=? terminal=? res=success'
[   12.925001] audit: type=1334 audit(1722067682.691:11): prog-id=36 op=LOAD
[   14.200185] Adding 1048572k swap on /dev/sda2.  Priority:-2 extents:1 across:1048572k SS
[   14.226948] zram0: detected capacity change from 0 to 16777216
[   14.323598] EXT4-fs (sda3): mounted filesystem c87edca8-2b20-4e51-9142-ea830ab682ed r/w with ordered data mode. Quota mode: none.
[   14.356888] Adding 8388604k swap on /dev/zram0.  Priority:100 extents:1 across:8388604k SSDsc
[   14.809439] RPC: Registered named UNIX socket transport module.
[   14.809445] RPC: Registered udp transport module.
[   14.809446] RPC: Registered tcp transport module.
[   14.809448] RPC: Registered tcp-with-tls transport module.
[   14.809449] RPC: Registered tcp NFSv4.1 backchannel transport module.
[   14.907799] thinkpad_acpi: ThinkPad ACPI Extras v0.26
[   14.907805] thinkpad_acpi: http://ibm-acpi.sf.net/
[   14.907807] thinkpad_acpi: ThinkPad BIOS N1CET43W (1.11 ), EC N1CHT27W
[   14.907808] thinkpad_acpi: Lenovo ThinkPad T460s, model 20F9CTO1WW
[   14.908958] mc: Linux media interface: v0.10
[   14.936580] mei_me 0000:00:16.0: enabling device (0000 -> 0002)
[   14.974073] thinkpad_acpi: radio switch found; radios are enabled
[   14.974086] thinkpad_acpi: This ThinkPad has standard ACPI backlight brightness control, supported by the ACPI video driver
[   14.974088] thinkpad_acpi: Disabling thinkpad-acpi brightness events by default...
[   14.997893] Bluetooth: Core ver 2.22
[   14.997918] NET: Registered PF_BLUETOOTH protocol family
[   14.997920] Bluetooth: HCI device and connection manager initialized
[   14.997924] Bluetooth: HCI socket layer initialized
[   14.997926] Bluetooth: L2CAP socket layer initialized
[   14.997932] Bluetooth: SCO socket layer initialized
[   15.039645] thinkpad_acpi: rfkill switch tpacpi_bluetooth_sw: radio is unblocked
[   15.095752] cfg80211: Loading compiled-in X.509 certificates for regulatory database
[   15.096052] Loaded X.509 cert 'sforshee: 00b28ddf47aef9cea7'
[   15.096329] Loaded X.509 cert 'wens: 61c038651aabdcf94bd0ac7ff06c7248db18c600'
[   15.098606] i801_smbus 0000:00:1f.4: SMBus using PCI interrupt
[   15.110278] i2c i2c-6: Successfully instantiated SPD at 0x51
[   15.175758] thinkpad_acpi: battery 2 registered (start 0, stop 100, behaviours: 0x7)
[   15.220569] thinkpad_acpi: battery 1 registered (start 0, stop 100, behaviours: 0x7)
[   15.220590] ACPI: battery: new extension: ThinkPad Battery Extension
[   15.253593] videodev: Linux video capture interface: v2.00
[   15.292368] input: ThinkPad Extra Buttons as /devices/platform/thinkpad_acpi/input/input15
[   15.474428] usbcore: registered new interface driver btusb
[   15.475450] Bluetooth: hci0: Bootloader revision 0.0 build 2 week 52 2014
[   15.482464] Bluetooth: hci0: Device revision is 5
[   15.482471] Bluetooth: hci0: Secure boot is enabled
[   15.482473] Bluetooth: hci0: OTP lock is enabled
[   15.482474] Bluetooth: hci0: API lock is enabled
[   15.482476] Bluetooth: hci0: Debug lock is disabled
[   15.482478] Bluetooth: hci0: Minimum firmware build 1 week 10 2014
[   15.490254] e1000e: Intel(R) PRO/1000 Network Driver
[   15.490259] e1000e: Copyright(c) 1999 - 2015 Intel Corporation.
[   15.493513] e1000e 0000:00:1f.6: Interrupt Throttling Rate (ints/sec) set to dynamic conservative mode
[   15.554693] Bluetooth: hci0: Found device firmware: intel/ibt-11-5.sfi
[   15.664577] input: PC Speaker as /devices/platform/pcspkr/input/input16
[   15.889767] usb 1-8: Found UVC 1.00 device Integrated Camera (04f2:b52c)
[   15.910425] e1000e 0000:00:1f.6 0000:00:1f.6 (uninitialized): registered PHC clock
[   15.911589] resource: resource sanity check: requesting [mem 0x00000000fed10000-0x00000000fed15fff], which spans more than pnp 00:01 [mem 0xfed10000-0xfed13fff]
[   15.911595] caller snb_uncore_imc_init_box+0x87/0xd0 [intel_uncore] mapping multiple BARs
[   15.958339] usbcore: registered new interface driver uvcvideo
[   16.023535] Intel(R) Wireless WiFi driver for Linux
[   16.206604] RAPL PMU: API unit is 2^-32 Joules, 5 fixed counters, 655360 ms ovfl timer
[   16.206609] RAPL PMU: hw unit of domain pp0-core 2^-14 Joules
[   16.206612] RAPL PMU: hw unit of domain package 2^-14 Joules
[   16.206613] RAPL PMU: hw unit of domain dram 2^-14 Joules
[   16.206615] RAPL PMU: hw unit of domain pp1-gpu 2^-14 Joules
[   16.206616] RAPL PMU: hw unit of domain psys 2^-14 Joules
[   16.223657] iwlwifi 0000:04:00.0: Detected crf-id 0xbadcafe, cnv-id 0x3000000 wfpm id 0x80000000
[   16.223945] iwlwifi 0000:04:00.0: PCI dev 24f3/0130, rev=0x201, rfid=0xd55555d5
[   16.344944] e1000e 0000:00:1f.6 eth0: (PCI Express:2.5GT/s:Width x1) 50:7b:9d:e8:8f:92
[   16.344952] e1000e 0000:00:1f.6 eth0: Intel(R) PRO/1000 Network Connection
[   16.347289] e1000e 0000:00:1f.6 eth0: MAC: 12, PHY: 12, PBA No: 1000FF-0FF
[   16.426506] iwlwifi 0000:04:00.0: loaded firmware version 36.ca7b901d.0 8000C-36.ucode op_mode iwlmvm
[   16.567963] NET: Registered PF_QIPCRTR protocol family
[   17.178972] Bluetooth: hci0: Waiting for firmware download to complete
[   17.179406] Bluetooth: hci0: Firmware loaded in 1586612 usecs
[   17.179462] Bluetooth: hci0: Waiting for device to boot
[   17.190417] Bluetooth: hci0: Device booted in 10720 usecs
[   17.190498] Bluetooth: hci0: Malformed MSFT vendor event: 0x02
[   17.319051] Bluetooth: hci0: Found Intel DDC parameters: intel/ibt-11-5.ddc
[   17.322465] Bluetooth: hci0: Applying Intel DDC parameters completed
[   17.323432] Bluetooth: hci0: Firmware revision 0.0 build 14 week 44 2021
[   17.324886] snd_hda_intel 0000:00:1f.3: bound 0000:00:02.0 (ops i915_audio_component_bind_ops [i915])
[   17.325445] Bluetooth: hci0: Reading supported features failed (-16)
[   17.325449] Bluetooth: hci0: Error reading debug features
[   17.325452] Bluetooth: hci0: HCI LE Coded PHY feature bit is set, but its usage is not supported.
[   17.325736] iwlwifi 0000:04:00.0: Detected Intel(R) Dual Band Wireless AC 8260, REV=0x201
[   17.325885] thermal thermal_zone2: failed to read out thermal zone (-61)
[   17.392973] snd_hda_codec_realtek hdaudioC0D0: autoconfig for ALC293: line_outs=1 (0x14/0x0/0x0/0x0/0x0) type:speaker
[   17.392981] snd_hda_codec_realtek hdaudioC0D0:    speaker_outs=0 (0x0/0x0/0x0/0x0/0x0)
[   17.392984] snd_hda_codec_realtek hdaudioC0D0:    hp_outs=2 (0x16/0x15/0x0/0x0/0x0)
[   17.392987] snd_hda_codec_realtek hdaudioC0D0:    mono: mono_out=0x0
[   17.392989] snd_hda_codec_realtek hdaudioC0D0:    inputs:
[   17.392991] snd_hda_codec_realtek hdaudioC0D0:      Dock Mic=0x19
[   17.392993] snd_hda_codec_realtek hdaudioC0D0:      Mic=0x1a
[   17.392995] snd_hda_codec_realtek hdaudioC0D0:      Internal Mic=0x12
[   17.409734] iwlwifi 0000:04:00.0: base HW address: 44:85:00:53:0f:e3, OTP minor version: 0x0
[   17.489942] input: HDA Intel PCH Dock Mic as /devices/pci0000:00/0000:00:1f.3/sound/card0/input17
[   17.490027] input: HDA Intel PCH Mic as /devices/pci0000:00/0000:00:1f.3/sound/card0/input18
[   17.490101] input: HDA Intel PCH Dock Headphone as /devices/pci0000:00/0000:00:1f.3/sound/card0/input19
[   17.490181] input: HDA Intel PCH Headphone as /devices/pci0000:00/0000:00:1f.3/sound/card0/input20
[   17.490260] input: HDA Intel PCH HDMI/DP,pcm=3 as /devices/pci0000:00/0000:00:1f.3/sound/card0/input21
[   17.490477] input: HDA Intel PCH HDMI/DP,pcm=7 as /devices/pci0000:00/0000:00:1f.3/sound/card0/input22
[   17.490559] input: HDA Intel PCH HDMI/DP,pcm=8 as /devices/pci0000:00/0000:00:1f.3/sound/card0/input23
[   17.497239] ieee80211 phy0: Selected rate control algorithm 'iwl-mvm-rs'
[   17.935553] usb 1-7: USB disconnect, device number 3
[   17.968173] iTCO_vendor_support: vendor-support=0
[   17.980675] intel_tcc_cooling: Programmable TCC Offset detected
[   18.145356] iTCO_wdt iTCO_wdt: Found a Intel PCH TCO device (Version=4, TCOBASE=0x0400)
[   18.172146] iTCO_wdt iTCO_wdt: initialized. heartbeat=30 sec (nowayout=0)
[   18.200890] ee1004 6-0051: 512 byte EE1004-compliant SPD EEPROM, read-only
[   18.325754] intel_pmc_core intel_pmc_core.0:  initialized
[   18.646189] Bluetooth: BNEP (Ethernet Emulation) ver 1.3
[   18.646194] Bluetooth: BNEP filters: protocol multicast
[   18.646199] Bluetooth: BNEP socket layer initialized
[   18.947373] e1000e 0000:00:1f.6 enp0s31f6: renamed from eth0
[   19.291572] iwlwifi 0000:04:00.0 wlp4s0: renamed from wlan0
[   20.328844] psmouse serio2: Failed to deactivate mouse on synaptics-pt/serio0: -5
[   20.740770] e1000e 0000:00:1f.6 enp0s31f6: NIC Link is Up 100 Mbps Full Duplex, Flow Control: Rx/Tx
[   20.810847] psmouse serio2: Failed to enable mouse on synaptics-pt/serio0
[   22.925067] intel_rapl_common: Found RAPL domain package
[   22.925073] intel_rapl_common: Found RAPL domain core
[   22.925075] intel_rapl_common: Found RAPL domain uncore
[   22.925077] intel_rapl_common: Found RAPL domain dram
[   22.925079] intel_rapl_common: Found RAPL domain psys
[   23.821636] systemd-journald[500]: /var/log/journal/199291c870e94baaab647f34230ca11a/user-1000.journal: Journal file uses a different sequence number ID, rotating.
[   30.178194] rfkill: input handler disabled
[   32.761929] input: input-remapper keyboard as /devices/virtual/input/input24
[   33.055678] input: input-remapper Razer Razer DeathAdder Essential forwarded as /devices/virtual/input/input25
