[    0.000000] Linux version 6.9.10-200.fc40.x86_64 (mockbuild@3f50f99761a14aa3ac494c275ea00198) (gcc (GCC) 14.1.1 20240701 (Red Hat 14.1.1-7), GNU ld version 2.41-37.fc40) #1 SMP PREEMPT_DYNAMIC Thu Jul 18 21:39:30 UTC 2024
[    0.000000] Command line: BOOT_IMAGE=(hd0,msdos1)/boot/vmlinuz-6.9.10-200.fc40.x86_64 root=UUID=36902a88-f924-4e4b-939b-7b0a62f42ae2 ro resume=UUID=032bf7b1-d85c-4f41-bd13-4c42af4fba65 quiet
[    0.000000] BIOS-provided physical RAM map:
[    0.000000] BIOS-e820: [mem 0x0000000000000000-0x000000000009cfff] usable
[    0.000000] BIOS-e820: [mem 0x000000000009d000-0x000000000009ffff] reserved
[    0.000000] BIOS-e820: [mem 0x00000000000e0000-0x00000000000fffff] reserved
[    0.000000] BIOS-e820: [mem 0x0000000000100000-0x00000000b9bbefff] usable
[    0.000000] BIOS-e820: [mem 0x00000000b9bbf000-0x00000000cca8ffff] reserved
[    0.000000] BIOS-e820: [mem 0x00000000cca90000-0x00000000cca90fff] ACPI NVS
[    0.000000] BIOS-e820: [mem 0x00000000cca91000-0x00000000d7f7dfff] reserved
[    0.000000] BIOS-e820: [mem 0x00000000d7f7e000-0x00000000d7fcdfff] ACPI NVS
[    0.000000] BIOS-e820: [mem 0x00000000d7fce000-0x00000000d7ffdfff] ACPI data
[    0.000000] BIOS-e820: [mem 0x00000000d7ffe000-0x00000000d80fffff] reserved
[    0.000000] BIOS-e820: [mem 0x00000000d8600000-0x00000000dc7fffff] reserved
[    0.000000] BIOS-e820: [mem 0x00000000f8000000-0x00000000fbffffff] reserved
[    0.000000] BIOS-e820: [mem 0x00000000fd000000-0x00000000fe7fffff] reserved
[    0.000000] BIOS-e820: [mem 0x00000000fec00000-0x00000000fec00fff] reserved
[    0.000000] BIOS-e820: [mem 0x00000000fed00000-0x00000000fed00fff] reserved
[    0.000000] BIOS-e820: [mem 0x00000000fed10000-0x00000000fed19fff] reserved
[    0.000000] BIOS-e820: [mem 0x00000000fed84000-0x00000000fed84fff] reserved
[    0.000000] BIOS-e820: [mem 0x00000000fee00000-0x00000000fee00fff] reserved
[    0.000000] BIOS-e820: [mem 0x00000000ff800000-0x00000000ffffffff] reserved
[    0.000000] BIOS-e820: [mem 0x0000000100000000-0x00000003227fffff] usable
[    0.000000] NX (Execute Disable) protection: active
[    0.000000] APIC: Static calls initialized
[    0.000000] SMBIOS 2.8 present.
[    0.000000] DMI: LENOVO 20F9CTO1WW/20F9CTO1WW, BIOS N1CET43W (1.11 ) 04/14/2016
[    0.000000] tsc: Detected 2400.000 MHz processor
[    0.001121] e820: update [mem 0x00000000-0x00000fff] usable ==> reserved
[    0.001125] e820: remove [mem 0x000a0000-0x000fffff] usable
[    0.001139] last_pfn = 0x322800 max_arch_pfn = 0x400000000
[    0.001145] MTRR map: 4 entries (3 fixed + 1 variable; max 23), built from 10 variable MTRRs
[    0.001147] x86/PAT: Configuration [0-7]: WB  WC  UC- UC  WB  WP  UC- WT  
[    0.001516] last_pfn = 0xb9bbf max_arch_pfn = 0x400000000
[    0.011790] Using GB pages for direct mapping
[    0.012112] RAMDISK: [mem 0x33b27000-0x35d8bfff]
[    0.012119] ACPI: Early table checksum verification disabled
[    0.012121] ACPI: RSDP 0x00000000000F0120 000024 (v02 LENOVO)
[    0.012127] ACPI: XSDT 0x00000000D7FCF188 0000E4 (v01 LENOVO TP-N1C   00000000 PTEC 00000002)
[    0.012135] ACPI: FACP 0x00000000D7FF1000 0000F4 (v05 LENOVO TP-N1C   00001110 PTEC 00000002)
[    0.012141] ACPI: DSDT 0x00000000D7FDA000 012361 (v02 LENOVO TP-N1C   00001110 INTL 20141107)
[    0.012146] ACPI: FACS 0x00000000D7F98000 000040
[    0.012150] ACPI: TCPA 0x00000000D7FFB000 000032 (v02 LENOVO TP-N1C   00000002 PTEC 00000002)
[    0.012154] ACPI: SSDT 0x00000000D7FFA000 0004B7 (v02 LENOVO Tpm2Tabl 00001000 INTL 20141107)
[    0.012158] ACPI: SSDT 0x00000000D7FF9000 00004B (v02 LENOVO MeSsdt   00003000 INTL 20141107)
[    0.012162] ACPI: TPM2 0x00000000D7FF8000 000034 (v03 LENOVO TP-N1C   00001110 PTEC 00000002)
[    0.012167] ACPI: UEFI 0x00000000D7FAF000 000042 (v01 LENOVO TP-N1C   00001110 PTEC 00000002)
[    0.012171] ACPI: SSDT 0x00000000D7FF3000 004E0A (v02 LENOVO SaSsdt   00003000 INTL 20141107)
[    0.012175] ACPI: SSDT 0x00000000D7FF2000 0005C5 (v02 LENOVO PerfTune 00001000 INTL 20141107)
[    0.012179] ACPI: ECDT 0x00000000D7FF0000 000052 (v01 LENOVO TP-N1C   00001110 PTEC 00000002)
[    0.012183] ACPI: HPET 0x00000000D7FEF000 000038 (v01 LENOVO TP-N1C   00001110 PTEC 00000002)
[    0.012187] ACPI: APIC 0x00000000D7FEE000 0000BC (v03 LENOVO TP-N1C   00001110 PTEC 00000002)
[    0.012191] ACPI: MCFG 0x00000000D7FED000 00003C (v01 LENOVO TP-N1C   00001110 PTEC 00000002)
[    0.012196] ACPI: SSDT 0x00000000D7FD8000 0018D2 (v01 LENOVO SataAhci 00001000 INTL 20141107)
[    0.012200] ACPI: DBGP 0x00000000D7FD7000 000034 (v01 LENOVO TP-N1C   00001110 PTEC 00000002)
[    0.012204] ACPI: DBG2 0x00000000D7FD6000 000054 (v00 LENOVO TP-N1C   00001110 PTEC 00000002)
[    0.012208] ACPI: BOOT 0x00000000D7FD5000 000028 (v01 LENOVO TP-N1C   00001110 PTEC 00000002)
[    0.012212] ACPI: BATB 0x00000000D7FD4000 000046 (v01 LENOVO TP-N1C   00001110 PTEC 00000002)
[    0.012216] ACPI: SSDT 0x00000000D7FD3000 000E73 (v02 LENOVO CpuSsdt  00003000 INTL 20141107)
[    0.012220] ACPI: SSDT 0x00000000D7FD2000 000403 (v02 LENOVO CtdpB    00001000 INTL 20141107)
[    0.012225] ACPI: MSDM 0x00000000D7FD1000 000055 (v03 LENOVO TP-N1C   00001110 PTEC 00000002)
[    0.012229] ACPI: DMAR 0x00000000D7FD0000 0000A8 (v01 LENOVO TP-N1C   00001110 PTEC 00000002)
[    0.012233] ACPI: ASF! 0x00000000D7FFC000 0000A5 (v32 LENOVO TP-N1C   00001110 PTEC 00000002)
[    0.012237] ACPI: FPDT 0x00000000D7FCE000 000044 (v01 LENOVO TP-N1C   00001110 PTEC 00000002)
[    0.012241] ACPI: UEFI 0x00000000D7F96000 00012A (v01 LENOVO TP-N1C   00001110 PTEC 00000002)
[    0.012244] ACPI: Reserving FACP table memory at [mem 0xd7ff1000-0xd7ff10f3]
[    0.012247] ACPI: Reserving DSDT table memory at [mem 0xd7fda000-0xd7fec360]
[    0.012248] ACPI: Reserving FACS table memory at [mem 0xd7f98000-0xd7f9803f]
[    0.012249] ACPI: Reserving TCPA table memory at [mem 0xd7ffb000-0xd7ffb031]
[    0.012250] ACPI: Reserving SSDT table memory at [mem 0xd7ffa000-0xd7ffa4b6]
[    0.012251] ACPI: Reserving SSDT table memory at [mem 0xd7ff9000-0xd7ff904a]
[    0.012252] ACPI: Reserving TPM2 table memory at [mem 0xd7ff8000-0xd7ff8033]
[    0.012253] ACPI: Reserving UEFI table memory at [mem 0xd7faf000-0xd7faf041]
[    0.012254] ACPI: Reserving SSDT table memory at [mem 0xd7ff3000-0xd7ff7e09]
[    0.012256] ACPI: Reserving SSDT table memory at [mem 0xd7ff2000-0xd7ff25c4]
[    0.012257] ACPI: Reserving ECDT table memory at [mem 0xd7ff0000-0xd7ff0051]
[    0.012258] ACPI: Reserving HPET table memory at [mem 0xd7fef000-0xd7fef037]
[    0.012259] ACPI: Reserving APIC table memory at [mem 0xd7fee000-0xd7fee0bb]
[    0.012260] ACPI: Reserving MCFG table memory at [mem 0xd7fed000-0xd7fed03b]
[    0.012261] ACPI: Reserving SSDT table memory at [mem 0xd7fd8000-0xd7fd98d1]
[    0.012262] ACPI: Reserving DBGP table memory at [mem 0xd7fd7000-0xd7fd7033]
[    0.012263] ACPI: Reserving DBG2 table memory at [mem 0xd7fd6000-0xd7fd6053]
[    0.012264] ACPI: Reserving BOOT table memory at [mem 0xd7fd5000-0xd7fd5027]
[    0.012266] ACPI: Reserving BATB table memory at [mem 0xd7fd4000-0xd7fd4045]
[    0.012267] ACPI: Reserving SSDT table memory at [mem 0xd7fd3000-0xd7fd3e72]
[    0.012268] ACPI: Reserving SSDT table memory at [mem 0xd7fd2000-0xd7fd2402]
[    0.012269] ACPI: Reserving MSDM table memory at [mem 0xd7fd1000-0xd7fd1054]
[    0.012270] ACPI: Reserving DMAR table memory at [mem 0xd7fd0000-0xd7fd00a7]
[    0.012271] ACPI: Reserving ASF! table memory at [mem 0xd7ffc000-0xd7ffc0a4]
[    0.012272] ACPI: Reserving FPDT table memory at [mem 0xd7fce000-0xd7fce043]
[    0.012273] ACPI: Reserving UEFI table memory at [mem 0xd7f96000-0xd7f96129]
[    0.012521] No NUMA configuration found
[    0.012522] Faking a node at [mem 0x0000000000000000-0x00000003227fffff]
[    0.012535] NODE_DATA(0) allocated [mem 0x3227d5000-0x3227fffff]
[    0.012824] Zone ranges:
[    0.012825]   DMA      [mem 0x0000000000001000-0x0000000000ffffff]
[    0.012827]   DMA32    [mem 0x0000000001000000-0x00000000ffffffff]
[    0.012830]   Normal   [mem 0x0000000100000000-0x00000003227fffff]
[    0.012832]   Device   empty
[    0.012833] Movable zone start for each node
[    0.012837] Early memory node ranges
[    0.012838]   node   0: [mem 0x0000000000001000-0x000000000009cfff]
[    0.012840]   node   0: [mem 0x0000000000100000-0x00000000b9bbefff]
[    0.012842]   node   0: [mem 0x0000000100000000-0x00000003227fffff]
[    0.012844] Initmem setup node 0 [mem 0x0000000000001000-0x00000003227fffff]
[    0.012850] On node 0, zone DMA: 1 pages in unavailable ranges
[    0.012889] On node 0, zone DMA: 99 pages in unavailable ranges
[    0.041337] On node 0, zone Normal: 25665 pages in unavailable ranges
[    0.041708] On node 0, zone Normal: 22528 pages in unavailable ranges
[    0.041719] Reserving Intel graphics memory at [mem 0xda800000-0xdc7fffff]
[    0.041873] ACPI: PM-Timer IO Port: 0x1808
[    0.041882] ACPI: LAPIC_NMI (acpi_id[0x01] high edge lint[0x1])
[    0.041884] ACPI: LAPIC_NMI (acpi_id[0x02] high edge lint[0x1])
[    0.041885] ACPI: LAPIC_NMI (acpi_id[0x03] high edge lint[0x1])
[    0.041887] ACPI: LAPIC_NMI (acpi_id[0x04] high edge lint[0x1])
[    0.041888] ACPI: LAPIC_NMI (acpi_id[0x05] high edge lint[0x1])
[    0.041889] ACPI: LAPIC_NMI (acpi_id[0x06] high edge lint[0x1])
[    0.041890] ACPI: LAPIC_NMI (acpi_id[0x07] high edge lint[0x1])
[    0.041891] ACPI: LAPIC_NMI (acpi_id[0x08] high edge lint[0x1])
[    0.041917] IOAPIC[0]: apic_id 2, version 32, address 0xfec00000, GSI 0-119
[    0.041921] ACPI: INT_SRC_OVR (bus 0 bus_irq 0 global_irq 2 dfl dfl)
[    0.041924] ACPI: INT_SRC_OVR (bus 0 bus_irq 9 global_irq 9 high level)
[    0.041929] ACPI: Using ACPI (MADT) for SMP configuration information
[    0.041931] ACPI: HPET id: 0x8086a201 base: 0xfed00000
[    0.041935] TSC deadline timer available
[    0.041940] CPU topo: Max. logical packages:   1
[    0.041942] CPU topo: Max. logical dies:       1
[    0.041942] CPU topo: Max. dies per package:   1
[    0.041948] CPU topo: Max. threads per core:   2
[    0.041949] CPU topo: Num. cores per package:     2
[    0.041950] CPU topo: Num. threads per package:   4
[    0.041951] CPU topo: Allowing 4 present CPUs plus 0 hotplug CPUs
[    0.041970] PM: hibernation: Registered nosave memory: [mem 0x00000000-0x00000fff]
[    0.041973] PM: hibernation: Registered nosave memory: [mem 0x0009d000-0x0009ffff]
[    0.041975] PM: hibernation: Registered nosave memory: [mem 0x000a0000-0x000dffff]
[    0.041976] PM: hibernation: Registered nosave memory: [mem 0x000e0000-0x000fffff]
[    0.041977] PM: hibernation: Registered nosave memory: [mem 0xb9bbf000-0xcca8ffff]
[    0.041979] PM: hibernation: Registered nosave memory: [mem 0xcca90000-0xcca90fff]
[    0.041980] PM: hibernation: Registered nosave memory: [mem 0xcca91000-0xd7f7dfff]
[    0.041981] PM: hibernation: Registered nosave memory: [mem 0xd7f7e000-0xd7fcdfff]
[    0.041982] PM: hibernation: Registered nosave memory: [mem 0xd7fce000-0xd7ffdfff]
[    0.041983] PM: hibernation: Registered nosave memory: [mem 0xd7ffe000-0xd80fffff]
[    0.041984] PM: hibernation: Registered nosave memory: [mem 0xd8100000-0xd85fffff]
[    0.041984] PM: hibernation: Registered nosave memory: [mem 0xd8600000-0xdc7fffff]
[    0.041985] PM: hibernation: Registered nosave memory: [mem 0xdc800000-0xf7ffffff]
[    0.041986] PM: hibernation: Registered nosave memory: [mem 0xf8000000-0xfbffffff]
[    0.041987] PM: hibernation: Registered nosave memory: [mem 0xfc000000-0xfcffffff]
[    0.041988] PM: hibernation: Registered nosave memory: [mem 0xfd000000-0xfe7fffff]
[    0.041989] PM: hibernation: Registered nosave memory: [mem 0xfe800000-0xfebfffff]
[    0.041990] PM: hibernation: Registered nosave memory: [mem 0xfec00000-0xfec00fff]
[    0.041991] PM: hibernation: Registered nosave memory: [mem 0xfec01000-0xfecfffff]
[    0.041992] PM: hibernation: Registered nosave memory: [mem 0xfed00000-0xfed00fff]
[    0.041993] PM: hibernation: Registered nosave memory: [mem 0xfed01000-0xfed0ffff]
[    0.041994] PM: hibernation: Registered nosave memory: [mem 0xfed10000-0xfed19fff]
[    0.041995] PM: hibernation: Registered nosave memory: [mem 0xfed1a000-0xfed83fff]
[    0.041996] PM: hibernation: Registered nosave memory: [mem 0xfed84000-0xfed84fff]
[    0.041997] PM: hibernation: Registered nosave memory: [mem 0xfed85000-0xfedfffff]
[    0.041998] PM: hibernation: Registered nosave memory: [mem 0xfee00000-0xfee00fff]
[    0.041999] PM: hibernation: Registered nosave memory: [mem 0xfee01000-0xff7fffff]
[    0.042000] PM: hibernation: Registered nosave memory: [mem 0xff800000-0xffffffff]
[    0.042002] [mem 0xdc800000-0xf7ffffff] available for PCI devices
[    0.042004] Booting paravirtualized kernel on bare hardware
[    0.042006] clocksource: refined-jiffies: mask: 0xffffffff max_cycles: 0xffffffff, max_idle_ns: 1910969940391419 ns
[    0.051342] setup_percpu: NR_CPUS:8192 nr_cpumask_bits:4 nr_cpu_ids:4 nr_node_ids:1
[    0.051665] percpu: Embedded 87 pages/cpu s233472 r8192 d114688 u524288
[    0.051673] pcpu-alloc: s233472 r8192 d114688 u524288 alloc=1*2097152
[    0.051676] pcpu-alloc: [0] 0 1 2 3 
[    0.051701] Kernel command line: BOOT_IMAGE=(hd0,msdos1)/boot/vmlinuz-6.9.10-200.fc40.x86_64 root=UUID=36902a88-f924-4e4b-939b-7b0a62f42ae2 ro resume=UUID=032bf7b1-d85c-4f41-bd13-4c42af4fba65 quiet
[    0.051780] Unknown kernel command line parameters "BOOT_IMAGE=(hd0,msdos1)/boot/vmlinuz-6.9.10-200.fc40.x86_64", will be passed to user space.
[    0.051814] random: crng init done
[    0.053753] Dentry cache hash table entries: 2097152 (order: 12, 16777216 bytes, linear)
[    0.054734] Inode-cache hash table entries: 1048576 (order: 11, 8388608 bytes, linear)
[    0.054827] Fallback order for Node 0: 0 
[    0.054831] Built 1 zonelists, mobility grouping on.  Total pages: 2952112
[    0.054833] Policy zone: Normal
[    0.055117] mem auto-init: stack:all(zero), heap alloc:on, heap free:off
[    0.055128] software IO TLB: area num 4.
[    0.106776] Memory: 11617656K/11996524K available (20480K kernel code, 4290K rwdata, 15104K rodata, 4700K init, 5356K bss, 378608K reserved, 0K cma-reserved)
[    0.108007] SLUB: HWalign=64, Order=0-3, MinObjects=0, CPUs=4, Nodes=1
[    0.108036] Kernel/User page tables isolation: enabled
[    0.108077] ftrace: allocating 55392 entries in 217 pages
[    0.119740] ftrace: allocated 217 pages with 5 groups
[    0.120855] Dynamic Preempt: voluntary
[    0.120929] rcu: Preemptible hierarchical RCU implementation.
[    0.120930] rcu: 	RCU restricting CPUs from NR_CPUS=8192 to nr_cpu_ids=4.
[    0.120932] 	Trampoline variant of Tasks RCU enabled.
[    0.120933] 	Rude variant of Tasks RCU enabled.
[    0.120933] 	Tracing variant of Tasks RCU enabled.
[    0.120934] rcu: RCU calculated value of scheduler-enlistment delay is 100 jiffies.
[    0.120935] rcu: Adjusting geometry for rcu_fanout_leaf=16, nr_cpu_ids=4
[    0.120942] RCU Tasks: Setting shift to 2 and lim to 1 rcu_task_cb_adjust=1.
[    0.120944] RCU Tasks Rude: Setting shift to 2 and lim to 1 rcu_task_cb_adjust=1.
[    0.120946] RCU Tasks Trace: Setting shift to 2 and lim to 1 rcu_task_cb_adjust=1.
[    0.127215] NR_IRQS: 524544, nr_irqs: 1024, preallocated irqs: 16
[    0.127462] rcu: srcu_init: Setting srcu_struct sizes based on contention.
[    0.127741] kfence: initialized - using 2097152 bytes for 255 objects at 0x(____ptrval____)-0x(____ptrval____)
[    0.131354] Console: colour VGA+ 80x25
[    0.131357] printk: legacy console [tty0] enabled
[    0.131410] ACPI: Core revision 20230628
[    0.131600] hpet: HPET dysfunctional in PC10. Force disabled.
[    0.131602] APIC: Switch to symmetric I/O mode setup
[    0.131605] DMAR: Host address width 39
[    0.131606] DMAR: DRHD base: 0x000000fed90000 flags: 0x0
[    0.131618] DMAR: dmar0: reg_base_addr fed90000 ver 1:0 cap 1c0000c40660462 ecap 7e3ff0505e
[    0.131622] DMAR: DRHD base: 0x000000fed91000 flags: 0x1
[    0.131627] DMAR: dmar1: reg_base_addr fed91000 ver 1:0 cap d2008c40660462 ecap f050da
[    0.131629] DMAR: RMRR base: 0x000000d7f2d000 end: 0x000000d7f4cfff
[    0.131634] DMAR: RMRR base: 0x000000da000000 end: 0x000000dc7fffff
[    0.131636] DMAR-IR: IOAPIC id 2 under DRHD base  0xfed91000 IOMMU 1
[    0.131638] DMAR-IR: HPET id 0 under DRHD base 0xfed91000
[    0.131640] DMAR-IR: x2apic is disabled because BIOS sets x2apic opt out bit.
[    0.131641] DMAR-IR: Use 'intremap=no_x2apic_optout' to override the BIOS setting.
[    0.133363] DMAR-IR: Enabled IRQ remapping in xapic mode
[    0.133365] x2apic: IRQ remapping doesn't support X2APIC mode
[    0.137312] clocksource: tsc-early: mask: 0xffffffffffffffff max_cycles: 0x22983777dd9, max_idle_ns: 440795300422 ns
[    0.137320] Calibrating delay loop (skipped), value calculated using timer frequency.. 4800.00 BogoMIPS (lpj=2400000)
[    0.137351] x86/cpu: SGX disabled by BIOS.
[    0.137358] CPU0: Thermal monitoring enabled (TM1)
[    0.137410] Last level iTLB entries: 4KB 64, 2MB 8, 4MB 8
[    0.137412] Last level dTLB entries: 4KB 64, 2MB 0, 4MB 0, 1GB 4
[    0.137417] process: using mwait in idle threads
[    0.137420] Spectre V1 : Mitigation: usercopy/swapgs barriers and __user pointer sanitization
[    0.137424] Spectre V2 : Mitigation: IBRS
[    0.137425] Spectre V2 : Spectre v2 / SpectreRSB mitigation: Filling RSB on context switch
[    0.137426] Spectre V2 : Spectre v2 / SpectreRSB : Filling RSB on VMEXIT
[    0.137427] RETBleed: Mitigation: IBRS
[    0.137429] Spectre V2 : mitigation: Enabling conditional Indirect Branch Prediction Barrier
[    0.137431] Spectre V2 : User space: Mitigation: STIBP via prctl
[    0.137433] Speculative Store Bypass: Mitigation: Speculative Store Bypass disabled via prctl
[    0.137441] MDS: Mitigation: Clear CPU buffers
[    0.137442] MMIO Stale Data: Mitigation: Clear CPU buffers
[    0.137445] SRBDS: Mitigation: Microcode
[    0.137447] GDS: Vulnerable: No microcode
[    0.137453] x86/fpu: Supporting XSAVE feature 0x001: 'x87 floating point registers'
[    0.137455] x86/fpu: Supporting XSAVE feature 0x002: 'SSE registers'
[    0.137457] x86/fpu: Supporting XSAVE feature 0x004: 'AVX registers'
[    0.137458] x86/fpu: Supporting XSAVE feature 0x008: 'MPX bounds registers'
[    0.137460] x86/fpu: Supporting XSAVE feature 0x010: 'MPX CSR'
[    0.137462] x86/fpu: xstate_offset[2]:  576, xstate_sizes[2]:  256
[    0.137465] x86/fpu: xstate_offset[3]:  832, xstate_sizes[3]:   64
[    0.137467] x86/fpu: xstate_offset[4]:  896, xstate_sizes[4]:   64
[    0.137469] x86/fpu: Enabled xstate features 0x1f, context size is 960 bytes, using 'compacted' format.
[    0.138317] Freeing SMP alternatives memory: 48K
[    0.138317] pid_max: default: 32768 minimum: 301
[    0.138317] LSM: initializing lsm=lockdown,capability,yama,selinux,bpf,landlock,ima,evm
[    0.138317] Yama: becoming mindful.
[    0.138317] SELinux:  Initializing.
[    0.138317] LSM support for eBPF active
[    0.138317] landlock: Up and running.
[    0.138317] Mount-cache hash table entries: 32768 (order: 6, 262144 bytes, linear)
[    0.138317] Mountpoint-cache hash table entries: 32768 (order: 6, 262144 bytes, linear)
[    0.138317] smpboot: CPU0: Intel(R) Core(TM) i5-6200U CPU @ 2.30GHz (family: 0x6, model: 0x4e, stepping: 0x3)
[    0.138317] Performance Events: PEBS fmt3+, Skylake events, 32-deep LBR, full-width counters, Intel PMU driver.
[    0.138317] ... version:                4
[    0.138317] ... bit width:              48
[    0.138317] ... generic registers:      4
[    0.138317] ... value mask:             0000ffffffffffff
[    0.138317] ... max period:             00007fffffffffff
[    0.138317] ... fixed-purpose events:   3
[    0.138317] ... event mask:             000000070000000f
[    0.138317] signal: max sigframe size: 2032
[    0.138317] Estimated ratio of average max frequency by base frequency (times 1024): 1152
[    0.138317] rcu: Hierarchical SRCU implementation.
[    0.138317] rcu: 	Max phase no-delay instances is 400.
[    0.138582] NMI watchdog: Enabled. Permanently consumes one hw-PMU counter.
[    0.138646] smp: Bringing up secondary CPUs ...
[    0.138794] smpboot: x86: Booting SMP configuration:
[    0.138796] .... node  #0, CPUs:      #1 #2 #3
[    0.142483] MDS CPU bug present and SMT on, data leak possible. See https://www.kernel.org/doc/html/latest/admin-guide/hw-vuln/mds.html for more details.
[    0.142483] MMIO Stale Data CPU bug present and SMT on, data leak possible. See https://www.kernel.org/doc/html/latest/admin-guide/hw-vuln/processor_mmio_stale_data.html for more details.
[    0.142483] smp: Brought up 1 node, 4 CPUs
[    0.142483] smpboot: Total of 4 processors activated (19200.00 BogoMIPS)
[    0.143795] devtmpfs: initialized
[    0.143795] x86/mm: Memory block size: 128MB
[    0.145498] ACPI: PM: Registering ACPI NVS region [mem 0xcca90000-0xcca90fff] (4096 bytes)
[    0.145498] ACPI: PM: Registering ACPI NVS region [mem 0xd7f7e000-0xd7fcdfff] (327680 bytes)
[    0.145498] clocksource: jiffies: mask: 0xffffffff max_cycles: 0xffffffff, max_idle_ns: 1911260446275000 ns
[    0.145498] futex hash table entries: 1024 (order: 4, 65536 bytes, linear)
[    0.145515] pinctrl core: initialized pinctrl subsystem
[    0.145715] PM: RTC time: 08:12:59, date: 2024-07-27
[    0.146585] NET: Registered PF_NETLINK/PF_ROUTE protocol family
[    0.146938] DMA: preallocated 2048 KiB GFP_KERNEL pool for atomic allocations
[    0.147098] DMA: preallocated 2048 KiB GFP_KERNEL|GFP_DMA pool for atomic allocations
[    0.147265] DMA: preallocated 2048 KiB GFP_KERNEL|GFP_DMA32 pool for atomic allocations
[    0.147295] audit: initializing netlink subsys (disabled)
[    0.147364] audit: type=2000 audit(1722067979.010:1): state=initialized audit_enabled=0 res=1
[    0.147561] thermal_sys: Registered thermal governor 'fair_share'
[    0.147564] thermal_sys: Registered thermal governor 'bang_bang'
[    0.147565] thermal_sys: Registered thermal governor 'step_wise'
[    0.147566] thermal_sys: Registered thermal governor 'user_space'
[    0.147577] cpuidle: using governor menu
[    0.147577] Simple Boot Flag at 0x47 set to 0x1
[    0.147577] acpiphp: ACPI Hot Plug PCI Controller Driver version: 0.5
[    0.147618] PCI: ECAM [mem 0xf8000000-0xfbffffff] (base 0xf8000000) for domain 0000 [bus 00-3f]
[    0.147638] PCI: Using configuration type 1 for base access
[    0.147761] kprobes: kprobe jump-optimization is enabled. All kprobes are optimized if possible.
[    0.148393] HugeTLB: registered 1.00 GiB page size, pre-allocated 0 pages
[    0.148393] HugeTLB: 16380 KiB vmemmap can be freed for a 1.00 GiB page
[    0.148393] HugeTLB: registered 2.00 MiB page size, pre-allocated 0 pages
[    0.148393] HugeTLB: 28 KiB vmemmap can be freed for a 2.00 MiB page
[    0.148649] Demotion targets for Node 0: null
[    0.148649] cryptd: max_cpu_qlen set to 1000
[    0.148649] raid6: skipped pq benchmark and selected avx2x4
[    0.148649] raid6: using avx2x2 recovery algorithm
[    0.148649] ACPI: Added _OSI(Module Device)
[    0.148649] ACPI: Added _OSI(Processor Device)
[    0.148649] ACPI: Added _OSI(3.0 _SCP Extensions)
[    0.148649] ACPI: Added _OSI(Processor Aggregator Device)
[    0.188366] ACPI: 8 ACPI AML tables successfully acquired and loaded
[    0.189562] ACPI: EC: EC started
[    0.189564] ACPI: EC: interrupt blocked
[    0.190375] ACPI: EC: EC_CMD/EC_SC=0x66, EC_DATA=0x62
[    0.190378] ACPI: EC: Boot ECDT EC used to handle transactions
[    0.190774] ACPI: [Firmware Bug]: BIOS _OSI(Linux) query ignored
[    0.197256] ACPI: Dynamic OEM Table Load:
[    0.197256] ACPI: SSDT 0xFFFF9851C1AEFC00 0003CF (v02 PmRef  Cpu0Cst  00003001 INTL 20141107)
[    0.197317] ACPI: Dynamic OEM Table Load:
[    0.198320] ACPI: SSDT 0xFFFF9851C0EFA000 00068B (v02 PmRef  Cpu0Ist  00003000 INTL 20141107)
[    0.199566] ACPI: Dynamic OEM Table Load:
[    0.199574] ACPI: SSDT 0xFFFF9851C1AEA180 00008E (v02 PmRef  Cpu0Hwp  00003000 INTL 20141107)
[    0.200494] ACPI: Dynamic OEM Table Load:
[    0.200502] ACPI: SSDT 0xFFFF9851C106A600 000130 (v02 PmRef  HwpLvt   00003000 INTL 20141107)
[    0.201959] ACPI: Dynamic OEM Table Load:
[    0.201973] ACPI: SSDT 0xFFFF9851C0EFE000 0005AA (v02 PmRef  ApIst    00003000 INTL 20141107)
[    0.203358] ACPI: Dynamic OEM Table Load:
[    0.203366] ACPI: SSDT 0xFFFF9851C106AE00 000119 (v02 PmRef  ApHwp    00003000 INTL 20141107)
[    0.204392] ACPI: Dynamic OEM Table Load:
[    0.204400] ACPI: SSDT 0xFFFF9851C106BA00 000119 (v02 PmRef  ApCst    00003000 INTL 20141107)
[    0.206625] ACPI: _OSC evaluated successfully for all CPUs
[    0.206627] ACPI: Interpreter enabled
[    0.206682] ACPI: PM: (supports S0 S3 S4 S5)
[    0.206684] ACPI: Using IOAPIC for interrupt routing
[    0.208340] PCI: Using host bridge windows from ACPI; if necessary, use "pci=nocrs" and report a bug
[    0.208340] PCI: Using E820 reservations for host bridge windows
[    0.208389] ACPI: Enabled 5 GPEs in block 00 to 7F
[    0.212194] ACPI: \_SB_.PCI0.LPC_.EC__.PUBS: New power resource
[    0.213864] ACPI: \_SB_.PCI0.PEG0.PG00: New power resource
[    0.213988] ACPI: \_SB_.PCI0.PEG1.PG01: New power resource
[    0.214103] ACPI: \_SB_.PCI0.PEG2.PG02: New power resource
[    0.216259] ACPI: \_SB_.PCI0.EXP2.PXSX.WRST: New power resource
[    0.216381] ACPI: \_SB_.PCI0.EXP3.PXSX.WRST: New power resource
[    0.233253] ACPI: PCI: Interrupt link LNKA configured for IRQ 0
[    0.233257] ACPI: PCI: Interrupt link LNKA disabled
[    0.233343] ACPI: PCI: Interrupt link LNKB configured for IRQ 0
[    0.233345] ACPI: PCI: Interrupt link LNKB disabled
[    0.233428] ACPI: PCI: Interrupt link LNKC configured for IRQ 0
[    0.233430] ACPI: PCI: Interrupt link LNKC disabled
[    0.233511] ACPI: PCI: Interrupt link LNKD configured for IRQ 0
[    0.233512] ACPI: PCI: Interrupt link LNKD disabled
[    0.233593] ACPI: PCI: Interrupt link LNKE configured for IRQ 0
[    0.233594] ACPI: PCI: Interrupt link LNKE disabled
[    0.233676] ACPI: PCI: Interrupt link LNKF configured for IRQ 0
[    0.233677] ACPI: PCI: Interrupt link LNKF disabled
[    0.233758] ACPI: PCI: Interrupt link LNKG configured for IRQ 0
[    0.233759] ACPI: PCI: Interrupt link LNKG disabled
[    0.233840] ACPI: PCI: Interrupt link LNKH configured for IRQ 0
[    0.233841] ACPI: PCI: Interrupt link LNKH disabled
[    0.233976] ACPI: PCI Root Bridge [PCI0] (domain 0000 [bus 00-3f])
[    0.233984] acpi PNP0A08:00: _OSC: OS supports [ExtendedConfig ASPM ClockPM Segments MSI EDR HPX-Type3]
[    0.234050] acpi PNP0A08:00: _OSC: platform does not support [SHPCHotplug PCIeCapability LTR DPC]
[    0.234100] acpi PNP0A08:00: _OSC: not requesting control; platform does not support [PCIeCapability]
[    0.234103] acpi PNP0A08:00: _OSC: OS requested [PCIeHotplug SHPCHotplug PME AER PCIeCapability LTR DPC]
[    0.234106] acpi PNP0A08:00: _OSC: platform willing to grant [PCIeHotplug PME AER]
[    0.234108] acpi PNP0A08:00: _OSC: platform retains control of PCIe features (AE_SUPPORT)
[    0.234452] PCI host bridge to bus 0000:00
[    0.234455] pci_bus 0000:00: root bus resource [io  0x0000-0x0cf7 window]
[    0.234458] pci_bus 0000:00: root bus resource [io  0x0d00-0xffff window]
[    0.234461] pci_bus 0000:00: root bus resource [mem 0x000a0000-0x000bffff window]
[    0.234463] pci_bus 0000:00: root bus resource [mem 0xdc800000-0xfebfffff window]
[    0.234466] pci_bus 0000:00: root bus resource [bus 00-3f]
[    0.234489] pci 0000:00:00.0: [8086:1904] type 00 class 0x060000 conventional PCI endpoint
[    0.234586] pci 0000:00:02.0: [8086:1916] type 00 class 0x030000 PCIe Root Complex Integrated Endpoint
[    0.234598] pci 0000:00:02.0: BAR 0 [mem 0xf0000000-0xf0ffffff 64bit]
[    0.234606] pci 0000:00:02.0: BAR 2 [mem 0xe0000000-0xefffffff 64bit pref]
[    0.234612] pci 0000:00:02.0: BAR 4 [io  0xe000-0xe03f]
[    0.234636] pci 0000:00:02.0: Video device with shadowed ROM at [mem 0x000c0000-0x000dffff]
[    0.234867] pci 0000:00:08.0: [8086:1911] type 00 class 0x088000 conventional PCI endpoint
[    0.234883] pci 0000:00:08.0: BAR 0 [mem 0xf124a000-0xf124afff 64bit]
[    0.235017] pci 0000:00:14.0: [8086:9d2f] type 00 class 0x0c0330 conventional PCI endpoint
[    0.235037] pci 0000:00:14.0: BAR 0 [mem 0xf1220000-0xf122ffff 64bit]
[    0.235109] pci 0000:00:14.0: PME# supported from D3hot D3cold
[    0.235782] pci 0000:00:14.2: [8086:9d31] type 00 class 0x118000 conventional PCI endpoint
[    0.235803] pci 0000:00:14.2: BAR 0 [mem 0xf124b000-0xf124bfff 64bit]
[    0.235947] pci 0000:00:16.0: [8086:9d3a] type 00 class 0x078000 conventional PCI endpoint
[    0.235970] pci 0000:00:16.0: BAR 0 [mem 0xf124c000-0xf124cfff 64bit]
[    0.236049] pci 0000:00:16.0: PME# supported from D3hot
[    0.236478] pci 0000:00:17.0: [8086:9d03] type 00 class 0x010601 conventional PCI endpoint
[    0.236494] pci 0000:00:17.0: BAR 0 [mem 0xf1248000-0xf1249fff]
[    0.236503] pci 0000:00:17.0: BAR 1 [mem 0xf124f000-0xf124f0ff]
[    0.236512] pci 0000:00:17.0: BAR 2 [io  0xe080-0xe087]
[    0.236521] pci 0000:00:17.0: BAR 3 [io  0xe088-0xe08b]
[    0.236529] pci 0000:00:17.0: BAR 4 [io  0xe060-0xe07f]
[    0.236538] pci 0000:00:17.0: BAR 5 [mem 0xf124d000-0xf124d7ff]
[    0.236584] pci 0000:00:17.0: PME# supported from D3hot
[    0.237008] pci 0000:00:1c.0: [8086:9d10] type 01 class 0x060400 PCIe Root Port
[    0.237032] pci 0000:00:1c.0: PCI bridge to [bus 02]
[    0.237039] pci 0000:00:1c.0:   bridge window [mem 0xf1100000-0xf11fffff]
[    0.237107] pci 0000:00:1c.0: PME# supported from D0 D3hot D3cold
[    0.237774] pci 0000:00:1c.2: [8086:9d12] type 01 class 0x060400 PCIe Root Port
[    0.237799] pci 0000:00:1c.2: PCI bridge to [bus 04]
[    0.237805] pci 0000:00:1c.2:   bridge window [mem 0xf1000000-0xf10fffff]
[    0.237872] pci 0000:00:1c.2: PME# supported from D0 D3hot D3cold
[    0.238551] pci 0000:00:1f.0: [8086:9d48] type 00 class 0x060100 conventional PCI endpoint
[    0.239082] pci 0000:00:1f.2: [8086:9d21] type 00 class 0x058000 conventional PCI endpoint
[    0.239099] pci 0000:00:1f.2: BAR 0 [mem 0xf1244000-0xf1247fff]
[    0.239555] pci 0000:00:1f.3: [8086:9d70] type 00 class 0x040300 conventional PCI endpoint
[    0.239581] pci 0000:00:1f.3: BAR 0 [mem 0xf1240000-0xf1243fff 64bit]
[    0.239616] pci 0000:00:1f.3: BAR 4 [mem 0xf1230000-0xf123ffff 64bit]
[    0.239671] pci 0000:00:1f.3: PME# supported from D3hot D3cold
[    0.240113] pci 0000:00:1f.4: [8086:9d23] type 00 class 0x0c0500 conventional PCI endpoint
[    0.240172] pci 0000:00:1f.4: BAR 0 [mem 0xf124e000-0xf124e0ff 64bit]
[    0.240244] pci 0000:00:1f.4: BAR 4 [io  0xefa0-0xefbf]
[    0.240723] pci 0000:00:1f.6: [8086:1570] type 00 class 0x020000 conventional PCI endpoint
[    0.240744] pci 0000:00:1f.6: BAR 0 [mem 0xf1200000-0xf121ffff]
[    0.240851] pci 0000:00:1f.6: PME# supported from D0 D3hot D3cold
[    0.241331] pci 0000:02:00.0: [10ec:522a] type 00 class 0xff0000 PCIe Endpoint
[    0.241354] pci 0000:02:00.0: BAR 0 [mem 0xf1100000-0xf1100fff]
[    0.241509] pci 0000:02:00.0: supports D1 D2
[    0.241511] pci 0000:02:00.0: PME# supported from D1 D2 D3hot D3cold
[    0.241727] pci 0000:00:1c.0: PCI bridge to [bus 02]
[    0.242074] pci 0000:04:00.0: [8086:24f3] type 00 class 0x028000 PCIe Endpoint
[    0.242163] pci 0000:04:00.0: BAR 0 [mem 0xf1000000-0xf1001fff 64bit]
[    0.242687] pci 0000:04:00.0: PME# supported from D0 D3hot D3cold
[    0.243482] pci 0000:00:1c.2: PCI bridge to [bus 04]
[    0.245943] ACPI: EC: interrupt unblocked
[    0.245945] ACPI: EC: event unblocked
[    0.245952] ACPI: EC: EC_CMD/EC_SC=0x66, EC_DATA=0x62
[    0.245954] ACPI: EC: GPE=0x16
[    0.245956] ACPI: \_SB_.PCI0.LPC_.EC__: Boot ECDT EC initialization complete
[    0.245959] ACPI: \_SB_.PCI0.LPC_.EC__: EC: Used to handle transactions and events
[    0.246087] iommu: Default domain type: Translated
[    0.246087] iommu: DMA domain TLB invalidation policy: lazy mode
[    0.246087] SCSI subsystem initialized
[    0.246336] libata version 3.00 loaded.
[    0.246359] ACPI: bus type USB registered
[    0.246359] usbcore: registered new interface driver usbfs
[    0.246359] usbcore: registered new interface driver hub
[    0.246359] usbcore: registered new device driver usb
[    0.246390] pps_core: LinuxPPS API ver. 1 registered
[    0.246392] pps_core: Software ver. 5.3.6 - Copyright 2005-2007 Rodolfo Giometti <giometti@linux.it>
[    0.246396] PTP clock support registered
[    0.246411] EDAC MC: Ver: 3.0.0
[    0.246626] NetLabel: Initializing
[    0.246627] NetLabel:  domain hash size = 128
[    0.246629] NetLabel:  protocols = UNLABELED CIPSOv4 CALIPSO
[    0.246659] NetLabel:  unlabeled traffic allowed by default
[    0.246666] mctp: management component transport protocol core
[    0.246667] NET: Registered PF_MCTP protocol family
[    0.246672] PCI: Using ACPI for IRQ routing
[    0.254106] PCI: pci_cache_line_size set to 64 bytes
[    0.254557] e820: reserve RAM buffer [mem 0x0009d000-0x0009ffff]
[    0.254560] e820: reserve RAM buffer [mem 0xb9bbf000-0xbbffffff]
[    0.254562] e820: reserve RAM buffer [mem 0x322800000-0x323ffffff]
[    0.254582] pci 0000:00:02.0: vgaarb: setting as boot VGA device
[    0.254582] pci 0000:00:02.0: vgaarb: bridge control possible
[    0.254582] pci 0000:00:02.0: vgaarb: VGA device added: decodes=io+mem,owns=io+mem,locks=none
[    0.254582] vgaarb: loaded
[    0.254582] clocksource: Switched to clocksource tsc-early
[    0.255343] VFS: Disk quotas dquot_6.6.0
[    0.255357] VFS: Dquot-cache hash table entries: 512 (order 0, 4096 bytes)
[    0.255477] pnp: PnP ACPI init
[    0.255969] pnp 00:00: disabling [mem 0x000c0000-0x000c3fff] because it overlaps 0000:00:02.0 BAR 6 [mem 0x000c0000-0x000dffff]
[    0.255974] pnp 00:00: disabling [mem 0x000c4000-0x000c7fff] because it overlaps 0000:00:02.0 BAR 6 [mem 0x000c0000-0x000dffff]
[    0.255977] pnp 00:00: disabling [mem 0x000c8000-0x000cbfff] because it overlaps 0000:00:02.0 BAR 6 [mem 0x000c0000-0x000dffff]
[    0.255980] pnp 00:00: disabling [mem 0x000cc000-0x000cffff] because it overlaps 0000:00:02.0 BAR 6 [mem 0x000c0000-0x000dffff]
[    0.255983] pnp 00:00: disabling [mem 0x000d0000-0x000d3fff] because it overlaps 0000:00:02.0 BAR 6 [mem 0x000c0000-0x000dffff]
[    0.255985] pnp 00:00: disabling [mem 0x000d4000-0x000d7fff] because it overlaps 0000:00:02.0 BAR 6 [mem 0x000c0000-0x000dffff]
[    0.255988] pnp 00:00: disabling [mem 0x000d8000-0x000dbfff] because it overlaps 0000:00:02.0 BAR 6 [mem 0x000c0000-0x000dffff]
[    0.255990] pnp 00:00: disabling [mem 0x000dc000-0x000dffff] because it overlaps 0000:00:02.0 BAR 6 [mem 0x000c0000-0x000dffff]
[    0.256032] system 00:00: [mem 0x00000000-0x0009ffff] could not be reserved
[    0.256036] system 00:00: [mem 0x000e0000-0x000e3fff] could not be reserved
[    0.256038] system 00:00: [mem 0x000e4000-0x000e7fff] could not be reserved
[    0.256041] system 00:00: [mem 0x000e8000-0x000ebfff] could not be reserved
[    0.256043] system 00:00: [mem 0x000ec000-0x000effff] could not be reserved
[    0.256045] system 00:00: [mem 0x000f0000-0x000fffff] could not be reserved
[    0.256047] system 00:00: [mem 0x00100000-0xdc7fffff] could not be reserved
[    0.256050] system 00:00: [mem 0xfec00000-0xfed3ffff] could not be reserved
[    0.256052] system 00:00: [mem 0xfed4c000-0xffffffff] could not be reserved
[    0.256197] system 00:01: [io  0x1800-0x189f] has been reserved
[    0.256201] system 00:01: [io  0x0800-0x087f] has been reserved
[    0.256203] system 00:01: [io  0x0880-0x08ff] has been reserved
[    0.256205] system 00:01: [io  0x0900-0x097f] has been reserved
[    0.256207] system 00:01: [io  0x0980-0x09ff] has been reserved
[    0.256209] system 00:01: [io  0x0a00-0x0a7f] has been reserved
[    0.256212] system 00:01: [io  0x0a80-0x0aff] has been reserved
[    0.256214] system 00:01: [io  0x0b00-0x0b7f] has been reserved
[    0.256216] system 00:01: [io  0x0b80-0x0bff] has been reserved
[    0.256218] system 00:01: [io  0x15e0-0x15ef] has been reserved
[    0.256220] system 00:01: [io  0x1600-0x167f] has been reserved
[    0.256222] system 00:01: [io  0x1640-0x165f] has been reserved
[    0.256226] system 00:01: [mem 0xf8000000-0xfbffffff] has been reserved
[    0.256229] system 00:01: [mem 0xfed10000-0xfed13fff] has been reserved
[    0.256232] system 00:01: [mem 0xfed18000-0xfed18fff] has been reserved
[    0.256235] system 00:01: [mem 0xfed19000-0xfed19fff] has been reserved
[    0.256237] system 00:01: [mem 0xfeb00000-0xfebfffff] has been reserved
[    0.256240] system 00:01: [mem 0xfed20000-0xfed3ffff] has been reserved
[    0.256242] system 00:01: [mem 0xfed90000-0xfed93fff] could not be reserved
[    0.256245] system 00:01: [mem 0xf7fe0000-0xf7ffffff] has been reserved
[    0.256417] system 00:05: [io  0x1854-0x1857] has been reserved
[    0.257135] system 00:06: [mem 0xfd000000-0xfdabffff] has been reserved
[    0.257139] system 00:06: [mem 0xfdad0000-0xfdadffff] has been reserved
[    0.257142] system 00:06: [mem 0xfdb00000-0xfdffffff] has been reserved
[    0.257145] system 00:06: [mem 0xfe000000-0xfe01ffff] has been reserved
[    0.257147] system 00:06: [mem 0xfe036000-0xfe03bfff] has been reserved
[    0.257150] system 00:06: [mem 0xfe03d000-0xfe3fffff] has been reserved
[    0.257153] system 00:06: [mem 0xfe410000-0xfe7fffff] has been reserved
[    0.257511] system 00:07: [io  0xff00-0xfffe] has been reserved
[    0.257601] pnp: PnP ACPI: found 8 devices
[    0.263835] clocksource: acpi_pm: mask: 0xffffff max_cycles: 0xffffff, max_idle_ns: 2085701024 ns
[    0.263922] NET: Registered PF_INET protocol family
[    0.264092] IP idents hash table entries: 262144 (order: 9, 2097152 bytes, linear)
[    0.288279] tcp_listen_portaddr_hash hash table entries: 8192 (order: 5, 131072 bytes, linear)
[    0.288318] Table-perturb hash table entries: 65536 (order: 6, 262144 bytes, linear)
[    0.288408] TCP established hash table entries: 131072 (order: 8, 1048576 bytes, linear)
[    0.288695] TCP bind hash table entries: 65536 (order: 9, 2097152 bytes, linear)
[    0.289034] TCP: Hash tables configured (established 131072 bind 65536)
[    0.289145] MPTCP token hash table entries: 16384 (order: 6, 393216 bytes, linear)
[    0.289241] UDP hash table entries: 8192 (order: 6, 262144 bytes, linear)
[    0.289290] UDP-Lite hash table entries: 8192 (order: 6, 262144 bytes, linear)
[    0.289364] NET: Registered PF_UNIX/PF_LOCAL protocol family
[    0.289373] NET: Registered PF_XDP protocol family
[    0.289389] pci 0000:00:1c.0: PCI bridge to [bus 02]
[    0.289396] pci 0000:00:1c.0:   bridge window [mem 0xf1100000-0xf11fffff]
[    0.289404] pci 0000:00:1c.2: PCI bridge to [bus 04]
[    0.289408] pci 0000:00:1c.2:   bridge window [mem 0xf1000000-0xf10fffff]
[    0.289416] pci_bus 0000:00: resource 4 [io  0x0000-0x0cf7 window]
[    0.289418] pci_bus 0000:00: resource 5 [io  0x0d00-0xffff window]
[    0.289421] pci_bus 0000:00: resource 6 [mem 0x000a0000-0x000bffff window]
[    0.289423] pci_bus 0000:00: resource 7 [mem 0xdc800000-0xfebfffff window]
[    0.289425] pci_bus 0000:02: resource 1 [mem 0xf1100000-0xf11fffff]
[    0.289427] pci_bus 0000:04: resource 1 [mem 0xf1000000-0xf10fffff]
[    0.290039] PCI: CLS 0 bytes, default 64
[    0.290082] pci 0000:00:1f.1: [8086:9d20] type 00 class 0x058000 conventional PCI endpoint
[    0.290142] pci 0000:00:1f.1: BAR 0 [mem 0xfd000000-0xfdffffff 64bit]
[    0.290412] PCI-DMA: Using software bounce buffering for IO (SWIOTLB)
[    0.290414] software IO TLB: mapped [mem 0x00000000b5bbf000-0x00000000b9bbf000] (64MB)
[    0.290466] Trying to unpack rootfs image as initramfs...
[    0.296685] Initialise system trusted keyrings
[    0.296698] Key type blacklist registered
[    0.296770] workingset: timestamp_bits=36 max_order=22 bucket_order=0
[    0.296798] zbud: loaded
[    0.297529] integrity: Platform Keyring initialized
[    0.297537] integrity: Machine keyring initialized
[    0.326582] NET: Registered PF_ALG protocol family
[    0.326590] xor: automatically using best checksumming function   avx       
[    0.326593] Key type asymmetric registered
[    0.326595] Asymmetric key parser 'x509' registered
[    0.896171] Freeing initrd memory: 35220K
[    0.902911] Block layer SCSI generic (bsg) driver version 0.4 loaded (major 245)
[    0.902955] io scheduler mq-deadline registered
[    0.902959] io scheduler kyber registered
[    0.902971] io scheduler bfq registered
[    0.904954] atomic64_test: passed for x86-64 platform with CX8 and with SSE
[    0.905776] shpchp: Standard Hot Plug PCI Controller Driver version: 0.4
[    0.906561] ACPI: AC: AC Adapter [AC] (on-line)
[    0.906621] input: Lid Switch as /devices/LNXSYSTM:00/LNXSYBUS:00/PNP0C0D:00/input/input0
[    0.906702] ACPI: button: Lid Switch [LID]
[    0.906750] input: Sleep Button as /devices/LNXSYSTM:00/LNXSYBUS:00/PNP0C0E:00/input/input1
[    0.906827] ACPI: button: Sleep Button [SLPB]
[    0.906878] input: Power Button as /devices/LNXSYSTM:00/LNXPWRBN:00/input/input2
[    0.906915] ACPI: button: Power Button [PWRF]
[    0.910171] thermal LNXTHERM:00: registered as thermal_zone0
[    0.910174] ACPI: thermal: Thermal Zone [THM0] (50 C)
[    0.910605] Serial: 8250/16550 driver, 32 ports, IRQ sharing enabled
[    0.913405] hpet_acpi_add: no address or irqs in _CRS
[    0.913459] Non-volatile memory driver v1.3
[    0.913467] Linux agpgart interface v0.103
[    0.928645] ACPI: battery: Slot [BAT0] (battery present)
[    0.941976] ACPI: bus type drm_connector registered
[    0.942847] ahci 0000:00:17.0: version 3.0
[    0.943102] ahci 0000:00:17.0: AHCI vers 0001.0301, 32 command slots, 6 Gbps, SATA mode
[    0.943107] ahci 0000:00:17.0: 1/1 ports implemented (port mask 0x2)
[    0.943109] ahci 0000:00:17.0: flags: 64bit ncq pm led clo only pio slum part deso sadm sds apst 
[    0.943444] scsi host0: ahci
[    0.943711] scsi host1: ahci
[    0.943780] ata1: DUMMY
[    0.943784] ata2: SATA max UDMA/133 abar m2048@0xf124d000 port 0xf124d180 irq 124 lpm-pol 3
[    0.944397] xhci_hcd 0000:00:14.0: xHCI Host Controller
[    0.944497] xhci_hcd 0000:00:14.0: new USB bus registered, assigned bus number 1
[    0.945692] xhci_hcd 0000:00:14.0: hcc params 0x200077c1 hci version 0x100 quirks 0x0000000081109810
[    0.946432] xhci_hcd 0000:00:14.0: xHCI Host Controller
[    0.946517] xhci_hcd 0000:00:14.0: new USB bus registered, assigned bus number 2
[    0.946522] xhci_hcd 0000:00:14.0: Host supports USB 3.0 SuperSpeed
[    0.946660] usb usb1: New USB device found, idVendor=1d6b, idProduct=0002, bcdDevice= 6.09
[    0.946666] usb usb1: New USB device strings: Mfr=3, Product=2, SerialNumber=1
[    0.946668] usb usb1: Product: xHCI Host Controller
[    0.946670] usb usb1: Manufacturer: Linux 6.9.10-200.fc40.x86_64 xhci-hcd
[    0.946673] usb usb1: SerialNumber: 0000:00:14.0
[    0.946900] hub 1-0:1.0: USB hub found
[    0.946955] hub 1-0:1.0: 12 ports detected
[    0.947141] ACPI: battery: Slot [BAT1] (battery present)
[    0.949306] usb usb2: New USB device found, idVendor=1d6b, idProduct=0003, bcdDevice= 6.09
[    0.949311] usb usb2: New USB device strings: Mfr=3, Product=2, SerialNumber=1
[    0.949314] usb usb2: Product: xHCI Host Controller
[    0.949316] usb usb2: Manufacturer: Linux 6.9.10-200.fc40.x86_64 xhci-hcd
[    0.949318] usb usb2: SerialNumber: 0000:00:14.0
[    0.949456] hub 2-0:1.0: USB hub found
[    0.949472] hub 2-0:1.0: 6 ports detected
[    0.951034] usbcore: registered new interface driver usbserial_generic
[    0.951041] usbserial: USB Serial support registered for generic
[    0.951085] i8042: PNP: PS/2 Controller [PNP0303:KBD,PNP0f13:MOU] at 0x60,0x64 irq 1,12
[    0.953049] serio: i8042 KBD port at 0x60,0x64 irq 1
[    0.953055] serio: i8042 AUX port at 0x60,0x64 irq 12
[    0.953208] mousedev: PS/2 mouse device common for all mice
[    0.953348] rtc_cmos 00:02: RTC can wake from S4
[    0.954158] rtc_cmos 00:02: registered as rtc0
[    0.954323] rtc_cmos 00:02: setting system clock to 2024-07-27T08:13:00 UTC (1722067980)
[    0.954354] rtc_cmos 00:02: alarms up to one month, y3k, 114 bytes nvram
[    0.954436] device-mapper: core: CONFIG_IMA_DISABLE_HTABLE is disabled. Duplicate IMA measurements will not be recorded in the IMA log.
[    0.954485] input: AT Translated Set 2 keyboard as /devices/platform/i8042/serio0/input/input3
[    0.954556] device-mapper: uevent: version 1.0.3
[    0.954713] device-mapper: ioctl: 4.48.0-ioctl (2023-03-01) initialised: dm-devel@lists.linux.dev
[    0.954786] intel_pstate: Intel P-state driver initializing
[    0.955122] intel_pstate: HWP enabled
[    0.955412] hid: raw HID events driver (C) Jiri Kosina
[    0.955439] usbcore: registered new interface driver usbhid
[    0.955441] usbhid: USB HID core driver
[    0.955544] drop_monitor: Initializing network drop monitor service
[    0.955634] Initializing XFRM netlink socket
[    0.955654] NET: Registered PF_INET6 protocol family
[    0.961280] Segment Routing with IPv6
[    0.961283] RPL Segment Routing with IPv6
[    0.961298] In-situ OAM (IOAM) with IPv6
[    0.961346] mip6: Mobile IPv6
[    0.961350] NET: Registered PF_PACKET protocol family
[    0.961704] ENERGY_PERF_BIAS: Set to 'normal', was 'performance'
[    0.961754] microcode: Current revision: 0x000000f0
[    0.961756] microcode: Updated early from: 0x00000088
[    0.961849] IPI shorthand broadcast: enabled
[    0.961856] AVX2 version of gcm_enc/dec engaged.
[    0.961922] AES CTR mode by8 optimization enabled
[    0.964350] sched_clock: Marking stable (954001406, 9727846)->(1013087254, -49358002)
[    0.964515] Timer migration: 1 hierarchy levels; 8 children per group; 1 crossnode level
[    0.964578] registered taskstats version 1
[    0.964770] Loading compiled-in X.509 certificates
[    0.975139] Loaded X.509 cert 'Fedora kernel signing key: b937c5644ff2b88697fd7322fcc2106c9b7ed526'
[    0.980874] page_owner is disabled
[    0.981092] Key type .fscrypt registered
[    0.981094] Key type fscrypt-provisioning registered
[    0.982100] Btrfs loaded, zoned=yes, fsverity=yes
[    0.982130] Key type big_key registered
[    0.982148] Key type trusted registered
[    1.013768] Key type encrypted registered
[    1.013802] Loading compiled-in module X.509 certificates
[    1.014326] Loaded X.509 cert 'Fedora kernel signing key: b937c5644ff2b88697fd7322fcc2106c9b7ed526'
[    1.014330] ima: Allocated hash algorithm: sha256
[    1.073803] ima: No architecture policies found
[    1.073860] evm: Initialising EVM extended attributes:
[    1.073862] evm: security.selinux
[    1.073866] evm: security.SMACK64 (disabled)
[    1.073869] evm: security.SMACK64EXEC (disabled)
[    1.073872] evm: security.SMACK64TRANSMUTE (disabled)
[    1.073874] evm: security.SMACK64MMAP (disabled)
[    1.073876] evm: security.apparmor (disabled)
[    1.073879] evm: security.ima
[    1.073881] evm: security.capability
[    1.073884] evm: HMAC attrs: 0x1
[    1.172378] alg: No test for 842 (842-scomp)
[    1.172404] alg: No test for 842 (842-generic)
[    1.187778] usb 1-4: new full-speed USB device number 2 using xhci_hcd
[    1.253908] ata2: SATA link up 6.0 Gbps (SStatus 133 SControl 300)
[    1.255633] ata2.00: ACPI cmd f5/00:00:00:00:00:a0(SECURITY FREEZE LOCK) filtered out
[    1.255892] ata2.00: ATA-9: SAMSUNG MZNLF192HCGS-000L1, FXT21L5Q, max UDMA/133
[    1.255986] ata2.00: 375093936 sectors, multi 16: LBA48 NCQ (depth 32), AA
[    1.256916] ata2.00: Features: Dev-Sleep
[    1.257297] ata2.00: ACPI cmd f5/00:00:00:00:00:a0(SECURITY FREEZE LOCK) filtered out
[    1.258474] ata2.00: configured for UDMA/133
[    1.268747] scsi 1:0:0:0: Direct-Access     ATA      SAMSUNG MZNLF192 1L5Q PQ: 0 ANSI: 5
[    1.268965] sd 1:0:0:0: Attached scsi generic sg0 type 0
[    1.269029] sd 1:0:0:0: [sda] 375093936 512-byte logical blocks: (192 GB/179 GiB)
[    1.269039] sd 1:0:0:0: [sda] Write Protect is off
[    1.269043] sd 1:0:0:0: [sda] Mode Sense: 00 3a 00 00
[    1.269057] sd 1:0:0:0: [sda] Write cache: enabled, read cache: enabled, doesn't support DPO or FUA
[    1.269080] sd 1:0:0:0: [sda] Preferred minimum I/O size 512 bytes
[    1.269917]  sda: sda1 sda2 sda3
[    1.270198] sd 1:0:0:0: [sda] Attached SCSI disk
[    1.297283] PM:   Magic number: 0:52:221
[    1.297347] acpi device:3f: hash matches
[    1.302824] RAS: Correctable Errors collector initialized.
[    1.321121] usb 1-4: New USB device found, idVendor=1532, idProduct=0098, bcdDevice= 2.00
[    1.321128] usb 1-4: New USB device strings: Mfr=1, Product=2, SerialNumber=0
[    1.321131] usb 1-4: Product: Razer DeathAdder Essential
[    1.321134] usb 1-4: Manufacturer: Razer
[    1.321610] tsc: Refined TSC clocksource calibration: 2399.999 MHz
[    1.321615] clocksource: tsc: mask: 0xffffffffffffffff max_cycles: 0x2298364cab5, max_idle_ns: 440795214892 ns
[    1.321744] clocksource: Switched to clocksource tsc
[    1.323460] input: Razer Razer DeathAdder Essential as /devices/pci0000:00/0000:00:14.0/usb1/1-4/1-4:1.0/0003:1532:0098.0001/input/input6
[    1.323535] hid-generic 0003:1532:0098.0001: input,hidraw0: USB HID v1.11 Mouse [Razer Razer DeathAdder Essential] on usb-0000:00:14.0-4/input0
[    1.324908] input: Razer Razer DeathAdder Essential Keyboard as /devices/pci0000:00/0000:00:14.0/usb1/1-4/1-4:1.1/0003:1532:0098.0002/input/input7
[    1.377022] input: Razer Razer DeathAdder Essential as /devices/pci0000:00/0000:00:14.0/usb1/1-4/1-4:1.1/0003:1532:0098.0002/input/input8
[    1.377113] hid-generic 0003:1532:0098.0002: input,hidraw1: USB HID v1.11 Keyboard [Razer Razer DeathAdder Essential] on usb-0000:00:14.0-4/input1
[    1.378279] input: Razer Razer DeathAdder Essential as /devices/pci0000:00/0000:00:14.0/usb1/1-4/1-4:1.2/0003:1532:0098.0003/input/input9
[    1.430662] hid-generic 0003:1532:0098.0003: input,hidraw2: USB HID v1.11 Keyboard [Razer Razer DeathAdder Essential] on usb-0000:00:14.0-4/input2
[    1.544816] usb 1-7: new full-speed USB device number 3 using xhci_hcd
[    1.673276] usb 1-7: New USB device found, idVendor=8087, idProduct=0a2b, bcdDevice= 0.01
[    1.673289] usb 1-7: New USB device strings: Mfr=0, Product=0, SerialNumber=0
[    1.790793] usb 1-8: new high-speed USB device number 4 using xhci_hcd
[    1.800887] psmouse serio1: synaptics: queried max coordinates: x [..5676], y [..4762]
[    1.838136] psmouse serio1: synaptics: queried min coordinates: x [1266..], y [1094..]
[    1.838183] psmouse serio1: synaptics: Your touchpad (PNP: LEN004b PNP0f13) says it can support a different bus. If i2c-hid and hid-rmi are not used, you might want to try setting psmouse.synaptics_intertouch to 1 and report this to linux-input@vger.kernel.org.
[    1.907325] psmouse serio1: synaptics: Touchpad model: 1, fw: 8.2, id: 0x1e2b1, caps: 0xf003a3/0x943300/0x12e800/0x10000, board id: 3145, fw id: 2073050
[    1.907354] psmouse serio1: synaptics: serio: Synaptics pass-through port at isa0060/serio1/input0
[    1.951762] input: SynPS/2 Synaptics TouchPad as /devices/platform/i8042/serio1/input/input5
[    1.955291] clk: Disabling unused clocks
[    1.955306] PM: genpd: Disabling unused power domains
[    1.958651] Freeing unused decrypted memory: 2028K
[    1.960236] Freeing unused kernel image (initmem) memory: 4700K
[    1.960424] Write protecting the kernel read-only data: 36864k
[    1.961703] Freeing unused kernel image (rodata/data gap) memory: 1280K
[    1.970417] usb 1-8: New USB device found, idVendor=04f2, idProduct=b52c, bcdDevice= 0.29
[    1.970431] usb 1-8: New USB device strings: Mfr=3, Product=1, SerialNumber=2
[    1.970439] usb 1-8: Product: Integrated Camera
[    1.970446] usb 1-8: Manufacturer: Chicony Electronics Co.,Ltd.
[    1.970452] usb 1-8: SerialNumber: 0001
[    2.038498] x86/mm: Checked W+X mappings: passed, no W+X pages found.
[    2.038500] x86/mm: Checking user space page tables
[    2.087735] usb 1-9: new full-speed USB device number 5 using xhci_hcd
[    2.093283] x86/mm: Checked W+X mappings: passed, no W+X pages found.
[    2.093288] Run /init as init process
[    2.093289]   with arguments:
[    2.093290]     /init
[    2.093292]   with environment:
[    2.093293]     HOME=/
[    2.093294]     TERM=linux
[    2.093295]     BOOT_IMAGE=(hd0,msdos1)/boot/vmlinuz-6.9.10-200.fc40.x86_64
[    2.102829] systemd[1]: systemd 255.8-1.fc40 running in system mode (+PAM +AUDIT +SELINUX -APPARMOR +IMA +SMACK +SECCOMP -GCRYPT +GNUTLS +OPENSSL +ACL +BLKID +CURL +ELFUTILS +FIDO2 +IDN2 -IDN -IPTC +KMOD +LIBCRYPTSETUP +LIBFDISK +PCRE2 +PWQUALITY +P11KIT +QRENCODE +TPM2 +BZIP2 +LZ4 +XZ +ZLIB +ZSTD +BPF_FRAMEWORK +XKBCOMMON +UTMP +SYSVINIT default-hierarchy=unified)
[    2.102838] systemd[1]: Detected architecture x86-64.
[    2.102841] systemd[1]: Running in initrd.
[    2.103087] systemd[1]: Hostname set to <snow>.
[    2.204409] systemd[1]: Queued start job for default target initrd.target.
[    2.216167] usb 1-9: New USB device found, idVendor=138a, idProduct=0090, bcdDevice= 1.64
[    2.216186] usb 1-9: New USB device strings: Mfr=0, Product=0, SerialNumber=1
[    2.216188] usb 1-9: SerialNumber: 15978cc95480
[    2.223616] systemd[1]: Expecting device dev-disk-by\x2duuid-032bf7b1\x2dd85c\x2d4f41\x2dbd13\x2d4c42af4fba65.device - /dev/disk/by-uuid/032bf7b1-d85c-4f41-bd13-4c42af4fba65...
[    2.223689] systemd[1]: Expecting device dev-disk-by\x2duuid-36902a88\x2df924\x2d4e4b\x2d939b\x2d7b0a62f42ae2.device - /dev/disk/by-uuid/36902a88-f924-4e4b-939b-7b0a62f42ae2...
[    2.223770] systemd[1]: Reached target initrd-usr-fs.target - Initrd /usr File System.
[    2.223805] systemd[1]: Reached target slices.target - Slice Units.
[    2.223826] systemd[1]: Reached target swap.target - Swaps.
[    2.223842] systemd[1]: Reached target timers.target - Timer Units.
[    2.224026] systemd[1]: Listening on systemd-journald-dev-log.socket - Journal Socket (/dev/log).
[    2.224191] systemd[1]: Listening on systemd-journald.socket - Journal Socket.
[    2.224366] systemd[1]: Listening on systemd-udevd-control.socket - udev Control Socket.
[    2.224497] systemd[1]: Listening on systemd-udevd-kernel.socket - udev Kernel Socket.
[    2.224515] systemd[1]: Reached target sockets.target - Socket Units.
[    2.226015] systemd[1]: Starting kmod-static-nodes.service - Create List of Static Device Nodes...
[    2.226074] systemd[1]: memstrack.service - Memstrack Anylazing Service was skipped because no trigger condition checks were met.
[    2.228192] systemd[1]: Starting systemd-journald.service - Journal Service...
[    2.229924] systemd[1]: Starting systemd-modules-load.service - Load Kernel Modules...
[    2.229959] systemd[1]: systemd-pcrphase-initrd.service - TPM2 PCR Barrier (initrd) was skipped because of an unmet condition check (ConditionSecurity=measured-uki).
[    2.233994] systemd[1]: Starting systemd-vconsole-setup.service - Virtual Console Setup...
[    2.235975] systemd[1]: Finished kmod-static-nodes.service - Create List of Static Device Nodes.
[    2.237355] systemd[1]: Starting systemd-tmpfiles-setup-dev-early.service - Create Static Device Nodes in /dev gracefully...
[    2.263211] alua: device handler registered
[    2.264507] systemd-journald[252]: Collecting audit messages is disabled.
[    2.265755] emc: device handler registered
[    2.268693] rdac: device handler registered
[    2.270174] systemd[1]: Finished systemd-modules-load.service - Load Kernel Modules.
[    2.280947] systemd[1]: Starting systemd-sysctl.service - Apply Kernel Variables...
[    2.293145] systemd[1]: Finished systemd-sysctl.service - Apply Kernel Variables.
[    2.295558] systemd[1]: Finished systemd-tmpfiles-setup-dev-early.service - Create Static Device Nodes in /dev gracefully.
[    2.297054] systemd[1]: Starting systemd-sysusers.service - Create System Users...
[    2.323047] systemd[1]: Finished systemd-sysusers.service - Create System Users.
[    2.333106] systemd[1]: Starting systemd-tmpfiles-setup-dev.service - Create Static Device Nodes in /dev...
[    2.333192] systemd[1]: Started systemd-journald.service - Journal Service.
[    2.579659] psmouse serio2: trackpoint: IBM TrackPoint firmware: 0x0e, buttons: 3/3
[    2.773780] input: TPPS/2 IBM TrackPoint as /devices/platform/i8042/serio1/serio2/input/input10
[    2.851009] PM: Image not found (code -22)
[    2.964267] EXT4-fs (sda1): mounted filesystem 36902a88-f924-4e4b-939b-7b0a62f42ae2 ro with ordered data mode. Quota mode: none.
[    3.779855] i915 0000:00:02.0: vgaarb: deactivate vga console
[    3.780929] Console: switching to colour dummy device 80x25
[    3.782627] i915 0000:00:02.0: vgaarb: VGA decodes changed: olddecodes=io+mem,decodes=io+mem:owns=io+mem
[    3.785377] i915 0000:00:02.0: [drm] Finished loading DMC firmware i915/skl_dmc_ver1_27.bin (v1.27)
[    4.112828] i915 0000:00:02.0: [drm] [ENCODER:102:DDI B/PHY B] is disabled/in DSI mode with an ungated DDI clock, gate it
[    4.112834] i915 0000:00:02.0: [drm] [ENCODER:117:DDI C/PHY C] is disabled/in DSI mode with an ungated DDI clock, gate it
[    4.117653] [drm] Initialized i915 1.6.0 20230929 for 0000:00:02.0 on minor 0
[    4.119908] ACPI: video: Video Device [GFX0] (multi-head: yes  rom: no  post: no)
[    4.120080] input: Video Bus as /devices/LNXSYSTM:00/LNXSYBUS:00/PNP0A08:00/LNXVIDEO:00/input/input11
[    4.316095] fbcon: i915drmfb (fb0) is primary device
[    5.515154] Console: switching to colour frame buffer device 240x67
[    5.536470] i915 0000:00:02.0: [drm] fb0: i915drmfb frame buffer device
[    5.666531] systemd-journald[252]: Received SIGTERM from PID 1 (systemd).
[    5.784568] SELinux: https://github.com/SELinuxProject/selinux-kernel/wiki/DEPRECATE-runtime-disable
[    5.784573] SELinux: Runtime disable is not supported, use selinux=0 on the kernel cmdline.
[    5.796837] systemd[1]: systemd 255.8-1.fc40 running in system mode (+PAM +AUDIT +SELINUX -APPARMOR +IMA +SMACK +SECCOMP -GCRYPT +GNUTLS +OPENSSL +ACL +BLKID +CURL +ELFUTILS +FIDO2 +IDN2 -IDN -IPTC +KMOD +LIBCRYPTSETUP +LIBFDISK +PCRE2 +PWQUALITY +P11KIT +QRENCODE +TPM2 +BZIP2 +LZ4 +XZ +ZLIB +ZSTD +BPF_FRAMEWORK +XKBCOMMON +UTMP +SYSVINIT default-hierarchy=unified)
[    5.796850] systemd[1]: Detected architecture x86-64.
[    6.197001] systemd[1]: bpf-lsm: LSM BPF program attached
[    6.462206] systemd-sysv-generator[474]: SysV service '/etc/rc.d/init.d/livesys' lacks a native systemd unit file. ~ Automatically generating a unit file for compatibility. Please update package to include a native systemd unit file, in order to make it safe, robust and future-proof. ! This compatibility logic is deprecated, expect removal soon. !
[    6.462463] systemd-sysv-generator[474]: SysV service '/etc/rc.d/init.d/livesys-late' lacks a native systemd unit file. ~ Automatically generating a unit file for compatibility. Please update package to include a native systemd unit file, in order to make it safe, robust and future-proof. ! This compatibility logic is deprecated, expect removal soon. !
[    6.463988] systemd-sysv-generator[474]: SysV service '/etc/rc.d/init.d/vmware-USBArbitrator' lacks a native systemd unit file. ~ Automatically generating a unit file for compatibility. Please update package to include a native systemd unit file, in order to make it safe, robust and future-proof. ! This compatibility logic is deprecated, expect removal soon. !
[    6.504896] zram: Added device: zram0
[    6.765978] systemd[1]: initrd-switch-root.service: Deactivated successfully.
[    6.766194] systemd[1]: Stopped initrd-switch-root.service - Switch Root.
[    6.767688] systemd[1]: systemd-journald.service: Scheduled restart job, restart counter is at 1.
[    6.768676] systemd[1]: Created slice system-getty.slice - Slice /system/getty.
[    6.769373] systemd[1]: Created slice system-systemd\x2dfsck.slice - Slice /system/systemd-fsck.
[    6.770048] systemd[1]: Created slice system-systemd\x2dzram\x2dsetup.slice - Slice /system/systemd-zram-setup.
[    6.770592] systemd[1]: Created slice user.slice - User and Session Slice.
[    6.770657] systemd[1]: systemd-ask-password-console.path - Dispatch Password Requests to Console Directory Watch was skipped because of an unmet condition check (ConditionPathExists=!/run/plymouth/pid).
[    6.770838] systemd[1]: Started systemd-ask-password-wall.path - Forward Password Requests to Wall Directory Watch.
[    6.771192] systemd[1]: Set up automount proc-sys-fs-binfmt_misc.automount - Arbitrary Executable File Formats File System Automount Point.
[    6.771240] systemd[1]: Expecting device dev-disk-by\x2duuid-032bf7b1\x2dd85c\x2d4f41\x2dbd13\x2d4c42af4fba65.device - /dev/disk/by-uuid/032bf7b1-d85c-4f41-bd13-4c42af4fba65...
[    6.771277] systemd[1]: Expecting device dev-disk-by\x2duuid-c87edca8\x2d2b20\x2d4e51\x2d9142\x2dea830ab682ed.device - /dev/disk/by-uuid/c87edca8-2b20-4e51-9142-ea830ab682ed...
[    6.771376] systemd[1]: Expecting device dev-zram0.device - /dev/zram0...
[    6.771432] systemd[1]: Reached target cryptsetup.target - Local Encrypted Volumes.
[    6.771496] systemd[1]: Reached target getty.target - Login Prompts.
[    6.771570] systemd[1]: Stopped target initrd-switch-root.target - Switch Root.
[    6.771645] systemd[1]: Stopped target initrd-fs.target - Initrd File Systems.
[    6.771715] systemd[1]: Stopped target initrd-root-fs.target - Initrd Root File System.
[    6.771797] systemd[1]: Reached target integritysetup.target - Local Integrity Protected Volumes.
[    6.771914] systemd[1]: Reached target paths.target - Path Units.
[    6.772012] systemd[1]: Reached target slices.target - Slice Units.
[    6.772114] systemd[1]: Reached target veritysetup.target - Local Verity Protected Volumes.
[    6.772306] systemd[1]: Listening on dm-event.socket - Device-mapper event daemon FIFOs.
[    6.773457] systemd[1]: Listening on lvm2-lvmpolld.socket - LVM2 poll daemon socket.
[    6.773576] systemd[1]: multipathd.socket - multipathd control socket was skipped because of an unmet condition check (ConditionPathExists=/etc/multipath.conf).
[    6.777394] systemd[1]: Listening on systemd-coredump.socket - Process Core Dump Socket.
[    6.777561] systemd[1]: Listening on systemd-initctl.socket - initctl Compatibility Named Pipe.
[    6.778150] systemd[1]: Listening on systemd-journald-audit.socket - Journal Audit Socket.
[    6.778460] systemd[1]: Listening on systemd-oomd.socket - Userspace Out-Of-Memory (OOM) Killer Socket.
[    6.778528] systemd[1]: systemd-pcrextend.socket - TPM2 PCR Extension (Varlink) was skipped because of an unmet condition check (ConditionSecurity=measured-uki).
[    6.779201] systemd[1]: Listening on systemd-udevd-control.socket - udev Control Socket.
[    6.779430] systemd[1]: Listening on systemd-udevd-kernel.socket - udev Kernel Socket.
[    6.796099] systemd[1]: Mounting dev-hugepages.mount - Huge Pages File System...
[    6.797259] systemd[1]: Mounting dev-mqueue.mount - POSIX Message Queue File System...
[    6.798333] systemd[1]: Mounting sys-kernel-debug.mount - Kernel Debug File System...
[    6.800525] systemd[1]: Mounting sys-kernel-tracing.mount - Kernel Trace File System...
[    6.803471] systemd[1]: auth-rpcgss-module.service - Kernel Module supporting RPCSEC_GSS was skipped because of an unmet condition check (ConditionPathExists=/etc/krb5.keytab).
[    6.805852] systemd[1]: iscsi-starter.service was skipped because of an unmet condition check (ConditionDirectoryNotEmpty=/var/lib/iscsi/nodes).
[    6.809875] systemd[1]: Starting kmod-static-nodes.service - Create List of Static Device Nodes...
[    6.811552] systemd[1]: Starting lvm2-monitor.service - Monitoring of LVM2 mirrors, snapshots etc. using dmeventd or progress polling...
[    6.815459] systemd[1]: Starting modprobe@configfs.service - Load Kernel Module configfs...
[    6.819443] systemd[1]: Starting modprobe@dm_mod.service - Load Kernel Module dm_mod...
[    6.821328] systemd[1]: Starting modprobe@dm_multipath.service - Load Kernel Module dm_multipath...
[    6.824123] systemd[1]: Starting modprobe@drm.service - Load Kernel Module drm...
[    6.833620] systemd[1]: Starting modprobe@fuse.service - Load Kernel Module fuse...
[    6.837595] systemd[1]: Starting modprobe@loop.service - Load Kernel Module loop...
[    6.837713] systemd[1]: plymouth-switch-root.service: Deactivated successfully.
[    6.839240] systemd[1]: Stopped plymouth-switch-root.service - Plymouth switch root service.
[    6.845301] systemd[1]: Starting systemd-journald.service - Journal Service...
[    6.849779] systemd[1]: Starting systemd-modules-load.service - Load Kernel Modules...
[    6.849865] systemd[1]: systemd-pcrmachine.service - TPM2 PCR Machine ID Measurement was skipped because of an unmet condition check (ConditionSecurity=measured-uki).
[    6.853259] systemd[1]: Starting systemd-remount-fs.service - Remount Root and Kernel File Systems...
[    6.855391] systemd[1]: systemd-tpm2-setup-early.service - TPM2 SRK Setup (Early) was skipped because of an unmet condition check (ConditionSecurity=measured-uki).
[    6.858198] loop: module loaded
[    6.868103] systemd[1]: Starting systemd-udev-trigger.service - Coldplug All udev Devices...
[    6.872067] systemd[1]: Mounted dev-hugepages.mount - Huge Pages File System.
[    6.873473] systemd[1]: Mounted dev-mqueue.mount - POSIX Message Queue File System.
[    6.873738] systemd[1]: Mounted sys-kernel-debug.mount - Kernel Debug File System.
[    6.873962] systemd[1]: Mounted sys-kernel-tracing.mount - Kernel Trace File System.
[    6.874375] systemd[1]: Finished kmod-static-nodes.service - Create List of Static Device Nodes.
[    6.874993] systemd[1]: modprobe@configfs.service: Deactivated successfully.
[    6.875290] systemd[1]: Finished modprobe@configfs.service - Load Kernel Module configfs.
[    6.877068] systemd[1]: modprobe@dm_mod.service: Deactivated successfully.
[    6.877269] fuse: init (API version 7.40)
[    6.877965] systemd[1]: Finished modprobe@dm_mod.service - Load Kernel Module dm_mod.
[    6.879994] systemd[1]: modprobe@dm_multipath.service: Deactivated successfully.
[    6.880278] systemd[1]: Finished modprobe@dm_multipath.service - Load Kernel Module dm_multipath.
[    6.884575] systemd[1]: modprobe@drm.service: Deactivated successfully.
[    6.884880] systemd[1]: Finished modprobe@drm.service - Load Kernel Module drm.
[    6.885583] systemd[1]: modprobe@fuse.service: Deactivated successfully.
[    6.885880] systemd[1]: Finished modprobe@fuse.service - Load Kernel Module fuse.
[    6.889500] systemd[1]: modprobe@loop.service: Deactivated successfully.
[    6.889805] systemd[1]: Finished modprobe@loop.service - Load Kernel Module loop.
[    6.896842] systemd[1]: Mounting sys-fs-fuse-connections.mount - FUSE Control File System...
[    6.896978] systemd[1]: systemd-repart.service - Repartition Root Disk was skipped because no trigger condition checks were met.
[    6.898985] systemd[1]: Starting systemd-tmpfiles-setup-dev-early.service - Create Static Device Nodes in /dev gracefully...
[    6.901569] EXT4-fs (sda1): re-mounted 36902a88-f924-4e4b-939b-7b0a62f42ae2 r/w. Quota mode: none.
[    6.905167] systemd[1]: Finished lvm2-monitor.service - Monitoring of LVM2 mirrors, snapshots etc. using dmeventd or progress polling.
[    6.905694] systemd[1]: Finished systemd-remount-fs.service - Remount Root and Kernel File Systems.
[    6.906847] systemd-journald[498]: Collecting audit messages is enabled.
[    6.907474] audit: type=1130 audit(1722067986.451:2): pid=1 uid=0 auid=4294967295 ses=4294967295 subj=kernel msg='unit=systemd-remount-fs comm="systemd" exe="/usr/lib/systemd/systemd" hostname=? addr=? terminal=? res=success'
[    6.908710] systemd[1]: Finished systemd-modules-load.service - Load Kernel Modules.
[    6.908827] audit: type=1130 audit(1722067986.453:3): pid=1 uid=0 auid=4294967295 ses=4294967295 subj=kernel msg='unit=systemd-modules-load comm="systemd" exe="/usr/lib/systemd/systemd" hostname=? addr=? terminal=? res=success'
[    6.910020] systemd[1]: Mounted sys-fs-fuse-connections.mount - FUSE Control File System.
[    6.911372] systemd[1]: multipathd.service - Device-Mapper Multipath Device Controller was skipped because of an unmet condition check (ConditionPathExists=/etc/multipath.conf).
[    6.913237] systemd[1]: systemd-hwdb-update.service - Rebuild Hardware Database was skipped because of an unmet condition check (ConditionNeedsUpdate=/etc).
[    6.914821] systemd[1]: Starting systemd-random-seed.service - Load/Save OS Random Seed...
[    6.918966] systemd[1]: Starting systemd-sysctl.service - Apply Kernel Variables...
[    6.919067] systemd[1]: systemd-tpm2-setup.service - TPM2 SRK Setup was skipped because of an unmet condition check (ConditionSecurity=measured-uki).
[    6.919300] systemd[1]: Started systemd-journald.service - Journal Service.
[    6.921612] audit: type=1130 audit(1722067986.465:4): pid=1 uid=0 auid=4294967295 ses=4294967295 subj=kernel msg='unit=systemd-journald comm="systemd" exe="/usr/lib/systemd/systemd" hostname=? addr=? terminal=? res=success'
[    6.955040] systemd-journald[498]: Received client request to flush runtime journal.
[    6.955753] audit: type=1130 audit(1722067986.499:5): pid=1 uid=0 auid=4294967295 ses=4294967295 subj=kernel msg='unit=systemd-sysctl comm="systemd" exe="/usr/lib/systemd/systemd" hostname=? addr=? terminal=? res=success'
[    7.026149] audit: type=1130 audit(1722067986.570:6): pid=1 uid=0 auid=4294967295 ses=4294967295 subj=kernel msg='unit=systemd-random-seed comm="systemd" exe="/usr/lib/systemd/systemd" hostname=? addr=? terminal=? res=success'
[    7.046364] systemd-journald[498]: /var/log/journal/199291c870e94baaab647f34230ca11a/system.journal: Journal file uses a different sequence number ID, rotating.
[    7.046371] systemd-journald[498]: Rotating system journal.
[    7.076213] audit: type=1130 audit(1722067986.620:7): pid=1 uid=0 auid=4294967295 ses=4294967295 subj=kernel msg='unit=systemd-tmpfiles-setup-dev-early comm="systemd" exe="/usr/lib/systemd/systemd" hostname=? addr=? terminal=? res=success'
[    7.119989] audit: type=1130 audit(1722067986.664:8): pid=1 uid=0 auid=4294967295 ses=4294967295 subj=kernel msg='unit=systemd-tmpfiles-setup-dev comm="systemd" exe="/usr/lib/systemd/systemd" hostname=? addr=? terminal=? res=success'
[    7.121533] audit: type=1334 audit(1722067986.665:9): prog-id=36 op=LOAD
[    7.121667] audit: type=1334 audit(1722067986.665:10): prog-id=37 op=LOAD
[    7.121672] audit: type=1334 audit(1722067986.665:11): prog-id=8 op=UNLOAD
[    8.871926] Adding 1048572k swap on /dev/sda2.  Priority:-2 extents:1 across:1048572k SS
[    8.891966] zram0: detected capacity change from 0 to 16777216
[    8.993720] EXT4-fs (sda3): mounted filesystem c87edca8-2b20-4e51-9142-ea830ab682ed r/w with ordered data mode. Quota mode: none.
[    9.028680] Adding 8388604k swap on /dev/zram0.  Priority:100 extents:1 across:8388604k SSDsc
[    9.406694] RPC: Registered named UNIX socket transport module.
[    9.406699] RPC: Registered udp transport module.
[    9.406701] RPC: Registered tcp transport module.
[    9.406702] RPC: Registered tcp-with-tls transport module.
[    9.406704] RPC: Registered tcp NFSv4.1 backchannel transport module.
[    9.572195] mei_me 0000:00:16.0: enabling device (0000 -> 0002)
[    9.738061] thinkpad_acpi: ThinkPad ACPI Extras v0.26
[    9.738067] thinkpad_acpi: http://ibm-acpi.sf.net/
[    9.738068] thinkpad_acpi: ThinkPad BIOS N1CET43W (1.11 ), EC N1CHT27W
[    9.738070] thinkpad_acpi: Lenovo ThinkPad T460s, model 20F9CTO1WW
[    9.742323] thinkpad_acpi: radio switch found; radios are enabled
[    9.742335] thinkpad_acpi: This ThinkPad has standard ACPI backlight brightness control, supported by the ACPI video driver
[    9.742336] thinkpad_acpi: Disabling thinkpad-acpi brightness events by default...
[    9.745133] thinkpad_acpi: rfkill switch tpacpi_bluetooth_sw: radio is unblocked
[    9.804350] Bluetooth: Core ver 2.22
[    9.804385] NET: Registered PF_BLUETOOTH protocol family
[    9.804392] Bluetooth: HCI device and connection manager initialized
[    9.804396] Bluetooth: HCI socket layer initialized
[    9.804401] Bluetooth: L2CAP socket layer initialized
[    9.804407] Bluetooth: SCO socket layer initialized
[    9.805165] i801_smbus 0000:00:1f.4: SMBus using PCI interrupt
[    9.806141] i2c i2c-6: Successfully instantiated SPD at 0x51
[    9.895448] mc: Linux media interface: v0.10
[    9.905578] thinkpad_acpi: battery 2 registered (start 0, stop 100, behaviours: 0x7)
[    9.992889] thinkpad_acpi: battery 1 registered (start 0, stop 100, behaviours: 0x7)
[    9.992906] ACPI: battery: new extension: ThinkPad Battery Extension
[    9.999883] input: ThinkPad Extra Buttons as /devices/platform/thinkpad_acpi/input/input12
[   10.133360] usbcore: registered new interface driver btusb
[   10.147501] Bluetooth: hci0: Bootloader revision 0.0 build 2 week 52 2014
[   10.154515] Bluetooth: hci0: Device revision is 5
[   10.154521] Bluetooth: hci0: Secure boot is enabled
[   10.154523] Bluetooth: hci0: OTP lock is enabled
[   10.154525] Bluetooth: hci0: API lock is enabled
[   10.154527] Bluetooth: hci0: Debug lock is disabled
[   10.154529] Bluetooth: hci0: Minimum firmware build 1 week 10 2014
[   10.180622] e1000e: Intel(R) PRO/1000 Network Driver
[   10.180626] e1000e: Copyright(c) 1999 - 2015 Intel Corporation.
[   10.227532] Bluetooth: hci0: Found device firmware: intel/ibt-11-5.sfi
[   10.354463] e1000e 0000:00:1f.6: Interrupt Throttling Rate (ints/sec) set to dynamic conservative mode
[   10.481890] videodev: Linux video capture interface: v2.00
[   10.543706] cfg80211: Loading compiled-in X.509 certificates for regulatory database
[   10.544628] Loaded X.509 cert 'sforshee: 00b28ddf47aef9cea7'
[   10.545589] Loaded X.509 cert 'wens: 61c038651aabdcf94bd0ac7ff06c7248db18c600'
[   10.561900] resource: resource sanity check: requesting [mem 0x00000000fed10000-0x00000000fed15fff], which spans more than pnp 00:01 [mem 0xfed10000-0xfed13fff]
[   10.561910] caller snb_uncore_imc_init_box+0x87/0xd0 [intel_uncore] mapping multiple BARs
[   10.636605] input: PC Speaker as /devices/platform/pcspkr/input/input13
[   10.689572] RAPL PMU: API unit is 2^-32 Joules, 5 fixed counters, 655360 ms ovfl timer
[   10.689578] RAPL PMU: hw unit of domain pp0-core 2^-14 Joules
[   10.689580] RAPL PMU: hw unit of domain package 2^-14 Joules
[   10.689582] RAPL PMU: hw unit of domain dram 2^-14 Joules
[   10.689583] RAPL PMU: hw unit of domain pp1-gpu 2^-14 Joules
[   10.689585] RAPL PMU: hw unit of domain psys 2^-14 Joules
[   10.730580] snd_hda_intel 0000:00:1f.3: bound 0000:00:02.0 (ops i915_audio_component_bind_ops [i915])
[   10.836509] snd_hda_codec_realtek hdaudioC0D0: autoconfig for ALC293: line_outs=1 (0x14/0x0/0x0/0x0/0x0) type:speaker
[   10.836518] snd_hda_codec_realtek hdaudioC0D0:    speaker_outs=0 (0x0/0x0/0x0/0x0/0x0)
[   10.836522] snd_hda_codec_realtek hdaudioC0D0:    hp_outs=2 (0x16/0x15/0x0/0x0/0x0)
[   10.836525] snd_hda_codec_realtek hdaudioC0D0:    mono: mono_out=0x0
[   10.836528] snd_hda_codec_realtek hdaudioC0D0:    inputs:
[   10.836530] snd_hda_codec_realtek hdaudioC0D0:      Dock Mic=0x19
[   10.836533] snd_hda_codec_realtek hdaudioC0D0:      Mic=0x1a
[   10.836535] snd_hda_codec_realtek hdaudioC0D0:      Internal Mic=0x12
[   10.928041] Intel(R) Wireless WiFi driver for Linux
[   10.928988] input: HDA Intel PCH Dock Mic as /devices/pci0000:00/0000:00:1f.3/sound/card0/input14
[   10.929060] input: HDA Intel PCH Mic as /devices/pci0000:00/0000:00:1f.3/sound/card0/input15
[   10.929123] input: HDA Intel PCH Dock Headphone as /devices/pci0000:00/0000:00:1f.3/sound/card0/input16
[   10.929185] input: HDA Intel PCH Headphone as /devices/pci0000:00/0000:00:1f.3/sound/card0/input17
[   10.939284] input: HDA Intel PCH HDMI/DP,pcm=3 as /devices/pci0000:00/0000:00:1f.3/sound/card0/input18
[   10.939589] input: HDA Intel PCH HDMI/DP,pcm=7 as /devices/pci0000:00/0000:00:1f.3/sound/card0/input19
[   10.940154] input: HDA Intel PCH HDMI/DP,pcm=8 as /devices/pci0000:00/0000:00:1f.3/sound/card0/input20
[   11.002384] iwlwifi 0000:04:00.0: Detected crf-id 0xbadcafe, cnv-id 0x3000000 wfpm id 0x80000000
[   11.002530] iwlwifi 0000:04:00.0: PCI dev 24f3/0130, rev=0x201, rfid=0xd55555d5
[   11.008996] e1000e 0000:00:1f.6 0000:00:1f.6 (uninitialized): registered PHC clock
[   11.119117] e1000e 0000:00:1f.6 eth0: (PCI Express:2.5GT/s:Width x1) 50:7b:9d:e8:8f:92
[   11.119126] e1000e 0000:00:1f.6 eth0: Intel(R) PRO/1000 Network Connection
[   11.119187] e1000e 0000:00:1f.6 eth0: MAC: 12, PHY: 12, PBA No: 1000FF-0FF
[   11.228507] iwlwifi 0000:04:00.0: loaded firmware version 36.ca7b901d.0 8000C-36.ucode op_mode iwlmvm
[   11.603760] usb 1-8: Found UVC 1.00 device Integrated Camera (04f2:b52c)
[   11.629455] usbcore: registered new interface driver uvcvideo
[   11.799887] intel_tcc_cooling: Programmable TCC Offset detected
[   11.870868] Bluetooth: hci0: Waiting for firmware download to complete
[   11.871477] Bluetooth: hci0: Firmware loaded in 1605391 usecs
[   11.871531] Bluetooth: hci0: Waiting for device to boot
[   11.887497] Bluetooth: hci0: Device booted in 15616 usecs
[   11.887588] Bluetooth: hci0: Malformed MSFT vendor event: 0x02
[   11.929317] iwlwifi 0000:04:00.0: Detected Intel(R) Dual Band Wireless AC 8260, REV=0x201
[   11.929594] thermal thermal_zone3: failed to read out thermal zone (-61)
[   11.947192] Bluetooth: hci0: Found Intel DDC parameters: intel/ibt-11-5.ddc
[   11.950495] Bluetooth: hci0: Applying Intel DDC parameters completed
[   11.951512] Bluetooth: hci0: Firmware revision 0.0 build 14 week 44 2021
[   11.953501] Bluetooth: hci0: Reading supported features failed (-16)
[   11.953508] Bluetooth: hci0: Error reading debug features
[   11.953512] Bluetooth: hci0: HCI LE Coded PHY feature bit is set, but its usage is not supported.
[   11.972698] Bluetooth: hci0: Opcode 0x0c14 failed: -71
[   11.972723] usb 1-7: USB disconnect, device number 3
[   12.018102] iwlwifi 0000:04:00.0: base HW address: 44:85:00:53:0f:e3, OTP minor version: 0x0
[   12.039778] ee1004 6-0051: 512 byte EE1004-compliant SPD EEPROM, read-only
[   12.051812] iTCO_vendor_support: vendor-support=0
[   12.093400] ieee80211 phy0: Selected rate control algorithm 'iwl-mvm-rs'
[   12.190445] intel_pmc_core intel_pmc_core.0:  initialized
[   12.213869] iTCO_wdt iTCO_wdt: Found a Intel PCH TCO device (Version=4, TCOBASE=0x0400)
[   12.217629] iTCO_wdt iTCO_wdt: initialized. heartbeat=30 sec (nowayout=0)
[   12.372573] NET: Registered PF_QIPCRTR protocol family
[   12.595666] Bluetooth: BNEP (Ethernet Emulation) ver 1.3
[   12.595672] Bluetooth: BNEP filters: protocol multicast
[   12.595678] Bluetooth: BNEP socket layer initialized
[   13.014013] e1000e 0000:00:1f.6 enp0s31f6: renamed from eth0
[   14.258967] systemd-journald[498]: /var/log/journal/199291c870e94baaab647f34230ca11a/user-1000.journal: Journal file uses a different sequence number ID, rotating.
[   14.456811] iwlwifi 0000:04:00.0 wlp4s0: renamed from wlan0
[   14.804845] intel_rapl_common: Found RAPL domain package
[   14.804852] intel_rapl_common: Found RAPL domain core
[   14.804854] intel_rapl_common: Found RAPL domain uncore
[   14.804856] intel_rapl_common: Found RAPL domain dram
[   14.804858] intel_rapl_common: Found RAPL domain psys
[   14.922677] e1000e 0000:00:1f.6 enp0s31f6: NIC Link is Up 100 Mbps Full Duplex, Flow Control: Rx/Tx
[   22.272473] rfkill: input handler disabled
[   25.232621] input: input-remapper keyboard as /devices/virtual/input/input21
[   25.524876] input: input-remapper Razer Razer DeathAdder Essential forwarded as /devices/virtual/input/input22
[   46.699336] rfkill: input handler enabled
[   59.355029] rfkill: input handler disabled
[   62.107316] input: input-remapper Razer Razer DeathAdder Essential forwarded as /devices/virtual/input/input23
[   84.531177] rfkill: input handler enabled
[   93.399057] rfkill: input handler disabled
[   96.069930] input: input-remapper Razer Razer DeathAdder Essential forwarded as /devices/virtual/input/input24
